Component: ARM Compiler 5.06 update 1 (build 61) Tool: armlink [4d35a8]

==============================================================================

Section Cross References

    main.o(i.Load_Drow_Dialog) refers to lcd.o(i.LCD_Clear) for LCD_Clear
    main.o(i.Load_Drow_Dialog) refers to lcd.o(i.LCD_ShowString) for LCD_ShowString
    main.o(i.Load_Drow_Dialog) refers to lcd.o(.data) for POINT_COLOR
    main.o(i.Load_Drow_Dialog) refers to lcd.o(.bss) for lcddev
    main.o(i.ctp_test) refers to main.o(i.lcd_draw_bline) for lcd_draw_bline
    main.o(i.ctp_test) refers to main.o(i.Load_Drow_Dialog) for Load_Drow_Dialog
    main.o(i.ctp_test) refers to delay.o(i.delay_ms) for delay_ms
    main.o(i.ctp_test) refers to touch.o(.data) for tp_dev
    main.o(i.ctp_test) refers to lcd.o(.bss) for lcddev
    main.o(i.ctp_test) refers to main.o(.constdata) for POINT_COLOR_TBL
    main.o(i.gui_draw_hline) refers to lcd.o(i.LCD_Fill) for LCD_Fill
    main.o(i.gui_fill_circle) refers to main.o(i.gui_draw_hline) for gui_draw_hline
    main.o(i.lcd_draw_bline) refers to main.o(i.gui_fill_circle) for gui_fill_circle
    main.o(i.main) refers to delay.o(i.delay_init) for delay_init
    main.o(i.main) refers to misc.o(i.NVIC_PriorityGroupConfig) for NVIC_PriorityGroupConfig
    main.o(i.main) refers to usart.o(i.uart_init) for uart_init
    main.o(i.main) refers to led.o(i.LED_Init) for LED_Init
    main.o(i.main) refers to lcd.o(i.LCD_Init) for LCD_Init
    main.o(i.main) refers to key.o(i.KEY_Init) for KEY_Init
    main.o(i.main) refers to mpu6050.o(i.MpuInit) for MpuInit
    main.o(i.main) refers to mpu6050.o(i.MpuGetData) for MpuGetData
    main.o(i.main) refers to lcd.o(i.LCD_ShowString) for LCD_ShowString
    main.o(i.main) refers to lcd.o(i.LCD_ShowNum) for LCD_ShowNum
    main.o(i.main) refers to delay.o(i.delay_ms) for delay_ms
    main.o(i.main) refers to mpu6050.o(.data) for gyroStruct
    main.o(i.main) refers to lcd.o(.data) for POINT_COLOR
    main.o(i.rtp_test) refers to key.o(i.KEY_Scan) for KEY_Scan
    main.o(i.rtp_test) refers to main.o(i.Load_Drow_Dialog) for Load_Drow_Dialog
    main.o(i.rtp_test) refers to touch.o(i.TP_Draw_Big_Point) for TP_Draw_Big_Point
    main.o(i.rtp_test) refers to delay.o(i.delay_ms) for delay_ms
    main.o(i.rtp_test) refers to lcd.o(i.LCD_Clear) for LCD_Clear
    main.o(i.rtp_test) refers to touch.o(i.TP_Adjust) for TP_Adjust
    main.o(i.rtp_test) refers to touch.o(i.TP_Save_Adjdata) for TP_Save_Adjdata
    main.o(i.rtp_test) refers to touch.o(.data) for tp_dev
    main.o(i.rtp_test) refers to lcd.o(.bss) for lcddev
    system_stm32f10x.o(i.SetSysClock) refers to system_stm32f10x.o(i.SetSysClockTo72) for SetSysClockTo72
    system_stm32f10x.o(i.SystemCoreClockUpdate) refers to system_stm32f10x.o(.data) for SystemCoreClock
    system_stm32f10x.o(i.SystemInit) refers to system_stm32f10x.o(i.SetSysClock) for SetSysClock
    led.o(i.LED_Init) refers to stm32f10x_rcc.o(i.RCC_APB2PeriphClockCmd) for RCC_APB2PeriphClockCmd
    led.o(i.LED_Init) refers to stm32f10x_gpio.o(i.GPIO_Init) for GPIO_Init
    led.o(i.LED_Init) refers to stm32f10x_gpio.o(i.GPIO_SetBits) for GPIO_SetBits
    lcd.o(i.LCD_Clear) refers to lcd.o(i.LCD_SetCursor) for LCD_SetCursor
    lcd.o(i.LCD_Clear) refers to lcd.o(i.LCD_WriteRAM_Prepare) for LCD_WriteRAM_Prepare
    lcd.o(i.LCD_Clear) refers to lcd.o(.bss) for lcddev
    lcd.o(i.LCD_Color_Fill) refers to lcd.o(i.LCD_SetCursor) for LCD_SetCursor
    lcd.o(i.LCD_Color_Fill) refers to lcd.o(i.LCD_WriteRAM_Prepare) for LCD_WriteRAM_Prepare
    lcd.o(i.LCD_DisplayOff) refers to lcd.o(i.LCD_WR_REG) for LCD_WR_REG
    lcd.o(i.LCD_DisplayOff) refers to lcd.o(i.LCD_WriteReg) for LCD_WriteReg
    lcd.o(i.LCD_DisplayOff) refers to lcd.o(.bss) for lcddev
    lcd.o(i.LCD_DisplayOn) refers to lcd.o(i.LCD_WR_REG) for LCD_WR_REG
    lcd.o(i.LCD_DisplayOn) refers to lcd.o(i.LCD_WriteReg) for LCD_WriteReg
    lcd.o(i.LCD_DisplayOn) refers to lcd.o(.bss) for lcddev
    lcd.o(i.LCD_Display_Dir) refers to lcd.o(i.LCD_Scan_Dir) for LCD_Scan_Dir
    lcd.o(i.LCD_Display_Dir) refers to lcd.o(.bss) for lcddev
    lcd.o(i.LCD_DrawLine) refers to lcd.o(i.LCD_DrawPoint) for LCD_DrawPoint
    lcd.o(i.LCD_DrawPoint) refers to lcd.o(i.LCD_SetCursor) for LCD_SetCursor
    lcd.o(i.LCD_DrawPoint) refers to lcd.o(i.LCD_WriteRAM_Prepare) for LCD_WriteRAM_Prepare
    lcd.o(i.LCD_DrawPoint) refers to lcd.o(.data) for POINT_COLOR
    lcd.o(i.LCD_DrawRectangle) refers to lcd.o(i.LCD_DrawLine) for LCD_DrawLine
    lcd.o(i.LCD_Draw_Circle) refers to lcd.o(i.LCD_DrawPoint) for LCD_DrawPoint
    lcd.o(i.LCD_Fast_DrawPoint) refers to lcd.o(i.LCD_WR_REG) for LCD_WR_REG
    lcd.o(i.LCD_Fast_DrawPoint) refers to lcd.o(i.LCD_WriteReg) for LCD_WriteReg
    lcd.o(i.LCD_Fast_DrawPoint) refers to lcd.o(.bss) for lcddev
    lcd.o(i.LCD_Fill) refers to lcd.o(i.LCD_SetCursor) for LCD_SetCursor
    lcd.o(i.LCD_Fill) refers to lcd.o(i.LCD_WriteRAM_Prepare) for LCD_WriteRAM_Prepare
[...]
    Removing stm32f10x_i2c.o(i.I2C_StructInit), (30 bytes).
    Removing stm32f10x_i2c.o(i.I2C_TransmitPEC), (24 bytes).

195 unused section(s) (total 15325 bytes) removed from the image.

==============================================================================

Image Symbol Table

    Local Symbols

    Symbol Name                              Value     Ov Type        Size  Object(Section)

    ../clib/angel/boardlib.s                 0x00000000   Number         0  boardshut.o ABSOLUTE
    ../clib/angel/boardlib.s                 0x00000000   Number         0  boardinit3.o ABSOLUTE
    ../clib/angel/boardlib.s                 0x00000000   Number         0  boardinit1.o ABSOLUTE
    ../clib/angel/boardlib.s                 0x00000000   Number         0  boardinit2.o ABSOLUTE
    ../clib/angel/handlers.s                 0x00000000   Number         0  __scatter_zi.o ABSOLUTE
    ../clib/angel/handlers.s                 0x00000000   Number         0  __scatter_copy.o ABSOLUTE
    ../clib/angel/kernel.s                   0x00000000   Number         0  __rtentry.o ABSOLUTE
    ../clib/angel/kernel.s                   0x00000000   Number         0  rtexit2.o ABSOLUTE
    ../clib/angel/kernel.s                   0x00000000   Number         0  __rtentry2.o ABSOLUTE
    ../clib/angel/kernel.s                   0x00000000   Number         0  __rtentry4.o ABSOLUTE
    ../clib/angel/kernel.s                   0x00000000   Number         0  rtexit.o ABSOLUTE
    ../clib/angel/rt.s                       0x00000000   Number         0  rt_locale.o ABSOLUTE
    ../clib/angel/rt.s                       0x00000000   Number         0  rt_locale_intlibspace.o ABSOLUTE
    ../clib/angel/rt.s                       0x00000000   Number         0  rt_errno_addr.o ABSOLUTE
    ../clib/angel/rt.s                       0x00000000   Number         0  rt_errno_addr_intlibspace.o ABSOLUTE
    ../clib/angel/rt.s                       0x00000000   Number         0  rt_raise.o ABSOLUTE
    ../clib/angel/scatter.s                  0x00000000   Number         0  __scatter.o ABSOLUTE
    ../clib/angel/startup.s                  0x00000000   Number         0  __main.o ABSOLUTE
    ../clib/angel/sys.s                      0x00000000   Number         0  use_no_semi.o ABSOLUTE
    ../clib/angel/sys.s                      0x00000000   Number         0  use_no_semi_2.o ABSOLUTE
    ../clib/angel/sys.s                      0x00000000   Number         0  indicate_semi.o ABSOLUTE
    ../clib/angel/sys.s                      0x00000000   Number         0  libspace.o ABSOLUTE
    ../clib/angel/sys.s                      0x00000000   Number         0  sys_stackheap_outer.o ABSOLUTE
    ../clib/angel/sysapp.c                   0x00000000   Number         0  sys_wrch.o ABSOLUTE
    ../clib/angel/sysapp.c                   0x00000000   Number         0  sys_command.o ABSOLUTE
    ../clib/armsys.c                         0x00000000   Number         0  argv_veneer.o ABSOLUTE
    ../clib/armsys.c                         0x00000000   Number         0  _get_argv_nomalloc.o ABSOLUTE
    ../clib/armsys.c                         0x00000000   Number         0  no_argv.o ABSOLUTE
    ../clib/armsys.c                         0x00000000   Number         0  argv_veneer.o ABSOLUTE
    ../clib/bigflt.c                         0x00000000   Number         0  bigflt0.o ABSOLUTE
    ../clib/btod.s                           0x00000000   Number         0  btod.o ABSOLUTE
    ../clib/fenv.c                           0x00000000   Number         0  _rserrno.o ABSOLUTE
    ../clib/heapalloc.c                      0x00000000   Number         0  hrguard.o ABSOLUTE
    ../clib/heapaux.c                        0x00000000   Number         0  heapauxi.o ABSOLUTE
    ../clib/libinit.s                        0x00000000   Number         0  libinit.o ABSOLUTE
    ../clib/libinit.s                        0x00000000   Number         0  libshutdown2.o ABSOLUTE
    ../clib/libinit.s                        0x00000000   Number         0  libinit2.o ABSOLUTE
    ../clib/libinit.s                        0x00000000   Number         0  libshutdown.o ABSOLUTE
    ../clib/locale.s                         0x00000000   Number         0  lc_numeric_c.o ABSOLUTE
    ../clib/longlong.s                       0x00000000   Number         0  lludiv10.o ABSOLUTE
    ../clib/memcpset.s                       0x00000000   Number         0  strcmpv7m.o ABSOLUTE
    ../clib/misc.s                           0x00000000   Number         0  printf_stubs.o ABSOLUTE
    ../clib/printf.c                         0x00000000   Number         0  _printf_hex_ll_ptr.o ABSOLUTE
    ../clib/printf.c                         0x00000000   Number         0  _printf_hex_int_ll_ptr.o ABSOLUTE
    ../clib/printf.c                         0x00000000   Number         0  __printf_ss_wp.o ABSOLUTE
    ../clib/printf.c                         0x00000000   Number         0  __printf_flags_ss_wp.o ABSOLUTE
    ../clib/printf.c                         0x00000000   Number         0  __printf_flags.o ABSOLUTE
    ../clib/printf.c                         0x00000000   Number         0  __printf_ss.o ABSOLUTE
    ../clib/printf.c                         0x00000000   Number         0  __printf_flags_ss.o ABSOLUTE
    ../clib/printf.c                         0x00000000   Number         0  __printf_wp.o ABSOLUTE
    ../clib/printf.c                         0x00000000   Number         0  __printf_flags_wp.o ABSOLUTE
    ../clib/printf.c                         0x00000000   Number         0  _printf_dec.o ABSOLUTE
    ../clib/printf.c                         0x00000000   Number         0  __printf_nopercent.o ABSOLUTE
    ../clib/printf.c                         0x00000000   Number         0  _printf_fp_infnan.o ABSOLUTE
    ../clib/printf.c                         0x00000000   Number         0  _printf_char_common.o ABSOLUTE
    ../clib/printf.c                         0x00000000   Number         0  __2printf.o ABSOLUTE
    ../clib/printf.c                         0x00000000   Number         0  noretval__2printf.o ABSOLUTE
    ../clib/printf.c                         0x00000000   Number         0  __printf.o ABSOLUTE
    ../clib/printf.c                         0x00000000   Number         0  _printf_str.o ABSOLUTE
    ../clib/printf.c                         0x00000000   Number         0  _printf_char_file.o ABSOLUTE
    ../clib/printf.c                         0x00000000   Number         0  _printf_hex_ll.o ABSOLUTE
    ../clib/printf.c                         0x00000000   Number         0  _printf_hex_int.o ABSOLUTE
    ../clib/printf.c                         0x00000000   Number         0  _printf_char.o ABSOLUTE
    ../clib/printf.c                         0x00000000   Number         0  _printf_fp_dec.o ABSOLUTE
    ../clib/printf.c                         0x00000000   Number         0  _printf_intcommon.o ABSOLUTE
    ../clib/printf.c                         0x00000000   Number         0  _printf_hex_int_ll.o ABSOLUTE
    ../clib/printf.c                         0x00000000   Number         0  _printf_hex_ptr.o ABSOLUTE
    ../clib/printf.c                         0x00000000   Number         0  _printf_hex_int_ptr.o ABSOLUTE
    ../clib/printf_percent.s                 0x00000000   Number         0  _printf_percent_end.o ABSOLUTE
    ../clib/printf_percent.s                 0x00000000   Number         0  _printf_d.o ABSOLUTE
    ../clib/printf_percent.s                 0x00000000   Number         0  _printf_s.o ABSOLUTE
    ../clib/printf_percent.s                 0x00000000   Number         0  _printf_f.o ABSOLUTE
    ../clib/printf_percent.s                 0x00000000   Number         0  _printf_x.o ABSOLUTE
    ../clib/printf_percent.s                 0x00000000   Number         0  _printf_percent.o ABSOLUTE
    ../clib/signal.c                         0x00000000   Number         0  defsig_rtmem_formal.o ABSOLUTE
    ../clib/signal.c                         0x00000000   Number         0  defsig_stak_inner.o ABSOLUTE
    ../clib/signal.c                         0x00000000   Number         0  defsig_rtred_inner.o ABSOLUTE
    ../clib/signal.c                         0x00000000   Number         0  defsig_fpe_inner.o ABSOLUTE
    ../clib/signal.c                         0x00000000   Number         0  defsig_rtmem_outer.o ABSOLUTE
    ../clib/signal.c                         0x00000000   Number         0  defsig_pvfn_inner.o ABSOLUTE
    ../clib/signal.c                         0x00000000   Number         0  __raise.o ABSOLUTE
    ../clib/signal.c                         0x00000000   Number         0  defsig_abrt_inner.o ABSOLUTE
    ../clib/signal.c                         0x00000000   Number         0  defsig_other.o ABSOLUTE
    ../clib/signal.c                         0x00000000   Number         0  defsig_rtmem_inner.o ABSOLUTE
    ../clib/signal.c                         0x00000000   Number         0  defsig_cppl_inner.o ABSOLUTE
    ../clib/signal.c                         0x00000000   Number         0  defsig_general.o ABSOLUTE
    ../clib/signal.c                         0x00000000   Number         0  defsig_exit.o ABSOLUTE
    ../clib/signal.c                         0x00000000   Number         0  defsig_segv_inner.o ABSOLUTE
    ../clib/signal.s                         0x00000000   Number         0  defsig.o ABSOLUTE
    ../clib/stdio.c                          0x00000000   Number         0  ferror_locked.o ABSOLUTE
    ../clib/stdio.c                          0x00000000   Number         0  ferror.o ABSOLUTE
    ../clib/stdlib.c                         0x00000000   Number         0  exit.o ABSOLUTE
    ../fplib/daddsub.s                       0x00000000   Number         0  daddsub_clz.o ABSOLUTE
    ../fplib/dcmpi.s                         0x00000000   Number         0  dcmpi.o ABSOLUTE
    ../fplib/ddiv.s                          0x00000000   Number         0  ddiv.o ABSOLUTE
    ../fplib/dfixu.s                         0x00000000   Number         0  dfixu.o ABSOLUTE
    ../fplib/dflt.s                          0x00000000   Number         0  dflt_clz.o ABSOLUTE
    ../fplib/dleqf.s                         0x00000000   Number         0  dleqf.o ABSOLUTE
    ../fplib/dmul.s                          0x00000000   Number         0  dmul.o ABSOLUTE
    ../fplib/dnaninf.s                       0x00000000   Number         0  dnaninf.o ABSOLUTE
    ../fplib/dretinf.s                       0x00000000   Number         0  dretinf.o ABSOLUTE
    ../fplib/drleqf.s                        0x00000000   Number         0  drleqf.o ABSOLUTE
    ../fplib/dsqrt.s                         0x00000000   Number         0  dsqrt_noumaal.o ABSOLUTE
    ../fplib/f2d.s                           0x00000000   Number         0  f2d.o ABSOLUTE
    ../fplib/faddsub.s                       0x00000000   Number         0  faddsub_clz.o ABSOLUTE
    ../fplib/fdiv.s                          0x00000000   Number         0  fdiv.o ABSOLUTE
    ../fplib/ffix.s                          0x00000000   Number         0  ffix.o ABSOLUTE
    ../fplib/ffixu.s                         0x00000000   Number         0  ffixu.o ABSOLUTE
    ../fplib/fflt.s                          0x00000000   Number         0  fflt_clz.o ABSOLUTE
    ../fplib/fmul.s                          0x00000000   Number         0  fmul.o ABSOLUTE
    ../fplib/fnaninf.s                       0x00000000   Number         0  fnaninf.o ABSOLUTE
    ../fplib/fpinit.s                        0x00000000   Number         0  fpinit.o ABSOLUTE
    ../fplib/fretinf.s                       0x00000000   Number         0  fretinf.o ABSOLUTE
    ../fplib/istatus.s                       0x00000000   Number         0  istatus.o ABSOLUTE
    ../fplib/printf1.s                       0x00000000   Number         0  printf1.o ABSOLUTE
    ../fplib/usenofp.s                       0x00000000   Number         0  usenofp.o ABSOLUTE
    ../mathlib/fpclassify.c                  0x00000000   Number         0  fpclassify.o ABSOLUTE
    ../mathlib/sqrt.c                        0x00000000   Number         0  sqrt_x.o ABSOLUTE
    ../mathlib/sqrt.c                        0x00000000   Number         0  sqrt.o ABSOLUTE
    ..\CORE\core_cm3.c                       0x00000000   Number         0  core_cm3.o ABSOLUTE
    ..\CORE\startup_stm32f10x_hd.s           0x00000000   Number         0  startup_stm32f10x_hd.o ABSOLUTE
    ..\HARDWARE\24CXX\24cxx.c                0x00000000   Number         0  24cxx.o ABSOLUTE
    ..\HARDWARE\IIC\myiic.c                  0x00000000   Number         0  myiic.o ABSOLUTE
    ..\HARDWARE\KEY\key.c                    0x00000000   Number         0  key.o ABSOLUTE
    ..\HARDWARE\LCD\lcd.c                    0x00000000   Number         0  lcd.o ABSOLUTE
    ..\HARDWARE\LED\led.c                    0x00000000   Number         0  led.o ABSOLUTE
    ..\HARDWARE\TOUCH\ctiic.c                0x00000000   Number         0  ctiic.o ABSOLUTE
    ..\HARDWARE\TOUCH\ft5206.c               0x00000000   Number         0  ft5206.o ABSOLUTE
    ..\HARDWARE\TOUCH\gt9147.c               0x00000000   Number         0  gt9147.o ABSOLUTE
    ..\HARDWARE\TOUCH\ott2001a.c             0x00000000   Number         0  ott2001a.o ABSOLUTE
    ..\HARDWARE\TOUCH\touch.c                0x00000000   Number         0  touch.o ABSOLUTE
    ..\STM32F10x_FWLib\src\misc.c            0x00000000   Number         0  misc.o ABSOLUTE
    ..\STM32F10x_FWLib\src\stm32f10x_gpio.c  0x00000000   Number         0  stm32f10x_gpio.o ABSOLUTE
    ..\STM32F10x_FWLib\src\stm32f10x_rcc.c   0x00000000   Number         0  stm32f10x_rcc.o ABSOLUTE
    ..\STM32F10x_FWLib\src\stm32f10x_usart.c 0x00000000   Number         0  stm32f10x_usart.o ABSOLUTE
    ..\SYSTEM\delay\delay.c                  0x00000000   Number         0  delay.o ABSOLUTE
    ..\SYSTEM\sys\sys.c                      0x00000000   Number         0  sys.o ABSOLUTE
    ..\SYSTEM\usart\usart.c                  0x00000000   Number         0  usart.o ABSOLUTE
    ..\\CORE\\core_cm3.c                     0x00000000   Number         0  core_cm3.o ABSOLUTE
    ..\\SYSTEM\\sys\\sys.c                   0x00000000   Number         0  sys.o ABSOLUTE
    dc.s                                     0x00000000   Number         0  dc.o ABSOLUTE
    main.c                                   0x00000000   Number         0  main.o ABSOLUTE
    mpu6050.c                                0x00000000   Number         0  mpu6050.o ABSOLUTE
    stm32f10x_i2c.c                          0x00000000   Number         0  stm32f10x_i2c.o ABSOLUTE
    stm32f10x_it.c                           0x00000000   Number         0  stm32f10x_it.o ABSOLUTE
    system_stm32f10x.c                       0x00000000   Number         0  system_stm32f10x.o ABSOLUTE
    RESET                                    0x08000000   Section      304  startup_stm32f10x_hd.o(RESET)
    !!!main                                  0x08000130   Section        8  __main.o(!!!main)
    !!!scatter                               0x08000138   Section       52  __scatter.o(!!!scatter)
    !!handler_copy                           0x0800016c   Section       26  __scatter_copy.o(!!handler_copy)
    !!handler_zi                             0x08000188   Section       28  __scatter_zi.o(!!handler_zi)
    .ARM.Collect$$_printf_percent$$00000000  0x080001a4   Section        0  _printf_percent.o(.ARM.Collect$$_printf_percent$$00000000)
    .ARM.Collect$$_printf_percent$$00000003  0x080001a4   Section        6  _printf_f.o(.ARM.Collect$$_printf_percent$$00000003)
    .ARM.Collect$$_printf_percent$$00000009  0x080001aa   Section        6  _printf_d.o(.ARM.Collect$$_printf_percent$$00000009)
    .ARM.Collect$$_printf_percent$$0000000C  0x080001b0   Section        6  _printf_x.o(.ARM.Collect$$_printf_percent$$0000000C)
    .ARM.Collect$$_printf_percent$$00000014  0x080001b6   Section        6  _printf_s.o(.ARM.Collect$$_printf_percent$$00000014)
    .ARM.Collect$$_printf_percent$$00000017  0x080001bc   Section        4  _printf_percent_end.o(.ARM.Collect$$_printf_percent$$00000017)
    .ARM.Collect$$libinit$$00000000          0x080001c0   Section        2  libinit.o(.ARM.Collect$$libinit$$00000000)
    .ARM.Collect$$libinit$$00000002          0x080001c2   Section        0  libinit2.o(.ARM.Collect$$libinit$$00000002)
    .ARM.Collect$$libinit$$00000004          0x080001c2   Section        0  libinit2.o(.ARM.Collect$$libinit$$00000004)
    .ARM.Collect$$libinit$$0000000A          0x080001c2   Section        0  libinit2.o(.ARM.Collect$$libinit$$0000000A)
    .ARM.Collect$$libinit$$0000000C          0x080001c2   Section        0  libinit2.o(.ARM.Collect$$libinit$$0000000C)
    .ARM.Collect$$libinit$$0000000E          0x080001c2   Section        0  libinit2.o(.ARM.Collect$$libinit$$0000000E)
    .ARM.Collect$$libinit$$0000000F          0x080001c2   Section        6  libinit2.o(.ARM.Collect$$libinit$$0000000F)
    .ARM.Collect$$libinit$$00000011          0x080001c8   Section        0  libinit2.o(.ARM.Collect$$libinit$$00000011)
    .ARM.Collect$$libinit$$00000013          0x080001c8   Section        0  libinit2.o(.ARM.Collect$$libinit$$00000013)
    .ARM.Collect$$libinit$$00000015          0x080001c8   Section        0  libinit2.o(.ARM.Collect$$libinit$$00000015)
    .ARM.Collect$$libinit$$00000016          0x080001c8   Section       10  libinit2.o(.ARM.Collect$$libinit$$00000016)
    .ARM.Collect$$libinit$$00000017          0x080001d2   Section        0  libinit2.o(.ARM.Collect$$libinit$$00000017)
    .ARM.Collect$$libinit$$00000019          0x080001d2   Section        0  libinit2.o(.ARM.Collect$$libinit$$00000019)
    .ARM.Collect$$libinit$$0000001B          0x080001d2   Section        0  libinit2.o(.ARM.Collect$$libinit$$0000001B)
    .ARM.Collect$$libinit$$0000001D          0x080001d2   Section        0  libinit2.o(.ARM.Collect$$libinit$$0000001D)
    .ARM.Collect$$libinit$$0000001F          0x080001d2   Section        0  libinit2.o(.ARM.Collect$$libinit$$0000001F)
    .ARM.Collect$$libinit$$00000021          0x080001d2   Section        0  libinit2.o(.ARM.Collect$$libinit$$00000021)
    .ARM.Collect$$libinit$$00000023          0x080001d2   Section        0  libinit2.o(.ARM.Collect$$libinit$$00000023)
    .ARM.Collect$$libinit$$00000025          0x080001d2   Section        0  libinit2.o(.ARM.Collect$$libinit$$00000025)
    .ARM.Collect$$libinit$$0000002C          0x080001d2   Section        0  libinit2.o(.ARM.Collect$$libinit$$0000002C)
    .ARM.Collect$$libinit$$0000002E          0x080001d2   Section        0  libinit2.o(.ARM.Collect$$libinit$$0000002E)
    .ARM.Collect$$libinit$$00000030          0x080001d2   Section        0  libinit2.o(.ARM.Collect$$libinit$$00000030)
    .ARM.Collect$$libinit$$00000032          0x080001d2   Section        0  libinit2.o(.ARM.Collect$$libinit$$00000032)
    .ARM.Collect$$libinit$$00000033          0x080001d2   Section        2  libinit2.o(.ARM.Collect$$libinit$$00000033)
    .ARM.Collect$$libshutdown$$00000000      0x080001d4   Section        2  libshutdown.o(.ARM.Collect$$libshutdown$$00000000)
    .ARM.Collect$$libshutdown$$00000002      0x080001d6   Section        0  libshutdown2.o(.ARM.Collect$$libshutdown$$00000002)
    .ARM.Collect$$libshutdown$$00000004      0x080001d6   Section        0  libshutdown2.o(.ARM.Collect$$libshutdown$$00000004)
    .ARM.Collect$$libshutdown$$00000007      0x080001d6   Section        0  libshutdown2.o(.ARM.Collect$$libshutdown$$00000007)
    .ARM.Collect$$libshutdown$$0000000A      0x080001d6   Section        0  libshutdown2.o(.ARM.Collect$$libshutdown$$0000000A)
    .ARM.Collect$$libshutdown$$0000000C      0x080001d6   Section        0  libshutdown2.o(.ARM.Collect$$libshutdown$$0000000C)
    .ARM.Collect$$libshutdown$$0000000F      0x080001d6   Section        0  libshutdown2.o(.ARM.Collect$$libshutdown$$0000000F)
    .ARM.Collect$$libshutdown$$00000010      0x080001d6   Section        2  libshutdown2.o(.ARM.Collect$$libshutdown$$00000010)
    .ARM.Collect$$rtentry$$00000000          0x080001d8   Section        0  __rtentry.o(.ARM.Collect$$rtentry$$00000000)
    .ARM.Collect$$rtentry$$00000002          0x080001d8   Section        0  __rtentry2.o(.ARM.Collect$$rtentry$$00000002)
    .ARM.Collect$$rtentry$$00000004          0x080001d8   Section        6  __rtentry4.o(.ARM.Collect$$rtentry$$00000004)
    .ARM.Collect$$rtentry$$00000009          0x080001de   Section        0  __rtentry2.o(.ARM.Collect$$rtentry$$00000009)
    .ARM.Collect$$rtentry$$0000000A          0x080001de   Section        4  __rtentry2.o(.ARM.Collect$$rtentry$$0000000A)
    .ARM.Collect$$rtentry$$0000000C          0x080001e2   Section        0  __rtentry2.o(.ARM.Collect$$rtentry$$0000000C)
    .ARM.Collect$$rtentry$$0000000D          0x080001e2   Section        8  __rtentry2.o(.ARM.Collect$$rtentry$$0000000D)
    .ARM.Collect$$rtexit$$00000000           0x080001ea   Section        2  rtexit.o(.ARM.Collect$$rtexit$$00000000)
    .ARM.Collect$$rtexit$$00000002           0x080001ec   Section        0  rtexit2.o(.ARM.Collect$$rtexit$$00000002)
    .ARM.Collect$$rtexit$$00000003           0x080001ec   Section        4  rtexit2.o(.ARM.Collect$$rtexit$$00000003)
    .ARM.Collect$$rtexit$$00000004           0x080001f0   Section        6  rtexit2.o(.ARM.Collect$$rtexit$$00000004)
    .text                                    0x080001f8   Section       64  startup_stm32f10x_hd.o(.text)
    .text                                    0x08000238   Section        2  use_no_semi_2.o(.text)
    .text                                    0x0800023c   Section        0  noretval__2printf.o(.text)
    .text                                    0x08000254   Section        0  _printf_str.o(.text)
    .text                                    0x080002a8   Section        0  _printf_dec.o(.text)
    .text                                    0x08000320   Section        0  _printf_hex_int.o(.text)
    .text                                    0x08000378   Section        0  __printf_flags_wp.o(.text)
    .text                                    0x080004b0   Section      128  strcmpv7m.o(.text)
    .text                                    0x08000530   Section        0  heapauxi.o(.text)
    .text                                    0x08000536   Section        2  use_no_semi.o(.text)
    .text                                    0x08000538   Section        0  _printf_intcommon.o(.text)
    .text                                    0x080005ea   Section        0  _printf_fp_dec.o(.text)
    _fp_digits                               0x080005ed   Thumb Code   428  _printf_fp_dec.o(.text)
    .text                                    0x08000a04   Section        0  _printf_char.o(.text)
    .text                                    0x08000a30   Section        0  _printf_char_file.o(.text)
    .text                                    0x08000a54   Section        8  rt_locale_intlibspace.o(.text)
    .text                                    0x08000a5c   Section      138  lludiv10.o(.text)
    .text                                    0x08000ae8   Section        0  _printf_char_common.o(.text)
    _printf_input_char                       0x08000ae9   Thumb Code    10  _printf_char_common.o(.text)
    .text                                    0x08000b18   Section        0  _printf_fp_infnan.o(.text)
    .text                                    0x08000b98   Section        0  bigflt0.o(.text)
    .text                                    0x08000c74   Section        0  ferror.o(.text)
    .text                                    0x08000c7c   Section        8  libspace.o(.text)
    .text                                    0x08000c84   Section       74  sys_stackheap_outer.o(.text)
    .text                                    0x08000cce   Section        0  exit.o(.text)
    CL$$btod_d2e                             0x08000ce0   Section       62  btod.o(CL$$btod_d2e)
    CL$$btod_d2e_denorm_low                  0x08000d1e   Section       70  btod.o(CL$$btod_d2e_denorm_low)
    CL$$btod_d2e_norm_op1                    0x08000d64   Section       96  btod.o(CL$$btod_d2e_norm_op1)
    CL$$btod_div_common                      0x08000dc4   Section      824  btod.o(CL$$btod_div_common)
    CL$$btod_e2e                             0x080010fc   Section      198  btod.o(CL$$btod_e2e)
    CL$$btod_ediv                            0x080011c2   Section       40  btod.o(CL$$btod_ediv)
    CL$$btod_emul                            0x080011ea   Section       40  btod.o(CL$$btod_emul)
    CL$$btod_mult_common                     0x08001212   Section      580  btod.o(CL$$btod_mult_common)
    i.BusFault_Handler                       0x08001456   Section        0  stm32f10x_it.o(i.BusFault_Handler)
    i.ComReadByte                            0x0800145c   Section        0  mpu6050.o(i.ComReadByte)
    ComReadByte                              0x0800145d   Thumb Code    84  mpu6050.o(i.ComReadByte)
    i.ComSendByte                            0x080014bc   Section        0  mpu6050.o(i.ComSendByte)
    ComSendByte                              0x080014bd   Thumb Code    82  mpu6050.o(i.ComSendByte)
    i.ComSendNoAck                           0x0800151c   Section        0  mpu6050.o(i.ComSendNoAck)
    ComSendNoAck                             0x0800151d   Thumb Code    72  mpu6050.o(i.ComSendNoAck)
    i.ComStart                               0x08001570   Section        0  mpu6050.o(i.ComStart)
    ComStart                                 0x08001571   Thumb Code    64  mpu6050.o(i.ComStart)
    i.ComStop                                0x080015bc   Section        0  mpu6050.o(i.ComStop)
    ComStop                                  0x080015bd   Thumb Code    58  mpu6050.o(i.ComStop)
    i.ComWaitAck                             0x08001604   Section        0  mpu6050.o(i.ComWaitAck)
    ComWaitAck                               0x08001605   Thumb Code   118  mpu6050.o(i.ComWaitAck)
    i.DebugMon_Handler                       0x08001688   Section        0  stm32f10x_it.o(i.DebugMon_Handler)
    i.GPIO_Init                              0x0800168a   Section        0  stm32f10x_gpio.o(i.GPIO_Init)
    i.GPIO_PinRemapConfig                    0x080017a0   Section        0  stm32f10x_gpio.o(i.GPIO_PinRemapConfig)
    i.GPIO_SetBits                           0x08001830   Section        0  stm32f10x_gpio.o(i.GPIO_SetBits)
    i.HardFault_Handler                      0x08001834   Section        0  stm32f10x_it.o(i.HardFault_Handler)
    i.KEY_Init                               0x08001838   Section        0  key.o(i.KEY_Init)
    i.LCD_Clear                              0x08001898   Section        0  lcd.o(i.LCD_Clear)
    i.LCD_Display_Dir                        0x08001920   Section        0  lcd.o(i.LCD_Display_Dir)
    i.LCD_Fast_DrawPoint                     0x08001ae0   Section        0  lcd.o(i.LCD_Fast_DrawPoint)
    i.LCD_Init                               0x08001e44   Section        0  lcd.o(i.LCD_Init)
    i.LCD_Pow                                0x08005a00   Section        0  lcd.o(i.LCD_Pow)
    i.LCD_RD_DATA                            0x08005a18   Section        0  lcd.o(i.LCD_RD_DATA)
    i.LCD_ReadReg                            0x08005a88   Section        0  lcd.o(i.LCD_ReadReg)
    i.LCD_SSD_BackLightSet                   0x08005a98   Section        0  lcd.o(i.LCD_SSD_BackLightSet)
    i.LCD_Scan_Dir                           0x08005b6c   Section        0  lcd.o(i.LCD_Scan_Dir)
    i.LCD_SetCursor                          0x08005fc4   Section        0  lcd.o(i.LCD_SetCursor)
    i.LCD_ShowChar                           0x08006380   Section        0  lcd.o(i.LCD_ShowChar)
    i.LCD_ShowNum                            0x080064a8   Section        0  lcd.o(i.LCD_ShowNum)
    i.LCD_ShowString                         0x0800653c   Section        0  lcd.o(i.LCD_ShowString)
    i.LCD_WR_DATAX                           0x080065a4   Section        0  lcd.o(i.LCD_WR_DATAX)
    i.LCD_WR_REG                             0x080065c8   Section        0  lcd.o(i.LCD_WR_REG)
    i.LCD_WriteRAM_Prepare                   0x080065ec   Section        0  lcd.o(i.LCD_WriteRAM_Prepare)
    i.LCD_WriteReg                           0x080065fc   Section        0  lcd.o(i.LCD_WriteReg)
    i.LED_Init                               0x0800662c   Section        0  led.o(i.LED_Init)
    i.MPU5883IOInit                          0x0800667c   Section        0  mpu6050.o(i.MPU5883IOInit)
    MPU5883IOInit                            0x0800667d   Thumb Code    52  mpu6050.o(i.MPU5883IOInit)
    i.MPUReadReg                             0x080066bc   Section        0  mpu6050.o(i.MPUReadReg)
    i.MPUWriteReg                            0x0800675c   Section        0  mpu6050.o(i.MPUWriteReg)
    i.MemManage_Handler                      0x080067f0   Section        0  stm32f10x_it.o(i.MemManage_Handler)
    i.MpuGetData                             0x080067f4   Section        0  mpu6050.o(i.MpuGetData)
    i.MpuInit                                0x08006914   Section        0  mpu6050.o(i.MpuInit)
    i.MpuReadTwoByte                         0x08006990   Section        0  mpu6050.o(i.MpuReadTwoByte)
    i.NMI_Handler                            0x080069b6   Section        0  stm32f10x_it.o(i.NMI_Handler)
    i.NVIC_Init                              0x080069b8   Section        0  misc.o(i.NVIC_Init)
    i.NVIC_PriorityGroupConfig               0x08006a28   Section        0  misc.o(i.NVIC_PriorityGroupConfig)
    i.PendSV_Handler                         0x08006a3c   Section        0  stm32f10x_it.o(i.PendSV_Handler)
    i.RCC_APB2PeriphClockCmd                 0x08006a40   Section        0  stm32f10x_rcc.o(i.RCC_APB2PeriphClockCmd)
    i.RCC_GetClocksFreq                      0x08006a60   Section        0  stm32f10x_rcc.o(i.RCC_GetClocksFreq)
    i.SVC_Handler                            0x08006b34   Section        0  stm32f10x_it.o(i.SVC_Handler)
    i.SetSysClock                            0x08006b36   Section        0  system_stm32f10x.o(i.SetSysClock)
    SetSysClock                              0x08006b37   Thumb Code     8  system_stm32f10x.o(i.SetSysClock)
    i.SetSysClockTo72                        0x08006b40   Section        0  system_stm32f10x.o(i.SetSysClockTo72)
    SetSysClockTo72                          0x08006b41   Thumb Code   214  system_stm32f10x.o(i.SetSysClockTo72)
    i.SysTick_CLKSourceConfig                0x08006c20   Section        0  misc.o(i.SysTick_CLKSourceConfig)
    i.SysTick_Handler                        0x08006c48   Section        0  stm32f10x_it.o(i.SysTick_Handler)
    i.SystemInit                             0x08006c4c   Section        0  system_stm32f10x.o(i.SystemInit)
    i.USART1_IRQHandler                      0x08006cac   Section        0  usart.o(i.USART1_IRQHandler)
    i.USART_Cmd                              0x08006d34   Section        0  stm32f10x_usart.o(i.USART_Cmd)
    i.USART_GetITStatus                      0x08006d4c   Section        0  stm32f10x_usart.o(i.USART_GetITStatus)
    i.USART_ITConfig                         0x08006da0   Section        0  stm32f10x_usart.o(i.USART_ITConfig)
    i.USART_Init                             0x08006dec   Section        0  stm32f10x_usart.o(i.USART_Init)
    i.USART_ReceiveData                      0x08006ec4   Section        0  stm32f10x_usart.o(i.USART_ReceiveData)
    i.UsageFault_Handler                     0x08006ece   Section        0  stm32f10x_it.o(i.UsageFault_Handler)
    i.__ARM_fpclassify                       0x08006ed2   Section        0  fpclassify.o(i.__ARM_fpclassify)
    i._is_digit                              0x08006efa   Section        0  __printf_wp.o(i._is_digit)
    i._sys_exit                              0x08006f08   Section        0  usart.o(i._sys_exit)
    i.delay_init                             0x08006f10   Section        0  delay.o(i.delay_init)
    i.delay_ms                               0x08006f54   Section        0  delay.o(i.delay_ms)
    i.delay_us                               0x08006fa0   Section        0  delay.o(i.delay_us)
    i.fputc                                  0x08006fec   Section        0  usart.o(i.fputc)
    i.main                                   0x08007008   Section        0  main.o(i.main)
    i.uart_init                              0x0800717c   Section        0  usart.o(i.uart_init)
    locale$$code                             0x0800721c   Section       44  lc_numeric_c.o(locale$$code)
    x$fpl$dadd                               0x08007248   Section      336  daddsub_clz.o(x$fpl$dadd)
    _dadd1                                   0x08007259   Thumb Code     0  daddsub_clz.o(x$fpl$dadd)
    x$fpl$ddiv                               0x08007398   Section      688  ddiv.o(x$fpl$ddiv)
    ddiv_entry                               0x0800739f   Thumb Code     0  ddiv.o(x$fpl$ddiv)
    x$fpl$dfixu                              0x08007648   Section       90  dfixu.o(x$fpl$dfixu)
    x$fpl$dfltu                              0x080076a2   Section       38  dflt_clz.o(x$fpl$dfltu)
    x$fpl$dmul                               0x080076c8   Section      340  dmul.o(x$fpl$dmul)
    x$fpl$dnaninf                            0x0800781c   Section      156  dnaninf.o(x$fpl$dnaninf)
    x$fpl$dretinf                            0x080078b8   Section       12  dretinf.o(x$fpl$dretinf)
    x$fpl$dsub                               0x080078c4   Section      468  daddsub_clz.o(x$fpl$dsub)
    _dsub1                                   0x080078d5   Thumb Code     0  daddsub_clz.o(x$fpl$dsub)
    x$fpl$f2d                                0x08007a98   Section       86  f2d.o(x$fpl$f2d)
    x$fpl$fflt                               0x08007af0   Section       48  fflt_clz.o(x$fpl$fflt)
    x$fpl$fnaninf                            0x08007b20   Section      140  fnaninf.o(x$fpl$fnaninf)
    x$fpl$printf1                            0x08007bac   Section        4  printf1.o(x$fpl$printf1)
    .constdata                               0x08007bb0   Section     6080  lcd.o(.constdata)
    x$fpl$usenofp                            0x08007bb0   Section        0  usenofp.o(x$fpl$usenofp)
    .constdata                               0x08009370   Section       23  mpu6050.o(.constdata)
    __FUNCTION__                             0x08009370   Data          12  mpu6050.o(.constdata)
    __FUNCTION__                             0x0800937c   Data          11  mpu6050.o(.constdata)
    .constdata                               0x08009387   Section       40  _printf_hex_int.o(.constdata)
    uc_hextab                                0x08009387   Data          20  _printf_hex_int.o(.constdata)
    lc_hextab                                0x0800939b   Data          20  _printf_hex_int.o(.constdata)
    .constdata                               0x080093af   Section       17  __printf_flags_wp.o(.constdata)
    maptable                                 0x080093af   Data          17  __printf_flags_wp.o(.constdata)
    .constdata                               0x080093c0   Section      148  bigflt0.o(.constdata)
    tenpwrs_x                                0x080093c0   Data          60  bigflt0.o(.constdata)
    tenpwrs_i                                0x080093fc   Data          64  bigflt0.o(.constdata)
    locale$$data                             0x08009474   Section       28  lc_numeric_c.o(locale$$data)
    __lcnum_c_name                           0x08009478   Data           2  lc_numeric_c.o(locale$$data)
    __lcnum_c_start                          0x08009480   Data           0  lc_numeric_c.o(locale$$data)
    __lcnum_c_point                          0x0800948c   Data           0  lc_numeric_c.o(locale$$data)
    __lcnum_c_thousands                      0x0800948e   Data           0  lc_numeric_c.o(locale$$data)
    __lcnum_c_grouping                       0x0800948f   Data           0  lc_numeric_c.o(locale$$data)
    __lcnum_c_end                            0x08009490   Data           0  lc_numeric_c.o(locale$$data)
    .data                                    0x20000000   Section       20  system_stm32f10x.o(.data)
    .data                                    0x20000014   Section        4  lcd.o(.data)
    .data                                    0x20000018   Section       14  mpu6050.o(.data)
    .data                                    0x20000026   Section        4  delay.o(.data)
    fac_us                                   0x20000026   Data           1  delay.o(.data)
    fac_ms                                   0x20000028   Data           2  delay.o(.data)
    .data                                    0x2000002c   Section        6  usart.o(.data)
    .data                                    0x20000032   Section       20  stm32f10x_rcc.o(.data)
    APBAHBPrescTable                         0x20000032   Data          16  stm32f10x_rcc.o(.data)
    ADCPrescTable                            0x20000042   Data           4  stm32f10x_rcc.o(.data)
    .bss                                     0x20000048   Section       14  lcd.o(.bss)
    .bss                                     0x20000056   Section      200  usart.o(.bss)
    .bss                                     0x20000120   Section       96  libspace.o(.bss)
    HEAP                                     0x20000180   Section      512  startup_stm32f10x_hd.o(HEAP)
    Heap_Mem                                 0x20000180   Data         512  startup_stm32f10x_hd.o(HEAP)
    STACK                                    0x20000380   Section     1024  startup_stm32f10x_hd.o(STACK)
    Stack_Mem                                0x20000380   Data        1024  startup_stm32f10x_hd.o(STACK)
    __initial_sp                             0x20000780   Data           0  startup_stm32f10x_hd.o(STACK)

    Global Symbols

    Symbol Name                              Value     Ov Type        Size  Object(Section)

    BuildAttributes$$THM_ISAv4$P$D$K$B$S$PE$A:L22UL41UL21$X:L11$S22US41US21$IEEE1$IW$USESV6$~STKCKD$USESV7$~SHL$OTIME$ROPI$IEEEJ$EBA8$UX$STANDARDLIB$REQ8$PRES8$EABIv2 0x00000000   Number         0  anon$$obj.o ABSOLUTE
    __ARM_use_no_argv                        0x00000000   Number         0  main.o ABSOLUTE
    _printf_flags                            0x00000000   Number         0  printf_stubs.o ABSOLUTE
    _printf_return_value                     0x00000000   Number         0  printf_stubs.o ABSOLUTE
    _printf_sizespec                         0x00000000   Number         0  printf_stubs.o ABSOLUTE
    _printf_widthprec                        0x00000000   Number         0  printf_stubs.o ABSOLUTE
    __ARM_exceptions_init                     - Undefined Weak Reference
    __alloca_initialize                       - Undefined Weak Reference
    __arm_preinit_                            - Undefined Weak Reference
    __cpp_initialize__aeabi_                  - Undefined Weak Reference
    __cxa_finalize                            - Undefined Weak Reference
    __sigvec_lookup                           - Undefined Weak Reference
    _atexit_init                              - Undefined Weak Reference
    _call_atexit_fns                          - Undefined Weak Reference
    _clock_init                               - Undefined Weak Reference
    _fp_trap_init                             - Undefined Weak Reference
    _fp_trap_shutdown                         - Undefined Weak Reference
    _get_lc_collate                           - Undefined Weak Reference
    _get_lc_ctype                             - Undefined Weak Reference
    _get_lc_monetary                          - Undefined Weak Reference
    _get_lc_time                              - Undefined Weak Reference
    _getenv_init                              - Undefined Weak Reference
    _handle_redirection                       - Undefined Weak Reference
    _init_alloc                               - Undefined Weak Reference
    _init_user_alloc                          - Undefined Weak Reference
    _initio                                   - Undefined Weak Reference
    _mutex_acquire                            - Undefined Weak Reference
    _mutex_release                            - Undefined Weak Reference
    _printf_mbtowc                            - Undefined Weak Reference
    _printf_post_padding                      - Undefined Weak Reference
    _printf_pre_padding                       - Undefined Weak Reference
    _printf_truncate_signed                   - Undefined Weak Reference
    _printf_truncate_unsigned                 - Undefined Weak Reference
    _rand_init                                - Undefined Weak Reference
    _signal_finish                            - Undefined Weak Reference
    _signal_init                              - Undefined Weak Reference
    _terminate_alloc                          - Undefined Weak Reference
    _terminate_user_alloc                     - Undefined Weak Reference
    _terminateio                              - Undefined Weak Reference
    __Vectors_Size                           0x00000130   Number         0  startup_stm32f10x_hd.o ABSOLUTE
    __Vectors                                0x08000000   Data           4  startup_stm32f10x_hd.o(RESET)
    __Vectors_End                            0x08000130   Data           0  startup_stm32f10x_hd.o(RESET)
    __main                                   0x08000131   Thumb Code     8  __main.o(!!!main)
    __scatterload                            0x08000139   Thumb Code     0  __scatter.o(!!!scatter)
    __scatterload_rt2                        0x08000139   Thumb Code    44  __scatter.o(!!!scatter)
    __scatterload_rt2_thumb_only             0x08000139   Thumb Code     0  __scatter.o(!!!scatter)
    __scatterload_null                       0x08000147   Thumb Code     0  __scatter.o(!!!scatter)
    __scatterload_copy                       0x0800016d   Thumb Code    26  __scatter_copy.o(!!handler_copy)
    __scatterload_zeroinit                   0x08000189   Thumb Code    28  __scatter_zi.o(!!handler_zi)
    _printf_f                                0x080001a5   Thumb Code     0  _printf_f.o(.ARM.Collect$$_printf_percent$$00000003)
    _printf_percent                          0x080001a5   Thumb Code     0  _printf_percent.o(.ARM.Collect$$_printf_percent$$00000000)
    _printf_d                                0x080001ab   Thumb Code     0  _printf_d.o(.ARM.Collect$$_printf_percent$$00000009)
    _printf_x                                0x080001b1   Thumb Code     0  _printf_x.o(.ARM.Collect$$_printf_percent$$0000000C)
    _printf_s                                0x080001b7   Thumb Code     0  _printf_s.o(.ARM.Collect$$_printf_percent$$00000014)
    _printf_percent_end                      0x080001bd   Thumb Code     0  _printf_percent_end.o(.ARM.Collect$$_printf_percent$$00000017)
    __rt_lib_init                            0x080001c1   Thumb Code     0  libinit.o(.ARM.Collect$$libinit$$00000000)
    __rt_lib_init_fp_1                       0x080001c3   Thumb Code     0  libinit2.o(.ARM.Collect$$libinit$$00000002)
    __rt_lib_init_heap_1                     0x080001c3   Thumb Code     0  libinit2.o(.ARM.Collect$$libinit$$0000000A)
    __rt_lib_init_lc_common                  0x080001c3   Thumb Code     0  libinit2.o(.ARM.Collect$$libinit$$0000000F)
    __rt_lib_init_preinit_1                  0x080001c3   Thumb Code     0  libinit2.o(.ARM.Collect$$libinit$$00000004)
    __rt_lib_init_rand_1                     0x080001c3   Thumb Code     0  libinit2.o(.ARM.Collect$$libinit$$0000000E)
    __rt_lib_init_user_alloc_1               0x080001c3   Thumb Code     0  libinit2.o(.ARM.Collect$$libinit$$0000000C)
    __rt_lib_init_lc_collate_1               0x080001c9   Thumb Code     0  libinit2.o(.ARM.Collect$$libinit$$00000011)
    __rt_lib_init_lc_ctype_1                 0x080001c9   Thumb Code     0  libinit2.o(.ARM.Collect$$libinit$$00000013)
    __rt_lib_init_lc_monetary_1              0x080001c9   Thumb Code     0  libinit2.o(.ARM.Collect$$libinit$$00000015)
    __rt_lib_init_lc_numeric_2               0x080001c9   Thumb Code     0  libinit2.o(.ARM.Collect$$libinit$$00000016)
    __rt_lib_init_alloca_1                   0x080001d3   Thumb Code     0  libinit2.o(.ARM.Collect$$libinit$$0000002E)
    __rt_lib_init_argv_1                     0x080001d3   Thumb Code     0  libinit2.o(.ARM.Collect$$libinit$$0000002C)
    __rt_lib_init_atexit_1                   0x080001d3   Thumb Code     0  libinit2.o(.ARM.Collect$$libinit$$0000001B)
    __rt_lib_init_clock_1                    0x080001d3   Thumb Code     0  libinit2.o(.ARM.Collect$$libinit$$00000021)
    __rt_lib_init_cpp_1                      0x080001d3   Thumb Code     0  libinit2.o(.ARM.Collect$$libinit$$00000032)
    __rt_lib_init_exceptions_1               0x080001d3   Thumb Code     0  libinit2.o(.ARM.Collect$$libinit$$00000030)
    __rt_lib_init_fp_trap_1                  0x080001d3   Thumb Code     0  libinit2.o(.ARM.Collect$$libinit$$0000001F)
    __rt_lib_init_getenv_1                   0x080001d3   Thumb Code     0  libinit2.o(.ARM.Collect$$libinit$$00000023)
    __rt_lib_init_lc_numeric_1               0x080001d3   Thumb Code     0  libinit2.o(.ARM.Collect$$libinit$$00000017)
    __rt_lib_init_lc_time_1                  0x080001d3   Thumb Code     0  libinit2.o(.ARM.Collect$$libinit$$00000019)
    __rt_lib_init_return                     0x080001d3   Thumb Code     0  libinit2.o(.ARM.Collect$$libinit$$00000033)
    __rt_lib_init_signal_1                   0x080001d3   Thumb Code     0  libinit2.o(.ARM.Collect$$libinit$$0000001D)
    __rt_lib_init_stdio_1                    0x080001d3   Thumb Code     0  libinit2.o(.ARM.Collect$$libinit$$00000025)
    __rt_lib_shutdown                        0x080001d5   Thumb Code     0  libshutdown.o(.ARM.Collect$$libshutdown$$00000000)
    __rt_lib_shutdown_cpp_1                  0x080001d7   Thumb Code     0  libshutdown2.o(.ARM.Collect$$libshutdown$$00000002)
    __rt_lib_shutdown_fp_trap_1              0x080001d7   Thumb Code     0  libshutdown2.o(.ARM.Collect$$libshutdown$$00000007)
    __rt_lib_shutdown_heap_1                 0x080001d7   Thumb Code     0  libshutdown2.o(.ARM.Collect$$libshutdown$$0000000F)
    __rt_lib_shutdown_return                 0x080001d7   Thumb Code     0  libshutdown2.o(.ARM.Collect$$libshutdown$$00000010)
    __rt_lib_shutdown_signal_1               0x080001d7   Thumb Code     0  libshutdown2.o(.ARM.Collect$$libshutdown$$0000000A)
    __rt_lib_shutdown_stdio_1                0x080001d7   Thumb Code     0  libshutdown2.o(.ARM.Collect$$libshutdown$$00000004)
    __rt_lib_shutdown_user_alloc_1           0x080001d7   Thumb Code     0  libshutdown2.o(.ARM.Collect$$libshutdown$$0000000C)
    __rt_entry                               0x080001d9   Thumb Code     0  __rtentry.o(.ARM.Collect$$rtentry$$00000000)
    __rt_entry_presh_1                       0x080001d9   Thumb Code     0  __rtentry2.o(.ARM.Collect$$rtentry$$00000002)
    __rt_entry_sh                            0x080001d9   Thumb Code     0  __rtentry4.o(.ARM.Collect$$rtentry$$00000004)
    __rt_entry_li                            0x080001df   Thumb Code     0  __rtentry2.o(.ARM.Collect$$rtentry$$0000000A)
    __rt_entry_postsh_1                      0x080001df   Thumb Code     0  __rtentry2.o(.ARM.Collect$$rtentry$$00000009)
    __rt_entry_main                          0x080001e3   Thumb Code     0  __rtentry2.o(.ARM.Collect$$rtentry$$0000000D)
    __rt_entry_postli_1                      0x080001e3   Thumb Code     0  __rtentry2.o(.ARM.Collect$$rtentry$$0000000C)
    __rt_exit                                0x080001eb   Thumb Code     0  rtexit.o(.ARM.Collect$$rtexit$$00000000)
    __rt_exit_ls                             0x080001ed   Thumb Code     0  rtexit2.o(.ARM.Collect$$rtexit$$00000003)
    __rt_exit_prels_1                        0x080001ed   Thumb Code     0  rtexit2.o(.ARM.Collect$$rtexit$$00000002)
    __rt_exit_exit                           0x080001f1   Thumb Code     0  rtexit2.o(.ARM.Collect$$rtexit$$00000004)
    Reset_Handler                            0x080001f9   Thumb Code     8  startup_stm32f10x_hd.o(.text)
    ADC1_2_IRQHandler                        0x08000213   Thumb Code     0  startup_stm32f10x_hd.o(.text)
    ADC3_IRQHandler                          0x08000213   Thumb Code     0  startup_stm32f10x_hd.o(.text)
    CAN1_RX1_IRQHandler                      0x08000213   Thumb Code     0  startup_stm32f10x_hd.o(.text)
    CAN1_SCE_IRQHandler                      0x08000213   Thumb Code     0  startup_stm32f10x_hd.o(.text)
    DMA1_Channel1_IRQHandler                 0x08000213   Thumb Code     0  startup_stm32f10x_hd.o(.text)
    DMA1_Channel2_IRQHandler                 0x08000213   Thumb Code     0  startup_stm32f10x_hd.o(.text)
    DMA1_Channel3_IRQHandler                 0x08000213   Thumb Code     0  startup_stm32f10x_hd.o(.text)
    DMA1_Channel4_IRQHandler                 0x08000213   Thumb Code     0  startup_stm32f10x_hd.o(.text)
    DMA1_Channel5_IRQHandler                 0x08000213   Thumb Code     0  startup_stm32f10x_hd.o(.text)
    DMA1_Channel6_IRQHandler                 0x08000213   Thumb Code     0  startup_stm32f10x_hd.o(.text)
    DMA1_Channel7_IRQHandler                 0x08000213   Thumb Code     0  startup_stm32f10x_hd.o(.text)
    DMA2_Channel1_IRQHandler                 0x08000213   Thumb Code     0  startup_stm32f10x_hd.o(.text)
    DMA2_Channel2_IRQHandler                 0x08000213   Thumb Code     0  startup_stm32f10x_hd.o(.text)
    DMA2_Channel3_IRQHandler                 0x08000213   Thumb Code     0  startup_stm32f10x_hd.o(.text)
    DMA2_Channel4_5_IRQHandler               0x08000213   Thumb Code     0  startup_stm32f10x_hd.o(.text)
    EXTI0_IRQHandler                         0x08000213   Thumb Code     0  startup_stm32f10x_hd.o(.text)
    EXTI15_10_IRQHandler                     0x08000213   Thumb Code     0  startup_stm32f10x_hd.o(.text)
    EXTI1_IRQHandler                         0x08000213   Thumb Code     0  startup_stm32f10x_hd.o(.text)
    EXTI2_IRQHandler                         0x08000213   Thumb Code     0  startup_stm32f10x_hd.o(.text)
    EXTI3_IRQHandler                         0x08000213   Thumb Code     0  startup_stm32f10x_hd.o(.text)
    EXTI4_IRQHandler                         0x08000213   Thumb Code     0  startup_stm32f10x_hd.o(.text)
    EXTI9_5_IRQHandler                       0x08000213   Thumb Code     0  startup_stm32f10x_hd.o(.text)
    FLASH_IRQHandler                         0x08000213   Thumb Code     0  startup_stm32f10x_hd.o(.text)
    FSMC_IRQHandler                          0x08000213   Thumb Code     0  startup_stm32f10x_hd.o(.text)
    I2C1_ER_IRQHandler                       0x08000213   Thumb Code     0  startup_stm32f10x_hd.o(.text)
    I2C1_EV_IRQHandler                       0x08000213   Thumb Code     0  startup_stm32f10x_hd.o(.text)
    I2C2_ER_IRQHandler                       0x08000213   Thumb Code     0  startup_stm32f10x_hd.o(.text)
    I2C2_EV_IRQHandler                       0x08000213   Thumb Code     0  startup_stm32f10x_hd.o(.text)
    PVD_IRQHandler                           0x08000213   Thumb Code     0  startup_stm32f10x_hd.o(.text)
    RCC_IRQHandler                           0x08000213   Thumb Code     0  startup_stm32f10x_hd.o(.text)
    RTCAlarm_IRQHandler                      0x08000213   Thumb Code     0  startup_stm32f10x_hd.o(.text)
    RTC_IRQHandler                           0x08000213   Thumb Code     0  startup_stm32f10x_hd.o(.text)
    SDIO_IRQHandler                          0x08000213   Thumb Code     0  startup_stm32f10x_hd.o(.text)
    SPI1_IRQHandler                          0x08000213   Thumb Code     0  startup_stm32f10x_hd.o(.text)
    SPI2_IRQHandler                          0x08000213   Thumb Code     0  startup_stm32f10x_hd.o(.text)
    SPI3_IRQHandler                          0x08000213   Thumb Code     0  startup_stm32f10x_hd.o(.text)
    TAMPER_IRQHandler                        0x08000213   Thumb Code     0  startup_stm32f10x_hd.o(.text)
    TIM1_BRK_IRQHandler                      0x08000213   Thumb Code     0  startup_stm32f10x_hd.o(.text)
    TIM1_CC_IRQHandler                       0x08000213   Thumb Code     0  startup_stm32f10x_hd.o(.text)
    TIM1_TRG_COM_IRQHandler                  0x08000213   Thumb Code     0  startup_stm32f10x_hd.o(.text)
    TIM1_UP_IRQHandler                       0x08000213   Thumb Code     0  startup_stm32f10x_hd.o(.text)
    TIM2_IRQHandler                          0x08000213   Thumb Code     0  startup_stm32f10x_hd.o(.text)
    TIM3_IRQHandler                          0x08000213   Thumb Code     0  startup_stm32f10x_hd.o(.text)
    TIM4_IRQHandler                          0x08000213   Thumb Code     0  startup_stm32f10x_hd.o(.text)
    TIM5_IRQHandler                          0x08000213   Thumb Code     0  startup_stm32f10x_hd.o(.text)
    TIM6_IRQHandler                          0x08000213   Thumb Code     0  startup_stm32f10x_hd.o(.text)
    TIM7_IRQHandler                          0x08000213   Thumb Code     0  startup_stm32f10x_hd.o(.text)
    TIM8_BRK_IRQHandler                      0x08000213   Thumb Code     0  startup_stm32f10x_hd.o(.text)
    TIM8_CC_IRQHandler                       0x08000213   Thumb Code     0  startup_stm32f10x_hd.o(.text)
    TIM8_TRG_COM_IRQHandler                  0x08000213   Thumb Code     0  startup_stm32f10x_hd.o(.text)
    TIM8_UP_IRQHandler                       0x08000213   Thumb Code     0  startup_stm32f10x_hd.o(.text)
    UART4_IRQHandler                         0x08000213   Thumb Code     0  startup_stm32f10x_hd.o(.text)
    UART5_IRQHandler                         0x08000213   Thumb Code     0  startup_stm32f10x_hd.o(.text)
    USART2_IRQHandler                        0x08000213   Thumb Code     0  startup_stm32f10x_hd.o(.text)
    USART3_IRQHandler                        0x08000213   Thumb Code     0  startup_stm32f10x_hd.o(.text)
    USBWakeUp_IRQHandler                     0x08000213   Thumb Code     0  startup_stm32f10x_hd.o(.text)
    USB_HP_CAN1_TX_IRQHandler                0x08000213   Thumb Code     0  startup_stm32f10x_hd.o(.text)
    USB_LP_CAN1_RX0_IRQHandler               0x08000213   Thumb Code     0  startup_stm32f10x_hd.o(.text)
    WWDG_IRQHandler                          0x08000213   Thumb Code     0  startup_stm32f10x_hd.o(.text)
    __user_initial_stackheap                 0x08000215   Thumb Code     0  startup_stm32f10x_hd.o(.text)
    __use_no_semihosting                     0x08000239   Thumb Code     2  use_no_semi_2.o(.text)
    __2printf                                0x0800023d   Thumb Code    20  noretval__2printf.o(.text)
    _printf_str                              0x08000255   Thumb Code    82  _printf_str.o(.text)
    _printf_int_dec                          0x080002a9   Thumb Code   104  _printf_dec.o(.text)
    _printf_int_hex                          0x08000321   Thumb Code    84  _printf_hex_int.o(.text)
    _printf_longlong_hex                     0x08000321   Thumb Code     0  _printf_hex_int.o(.text)
    __printf                                 0x08000379   Thumb Code   308  __printf_flags_wp.o(.text)
    strcmp                                   0x080004b1   Thumb Code   128  strcmpv7m.o(.text)
    __use_two_region_memory                  0x08000531   Thumb Code     2  heapauxi.o(.text)
    __rt_heap_escrow$2region                 0x08000533   Thumb Code     2  heapauxi.o(.text)
    __rt_heap_expand$2region                 0x08000535   Thumb Code     2  heapauxi.o(.text)
    __I$use$semihosting                      0x08000537   Thumb Code     0  use_no_semi.o(.text)
    __use_no_semihosting_swi                 0x08000537   Thumb Code     2  use_no_semi.o(.text)
    _printf_int_common                       0x08000539   Thumb Code   178  _printf_intcommon.o(.text)
    __lib_sel_fp_printf                      0x080005eb   Thumb Code     2  _printf_fp_dec.o(.text)
    _printf_fp_dec_real                      0x08000799   Thumb Code   620  _printf_fp_dec.o(.text)
    _printf_cs_common                        0x08000a05   Thumb Code    20  _printf_char.o(.text)
    _printf_char                             0x08000a19   Thumb Code    16  _printf_char.o(.text)
    _printf_string                           0x08000a29   Thumb Code     8  _printf_char.o(.text)
    _printf_char_file                        0x08000a31   Thumb Code    32  _printf_char_file.o(.text)
    __rt_locale                              0x08000a55   Thumb Code     8  rt_locale_intlibspace.o(.text)
    _ll_udiv10                               0x08000a5d   Thumb Code   138  lludiv10.o(.text)
    _printf_char_common                      0x08000af3   Thumb Code    32  _printf_char_common.o(.text)
    _printf_fp_infnan                        0x08000b19   Thumb Code   112  _printf_fp_infnan.o(.text)
    _btod_etento                             0x08000b99   Thumb Code   216  bigflt0.o(.text)
    ferror                                   0x08000c75   Thumb Code     8  ferror.o(.text)
    __user_libspace                          0x08000c7d   Thumb Code     8  libspace.o(.text)
    __user_perproc_libspace                  0x08000c7d   Thumb Code     0  libspace.o(.text)
    __user_perthread_libspace                0x08000c7d   Thumb Code     0  libspace.o(.text)
    __user_setup_stackheap                   0x08000c85   Thumb Code    74  sys_stackheap_outer.o(.text)
    exit                                     0x08000ccf   Thumb Code    18  exit.o(.text)
    _btod_d2e                                0x08000ce1   Thumb Code    62  btod.o(CL$$btod_d2e)
    _d2e_denorm_low                          0x08000d1f   Thumb Code    70  btod.o(CL$$btod_d2e_denorm_low)
    _d2e_norm_op1                            0x08000d65   Thumb Code    96  btod.o(CL$$btod_d2e_norm_op1)
    __btod_div_common                        0x08000dc5   Thumb Code   696  btod.o(CL$$btod_div_common)
    _e2e                                     0x080010fd   Thumb Code   198  btod.o(CL$$btod_e2e)
    _btod_ediv                               0x080011c3   Thumb Code    40  btod.o(CL$$btod_ediv)
    _btod_emul                               0x080011eb   Thumb Code    40  btod.o(CL$$btod_emul)
    __btod_mult_common                       0x08001213   Thumb Code   580  btod.o(CL$$btod_mult_common)
    BusFault_Handler                         0x08001457   Thumb Code     4  stm32f10x_it.o(i.BusFault_Handler)
    DebugMon_Handler                         0x08001689   Thumb Code     2  stm32f10x_it.o(i.DebugMon_Handler)
    GPIO_Init                                0x0800168b   Thumb Code   278  stm32f10x_gpio.o(i.GPIO_Init)
    GPIO_PinRemapConfig                      0x080017a1   Thumb Code   138  stm32f10x_gpio.o(i.GPIO_PinRemapConfig)
    GPIO_SetBits                             0x08001831   Thumb Code     4  stm32f10x_gpio.o(i.GPIO_SetBits)
    HardFault_Handler                        0x08001835   Thumb Code     4  stm32f10x_it.o(i.HardFault_Handler)
    KEY_Init                                 0x08001839   Thumb Code    82  key.o(i.KEY_Init)
    LCD_Clear                                0x08001899   Thumb Code   122  lcd.o(i.LCD_Clear)
    LCD_Display_Dir                          0x08001921   Thumb Code   444  lcd.o(i.LCD_Display_Dir)
    LCD_Fast_DrawPoint                       0x08001ae1   Thumb Code   854  lcd.o(i.LCD_Fast_DrawPoint)
    LCD_Init                                 0x08001e45   Thumb Code 15292  lcd.o(i.LCD_Init)
    LCD_Pow                                  0x08005a01   Thumb Code    22  lcd.o(i.LCD_Pow)
    LCD_RD_DATA                              0x08005a19   Thumb Code    98  lcd.o(i.LCD_RD_DATA)
    LCD_ReadReg                              0x08005a89   Thumb Code    16  lcd.o(i.LCD_ReadReg)
    LCD_SSD_BackLightSet                     0x08005a99   Thumb Code   198  lcd.o(i.LCD_SSD_BackLightSet)
    LCD_Scan_Dir                             0x08005b6d   Thumb Code  1112  lcd.o(i.LCD_Scan_Dir)
    LCD_SetCursor                            0x08005fc5   Thumb Code   944  lcd.o(i.LCD_SetCursor)
    LCD_ShowChar                             0x08006381   Thumb Code   272  lcd.o(i.LCD_ShowChar)
    LCD_ShowNum                              0x080064a9   Thumb Code   148  lcd.o(i.LCD_ShowNum)
    LCD_ShowString                           0x0800653d   Thumb Code   102  lcd.o(i.LCD_ShowString)
    LCD_WR_DATAX                             0x080065a5   Thumb Code    28  lcd.o(i.LCD_WR_DATAX)
    LCD_WR_REG                               0x080065c9   Thumb Code    28  lcd.o(i.LCD_WR_REG)
    LCD_WriteRAM_Prepare                     0x080065ed   Thumb Code    12  lcd.o(i.LCD_WriteRAM_Prepare)
    LCD_WriteReg                             0x080065fd   Thumb Code    40  lcd.o(i.LCD_WriteReg)
    LED_Init                                 0x0800662d   Thumb Code    72  led.o(i.LED_Init)
    MPUReadReg                               0x080066bd   Thumb Code   116  mpu6050.o(i.MPUReadReg)
    MPUWriteReg                              0x0800675d   Thumb Code   102  mpu6050.o(i.MPUWriteReg)
    MemManage_Handler                        0x080067f1   Thumb Code     4  stm32f10x_it.o(i.MemManage_Handler)
    MpuGetData                               0x080067f5   Thumb Code   166  mpu6050.o(i.MpuGetData)
    MpuInit                                  0x08006915   Thumb Code   124  mpu6050.o(i.MpuInit)
    MpuReadTwoByte                           0x08006991   Thumb Code    38  mpu6050.o(i.MpuReadTwoByte)
    NMI_Handler                              0x080069b7   Thumb Code     2  stm32f10x_it.o(i.NMI_Handler)
    NVIC_Init                                0x080069b9   Thumb Code   100  misc.o(i.NVIC_Init)
    NVIC_PriorityGroupConfig                 0x08006a29   Thumb Code    10  misc.o(i.NVIC_PriorityGroupConfig)
    PendSV_Handler                           0x08006a3d   Thumb Code     2  stm32f10x_it.o(i.PendSV_Handler)
    RCC_APB2PeriphClockCmd                   0x08006a41   Thumb Code    26  stm32f10x_rcc.o(i.RCC_APB2PeriphClockCmd)
    RCC_GetClocksFreq                        0x08006a61   Thumb Code   192  stm32f10x_rcc.o(i.RCC_GetClocksFreq)
    SVC_Handler                              0x08006b35   Thumb Code     2  stm32f10x_it.o(i.SVC_Handler)
    SysTick_CLKSourceConfig                  0x08006c21   Thumb Code    40  misc.o(i.SysTick_CLKSourceConfig)
    SysTick_Handler                          0x08006c49   Thumb Code     2  stm32f10x_it.o(i.SysTick_Handler)
    SystemInit                               0x08006c4d   Thumb Code    78  system_stm32f10x.o(i.SystemInit)
    USART1_IRQHandler                        0x08006cad   Thumb Code   122  usart.o(i.USART1_IRQHandler)
    USART_Cmd                                0x08006d35   Thumb Code    24  stm32f10x_usart.o(i.USART_Cmd)
    USART_GetITStatus                        0x08006d4d   Thumb Code    84  stm32f10x_usart.o(i.USART_GetITStatus)
    USART_ITConfig                           0x08006da1   Thumb Code    74  stm32f10x_usart.o(i.USART_ITConfig)
    USART_Init                               0x08006ded   Thumb Code   210  stm32f10x_usart.o(i.USART_Init)
    USART_ReceiveData                        0x08006ec5   Thumb Code    10  stm32f10x_usart.o(i.USART_ReceiveData)
    UsageFault_Handler                       0x08006ecf   Thumb Code     4  stm32f10x_it.o(i.UsageFault_Handler)
    __ARM_fpclassify                         0x08006ed3   Thumb Code    40  fpclassify.o(i.__ARM_fpclassify)
    _is_digit                                0x08006efb   Thumb Code    14  __printf_wp.o(i._is_digit)
    _sys_exit                                0x08006f09   Thumb Code     8  usart.o(i._sys_exit)
    delay_init                               0x08006f11   Thumb Code    50  delay.o(i.delay_init)
    delay_ms                                 0x08006f55   Thumb Code    72  delay.o(i.delay_ms)
    delay_us                                 0x08006fa1   Thumb Code    72  delay.o(i.delay_us)
    fputc                                    0x08006fed   Thumb Code    24  usart.o(i.fputc)
    main                                     0x08007009   Thumb Code   344  main.o(i.main)
    uart_init                                0x0800717d   Thumb Code   152  usart.o(i.uart_init)
    _get_lc_numeric                          0x0800721d   Thumb Code    44  lc_numeric_c.o(locale$$code)
    __aeabi_dadd                             0x08007249   Thumb Code     0  daddsub_clz.o(x$fpl$dadd)
    _dadd                                    0x08007249   Thumb Code   332  daddsub_clz.o(x$fpl$dadd)
    __aeabi_ddiv                             0x08007399   Thumb Code     0  ddiv.o(x$fpl$ddiv)
    _ddiv                                    0x08007399   Thumb Code   552  ddiv.o(x$fpl$ddiv)
    __aeabi_d2uiz                            0x08007649   Thumb Code     0  dfixu.o(x$fpl$dfixu)
    _dfixu                                   0x08007649   Thumb Code    90  dfixu.o(x$fpl$dfixu)
    __aeabi_ui2d                             0x080076a3   Thumb Code     0  dflt_clz.o(x$fpl$dfltu)
    _dfltu                                   0x080076a3   Thumb Code    38  dflt_clz.o(x$fpl$dfltu)
    __aeabi_dmul                             0x080076c9   Thumb Code     0  dmul.o(x$fpl$dmul)
    _dmul                                    0x080076c9   Thumb Code   332  dmul.o(x$fpl$dmul)
    __fpl_dnaninf                            0x0800781d   Thumb Code   156  dnaninf.o(x$fpl$dnaninf)
    __fpl_dretinf                            0x080078b9   Thumb Code    12  dretinf.o(x$fpl$dretinf)
    __aeabi_dsub                             0x080078c5   Thumb Code     0  daddsub_clz.o(x$fpl$dsub)
    _dsub                                    0x080078c5   Thumb Code   464  daddsub_clz.o(x$fpl$dsub)
    __aeabi_f2d                              0x08007a99   Thumb Code     0  f2d.o(x$fpl$f2d)
    _f2d                                     0x08007a99   Thumb Code    86  f2d.o(x$fpl$f2d)
    __aeabi_i2f                              0x08007af1   Thumb Code     0  fflt_clz.o(x$fpl$fflt)
    _fflt                                    0x08007af1   Thumb Code    48  fflt_clz.o(x$fpl$fflt)
    __fpl_fnaninf                            0x08007b21   Thumb Code   140  fnaninf.o(x$fpl$fnaninf)
    _printf_fp_dec                           0x08007bad   Thumb Code     4  printf1.o(x$fpl$printf1)
    __I$use$fp                               0x08007bb0   Number         0  usenofp.o(x$fpl$usenofp)
    asc2_1206                                0x08007bb0   Data        1140  lcd.o(.constdata)
    asc2_1608                                0x08008024   Data        1520  lcd.o(.constdata)
    asc2_2412                                0x08008614   Data        3420  lcd.o(.constdata)
    Region$$Table$$Base                      0x08009454   Number         0  anon$$obj.o(Region$$Table)
    Region$$Table$$Limit                     0x08009474   Number         0  anon$$obj.o(Region$$Table)
    SystemCoreClock                          0x20000000   Data           4  system_stm32f10x.o(.data)
    AHBPrescTable                            0x20000004   Data          16  system_stm32f10x.o(.data)
    POINT_COLOR                              0x20000014   Data           2  lcd.o(.data)
    BACK_COLOR                               0x20000016   Data           2  lcd.o(.data)
    accelStruct                              0x20000018   Data           6  mpu6050.o(.data)
    gyroStruct                               0x2000001e   Data           6  mpu6050.o(.data)
    temp                                     0x20000024   Data           2  mpu6050.o(.data)
    __stdout                                 0x2000002c   Data           4  usart.o(.data)
    USART_RX_STA                             0x20000030   Data           2  usart.o(.data)
    lcddev                                   0x20000048   Data          14  lcd.o(.bss)
    USART_RX_BUF                             0x20000056   Data         200  usart.o(.bss)
    __libspace_start                         0x20000120   Data          96  libspace.o(.bss)
    __temporary_stack_top$libspace           0x20000180   Data           0  libspace.o(.bss)



==============================================================================

Memory Map of the image

  Image Entry point : 0x08000131

  Load Region LR_IROM1 (Base: 0x08000000, Size: 0x000094d8, Max: 0x00040000, ABSOLUTE)

    Execution Region ER_IROM1 (Base: 0x08000000, Size: 0x00009490, Max: 0x00040000, ABSOLUTE)

    Base Addr    Size         Type   Attr      Idx    E Section Name        Object

    0x08000000   0x00000130   Data   RO         1068    RESET               startup_stm32f10x_hd.o
    0x08000130   0x00000008   Code   RO         1874  * !!!main             c_w.l(__main.o)
    0x08000138   0x00000034   Code   RO         2171    !!!scatter          c_w.l(__scatter.o)
    0x0800016c   0x0000001a   Code   RO         2173    !!handler_copy      c_w.l(__scatter_copy.o)
    0x08000186   0x00000002   PAD
    0x08000188   0x0000001c   Code   RO         2175    !!handler_zi        c_w.l(__scatter_zi.o)
    0x080001a4   0x00000000   Code   RO         1869    .ARM.Collect$$_printf_percent$$00000000  c_w.l(_printf_percent.o)
    0x080001a4   0x00000006   Code   RO         1868    .ARM.Collect$$_printf_percent$$00000003  c_w.l(_printf_f.o)
    0x080001aa   0x00000006   Code   RO         1867    .ARM.Collect$$_printf_percent$$00000009  c_w.l(_printf_d.o)
    0x080001b0   0x00000006   Code   RO         1866    .ARM.Collect$$_printf_percent$$0000000C  c_w.l(_printf_x.o)
    0x080001b6   0x00000006   Code   RO         1865    .ARM.Collect$$_printf_percent$$00000014  c_w.l(_printf_s.o)
    0x080001bc   0x00000004   Code   RO         1953    .ARM.Collect$$_printf_percent$$00000017  c_w.l(_printf_percent_end.o)
    0x080001c0   0x00000002   Code   RO         2048    .ARM.Collect$$libinit$$00000000  c_w.l(libinit.o)
    0x080001c2   0x00000000   Code   RO         2050    .ARM.Collect$$libinit$$00000002  c_w.l(libinit2.o)
    0x080001c2   0x00000000   Code   RO         2052    .ARM.Collect$$libinit$$00000004  c_w.l(libinit2.o)
    0x080001c2   0x00000000   Code   RO         2055    .ARM.Collect$$libinit$$0000000A  c_w.l(libinit2.o)
    0x080001c2   0x00000000   Code   RO         2057    .ARM.Collect$$libinit$$0000000C  c_w.l(libinit2.o)
    0x080001c2   0x00000000   Code   RO         2059    .ARM.Collect$$libinit$$0000000E  c_w.l(libinit2.o)
    0x080001c2   0x00000006   Code   RO         2060    .ARM.Collect$$libinit$$0000000F  c_w.l(libinit2.o)
    0x080001c8   0x00000000   Code   RO         2062    .ARM.Collect$$libinit$$00000011  c_w.l(libinit2.o)
    0x080001c8   0x00000000   Code   RO         2064    .ARM.Collect$$libinit$$00000013  c_w.l(libinit2.o)
    0x080001c8   0x00000000   Code   RO         2066    .ARM.Collect$$libinit$$00000015  c_w.l(libinit2.o)
    0x080001c8   0x0000000a   Code   RO         2067    .ARM.Collect$$libinit$$00000016  c_w.l(libinit2.o)
    0x080001d2   0x00000000   Code   RO         2068    .ARM.Collect$$libinit$$00000017  c_w.l(libinit2.o)
    0x080001d2   0x00000000   Code   RO         2070    .ARM.Collect$$libinit$$00000019  c_w.l(libinit2.o)
    0x080001d2   0x00000000   Code   RO         2072    .ARM.Collect$$libinit$$0000001B  c_w.l(libinit2.o)
    0x080001d2   0x00000000   Code   RO         2074    .ARM.Collect$$libinit$$0000001D  c_w.l(libinit2.o)
    0x080001d2   0x00000000   Code   RO         2076    .ARM.Collect$$libinit$$0000001F  c_w.l(libinit2.o)
    0x080001d2   0x00000000   Code   RO         2078    .ARM.Collect$$libinit$$00000021  c_w.l(libinit2.o)
    0x080001d2   0x00000000   Code   RO         2080    .ARM.Collect$$libinit$$00000023  c_w.l(libinit2.o)
    0x080001d2   0x00000000   Code   RO         2082    .ARM.Collect$$libinit$$00000025  c_w.l(libinit2.o)
    0x080001d2   0x00000000   Code   RO         2086    .ARM.Collect$$libinit$$0000002C  c_w.l(libinit2.o)
    0x080001d2   0x00000000   Code   RO         2088    .ARM.Collect$$libinit$$0000002E  c_w.l(libinit2.o)
    0x080001d2   0x00000000   Code   RO         2090    .ARM.Collect$$libinit$$00000030  c_w.l(libinit2.o)
    0x080001d2   0x00000000   Code   RO         2092    .ARM.Collect$$libinit$$00000032  c_w.l(libinit2.o)
    0x080001d2   0x00000002   Code   RO         2093    .ARM.Collect$$libinit$$00000033  c_w.l(libinit2.o)
    0x080001d4   0x00000002   Code   RO         2121    .ARM.Collect$$libshutdown$$00000000  c_w.l(libshutdown.o)
    0x080001d6   0x00000000   Code   RO         2130    .ARM.Collect$$libshutdown$$00000002  c_w.l(libshutdown2.o)
    0x080001d6   0x00000000   Code   RO         2132    .ARM.Collect$$libshutdown$$00000004  c_w.l(libshutdown2.o)
    0x080001d6   0x00000000   Code   RO         2135    .ARM.Collect$$libshutdown$$00000007  c_w.l(libshutdown2.o)
    0x080001d6   0x00000000   Code   RO         2138    .ARM.Collect$$libshutdown$$0000000A  c_w.l(libshutdown2.o)
    0x080001d6   0x00000000   Code   RO         2140    .ARM.Collect$$libshutdown$$0000000C  c_w.l(libshutdown2.o)
    0x080001d6   0x00000000   Code   RO         2143    .ARM.Collect$$libshutdown$$0000000F  c_w.l(libshutdown2.o)
    0x080001d6   0x00000002   Code   RO         2144    .ARM.Collect$$libshutdown$$00000010  c_w.l(libshutdown2.o)
    0x080001d8   0x00000000   Code   RO         1942    .ARM.Collect$$rtentry$$00000000  c_w.l(__rtentry.o)
    0x080001d8   0x00000000   Code   RO         1968    .ARM.Collect$$rtentry$$00000002  c_w.l(__rtentry2.o)
    0x080001d8   0x00000006   Code   RO         1980    .ARM.Collect$$rtentry$$00000004  c_w.l(__rtentry4.o)
    0x080001de   0x00000000   Code   RO         1970    .ARM.Collect$$rtentry$$00000009  c_w.l(__rtentry2.o)
    0x080001de   0x00000004   Code   RO         1971    .ARM.Collect$$rtentry$$0000000A  c_w.l(__rtentry2.o)
    0x080001e2   0x00000000   Code   RO         1973    .ARM.Collect$$rtentry$$0000000C  c_w.l(__rtentry2.o)
    0x080001e2   0x00000008   Code   RO         1974    .ARM.Collect$$rtentry$$0000000D  c_w.l(__rtentry2.o)
    0x080001ea   0x00000002   Code   RO         2094    .ARM.Collect$$rtexit$$00000000  c_w.l(rtexit.o)
    0x080001ec   0x00000000   Code   RO         2101    .ARM.Collect$$rtexit$$00000002  c_w.l(rtexit2.o)
    0x080001ec   0x00000004   Code   RO         2102    .ARM.Collect$$rtexit$$00000003  c_w.l(rtexit2.o)
    0x080001f0   0x00000006   Code   RO         2103    .ARM.Collect$$rtexit$$00000004  c_w.l(rtexit2.o)
    0x080001f6   0x00000002   PAD
    0x080001f8   0x00000040   Code   RO         1069    .text               startup_stm32f10x_hd.o
    0x08000238   0x00000002   Code   RO         1812    .text               c_w.l(use_no_semi_2.o)
    0x0800023a   0x00000002   PAD
    0x0800023c   0x00000018   Code   RO         1816    .text               c_w.l(noretval__2printf.o)
    0x08000254   0x00000052   Code   RO         1820    .text               c_w.l(_printf_str.o)
    0x080002a6   0x00000002   PAD
    0x080002a8   0x00000078   Code   RO         1822    .text               c_w.l(_printf_dec.o)
    0x08000320   0x00000058   Code   RO         1827    .text               c_w.l(_printf_hex_int.o)
    0x08000378   0x00000138   Code   RO         1857    .text               c_w.l(__printf_flags_wp.o)
    0x080004b0   0x00000080   Code   RO         1870    .text               c_w.l(strcmpv7m.o)
    0x08000530   0x00000006   Code   RO         1872    .text               c_w.l(heapauxi.o)
    0x08000536   0x00000002   Code   RO         1940    .text               c_w.l(use_no_semi.o)
    0x08000538   0x000000b2   Code   RO         1945    .text               c_w.l(_printf_intcommon.o)
    0x080005ea   0x0000041a   Code   RO         1947    .text               c_w.l(_printf_fp_dec.o)
    0x08000a04   0x0000002c   Code   RO         1949    .text               c_w.l(_printf_char.o)
    0x08000a30   0x00000024   Code   RO         1951    .text               c_w.l(_printf_char_file.o)
    0x08000a54   0x00000008   Code   RO         1985    .text               c_w.l(rt_locale_intlibspace.o)
    0x08000a5c   0x0000008a   Code   RO         1992    .text               c_w.l(lludiv10.o)
    0x08000ae6   0x00000002   PAD
    0x08000ae8   0x00000030   Code   RO         1994    .text               c_w.l(_printf_char_common.o)
    0x08000b18   0x00000080   Code   RO         1996    .text               c_w.l(_printf_fp_infnan.o)
    0x08000b98   0x000000dc   Code   RO         1998    .text               c_w.l(bigflt0.o)
    0x08000c74   0x00000008   Code   RO         2023    .text               c_w.l(ferror.o)
    0x08000c7c   0x00000008   Code   RO         2034    .text               c_w.l(libspace.o)
    0x08000c84   0x0000004a   Code   RO         2037    .text               c_w.l(sys_stackheap_outer.o)
    0x08000cce   0x00000012   Code   RO         2041    .text               c_w.l(exit.o)
    0x08000ce0   0x0000003e   Code   RO         2001    CL$$btod_d2e        c_w.l(btod.o)
    0x08000d1e   0x00000046   Code   RO         2003    CL$$btod_d2e_denorm_low  c_w.l(btod.o)
    0x08000d64   0x00000060   Code   RO         2002    CL$$btod_d2e_norm_op1  c_w.l(btod.o)
    0x08000dc4   0x00000338   Code   RO         2011    CL$$btod_div_common  c_w.l(btod.o)
    0x080010fc   0x000000c6   Code   RO         2008    CL$$btod_e2e        c_w.l(btod.o)
    0x080011c2   0x00000028   Code   RO         2005    CL$$btod_ediv       c_w.l(btod.o)
    0x080011ea   0x00000028   Code   RO         2004    CL$$btod_emul       c_w.l(btod.o)
    0x08001212   0x00000244   Code   RO         2010    CL$$btod_mult_common  c_w.l(btod.o)
    0x08001456   0x00000004   Code   RO          139    i.BusFault_Handler  stm32f10x_it.o
    0x0800145a   0x00000002   PAD
    0x0800145c   0x00000060   Code   RO          878    i.ComReadByte       mpu6050.o
    0x080014bc   0x00000060   Code   RO          879    i.ComSendByte       mpu6050.o
    0x0800151c   0x00000054   Code   RO          880    i.ComSendNoAck      mpu6050.o
    0x08001570   0x0000004c   Code   RO          881    i.ComStart          mpu6050.o
    0x080015bc   0x00000048   Code   RO          882    i.ComStop           mpu6050.o
    0x08001604   0x00000084   Code   RO          883    i.ComWaitAck        mpu6050.o
    0x08001688   0x00000002   Code   RO          140    i.DebugMon_Handler  stm32f10x_it.o
    0x0800168a   0x00000116   Code   RO         1079    i.GPIO_Init         stm32f10x_gpio.o
    0x080017a0   0x00000090   Code   RO         1081    i.GPIO_PinRemapConfig  stm32f10x_gpio.o
    0x08001830   0x00000004   Code   RO         1087    i.GPIO_SetBits      stm32f10x_gpio.o
    0x08001834   0x00000004   Code   RO          141    i.HardFault_Handler  stm32f10x_it.o
    0x08001838   0x00000060   Code   RO          475    i.KEY_Init          key.o
    0x08001898   0x00000088   Code   RO          266    i.LCD_Clear         lcd.o
    0x08001920   0x000001c0   Code   RO          270    i.LCD_Display_Dir   lcd.o
    0x08001ae0   0x00000364   Code   RO          275    i.LCD_Fast_DrawPoint  lcd.o
    0x08001e44   0x00003bbc   Code   RO          277    i.LCD_Init          lcd.o
    0x08005a00   0x00000016   Code   RO          278    i.LCD_Pow           lcd.o
    0x08005a16   0x00000002   PAD
    0x08005a18   0x00000070   Code   RO          279    i.LCD_RD_DATA       lcd.o
    0x08005a88   0x00000010   Code   RO          281    i.LCD_ReadReg       lcd.o
    0x08005a98   0x000000d4   Code   RO          282    i.LCD_SSD_BackLightSet  lcd.o
    0x08005b6c   0x00000458   Code   RO          283    i.LCD_Scan_Dir      lcd.o
    0x08005fc4   0x000003bc   Code   RO          284    i.LCD_SetCursor     lcd.o
    0x08006380   0x00000128   Code   RO          286    i.LCD_ShowChar      lcd.o
    0x080064a8   0x00000094   Code   RO          287    i.LCD_ShowNum       lcd.o
    0x0800653c   0x00000066   Code   RO          288    i.LCD_ShowString    lcd.o
    0x080065a2   0x00000002   PAD
    0x080065a4   0x00000024   Code   RO          290    i.LCD_WR_DATAX      lcd.o
    0x080065c8   0x00000024   Code   RO          291    i.LCD_WR_REG        lcd.o
    0x080065ec   0x00000010   Code   RO          293    i.LCD_WriteRAM_Prepare  lcd.o
    0x080065fc   0x00000030   Code   RO          294    i.LCD_WriteReg      lcd.o
    0x0800662c   0x00000050   Code   RO          253    i.LED_Init          led.o
    0x0800667c   0x00000040   Code   RO          884    i.MPU5883IOInit     mpu6050.o
    0x080066bc   0x000000a0   Code   RO          885    i.MPUReadReg        mpu6050.o
    0x0800675c   0x00000094   Code   RO          886    i.MPUWriteReg       mpu6050.o
    0x080067f0   0x00000004   Code   RO          142    i.MemManage_Handler  stm32f10x_it.o
    0x080067f4   0x00000120   Code   RO          887    i.MpuGetData        mpu6050.o
    0x08006914   0x0000007c   Code   RO          888    i.MpuInit           mpu6050.o
    0x08006990   0x00000026   Code   RO          889    i.MpuReadTwoByte    mpu6050.o
    0x080069b6   0x00000002   Code   RO          143    i.NMI_Handler       stm32f10x_it.o
    0x080069b8   0x00000070   Code   RO         1567    i.NVIC_Init         misc.o
    0x08006a28   0x00000014   Code   RO         1568    i.NVIC_PriorityGroupConfig  misc.o
    0x08006a3c   0x00000002   Code   RO          144    i.PendSV_Handler    stm32f10x_it.o
    0x08006a3e   0x00000002   PAD
    0x08006a40   0x00000020   Code   RO         1191    i.RCC_APB2PeriphClockCmd  stm32f10x_rcc.o
    0x08006a60   0x000000d4   Code   RO         1199    i.RCC_GetClocksFreq  stm32f10x_rcc.o
    0x08006b34   0x00000002   Code   RO          145    i.SVC_Handler       stm32f10x_it.o
    0x08006b36   0x00000008   Code   RO          219    i.SetSysClock       system_stm32f10x.o
    0x08006b3e   0x00000002   PAD
    0x08006b40   0x000000e0   Code   RO          220    i.SetSysClockTo72   system_stm32f10x.o
    0x08006c20   0x00000028   Code   RO         1571    i.SysTick_CLKSourceConfig  misc.o
    0x08006c48   0x00000002   Code   RO          146    i.SysTick_Handler   stm32f10x_it.o
    0x08006c4a   0x00000002   PAD
    0x08006c4c   0x00000060   Code   RO          222    i.SystemInit        system_stm32f10x.o
    0x08006cac   0x00000088   Code   RO         1015    i.USART1_IRQHandler  usart.o
    0x08006d34   0x00000018   Code   RO         1391    i.USART_Cmd         stm32f10x_usart.o
    0x08006d4c   0x00000054   Code   RO         1395    i.USART_GetITStatus  stm32f10x_usart.o
    0x08006da0   0x0000004a   Code   RO         1397    i.USART_ITConfig    stm32f10x_usart.o
    0x08006dea   0x00000002   PAD
    0x08006dec   0x000000d8   Code   RO         1398    i.USART_Init        stm32f10x_usart.o
    0x08006ec4   0x0000000a   Code   RO         1405    i.USART_ReceiveData  stm32f10x_usart.o
    0x08006ece   0x00000004   Code   RO          147    i.UsageFault_Handler  stm32f10x_it.o
    0x08006ed2   0x00000028   Code   RO         2032    i.__ARM_fpclassify  m_ws.l(fpclassify.o)
    0x08006efa   0x0000000e   Code   RO         1855    i._is_digit         c_w.l(__printf_wp.o)
    0x08006f08   0x00000008   Code   RO         1016    i._sys_exit         usart.o
    0x08006f10   0x00000044   Code   RO          960    i.delay_init        delay.o
    0x08006f54   0x0000004c   Code   RO          961    i.delay_ms          delay.o
    0x08006fa0   0x0000004c   Code   RO          962    i.delay_us          delay.o
    0x08006fec   0x0000001c   Code   RO         1017    i.fputc             usart.o
    0x08007008   0x00000174   Code   RO            6    i.main              main.o
    0x0800717c   0x000000a0   Code   RO         1018    i.uart_init         usart.o
    0x0800721c   0x0000002c   Code   RO         2028    locale$$code        c_w.l(lc_numeric_c.o)
    0x08007248   0x00000150   Code   RO         1876    x$fpl$dadd          fz_ws.l(daddsub_clz.o)
    0x08007398   0x000002b0   Code   RO         1883    x$fpl$ddiv          fz_ws.l(ddiv.o)
    0x08007648   0x0000005a   Code   RO         1886    x$fpl$dfixu         fz_ws.l(dfixu.o)
    0x080076a2   0x00000026   Code   RO         1890    x$fpl$dfltu         fz_ws.l(dflt_clz.o)
    0x080076c8   0x00000154   Code   RO         1898    x$fpl$dmul          fz_ws.l(dmul.o)
    0x0800781c   0x0000009c   Code   RO         1956    x$fpl$dnaninf       fz_ws.l(dnaninf.o)
    0x080078b8   0x0000000c   Code   RO         1958    x$fpl$dretinf       fz_ws.l(dretinf.o)
    0x080078c4   0x000001d4   Code   RO         1878    x$fpl$dsub          fz_ws.l(daddsub_clz.o)
    0x08007a98   0x00000056   Code   RO         1902    x$fpl$f2d           fz_ws.l(f2d.o)
    0x08007aee   0x00000002   PAD
    0x08007af0   0x00000030   Code   RO         1923    x$fpl$fflt          fz_ws.l(fflt_clz.o)
    0x08007b20   0x0000008c   Code   RO         1962    x$fpl$fnaninf       fz_ws.l(fnaninf.o)
    0x08007bac   0x00000004   Code   RO         1930    x$fpl$printf1       fz_ws.l(printf1.o)
    0x08007bb0   0x00000000   Code   RO         1966    x$fpl$usenofp       fz_ws.l(usenofp.o)
    0x08007bb0   0x000017c0   Data   RO          297    .constdata          lcd.o
    0x08009370   0x00000017   Data   RO          890    .constdata          mpu6050.o
    0x08009387   0x00000028   Data   RO         1828    .constdata          c_w.l(_printf_hex_int.o)
    0x080093af   0x00000011   Data   RO         1858    .constdata          c_w.l(__printf_flags_wp.o)
    0x080093c0   0x00000094   Data   RO         1999    .constdata          c_w.l(bigflt0.o)
    0x08009454   0x00000020   Data   RO         2169    Region$$Table       anon$$obj.o
    0x08009474   0x0000001c   Data   RO         2027    locale$$data        c_w.l(lc_numeric_c.o)


    Execution Region RW_IRAM1 (Base: 0x20000000, Size: 0x00000780, Max: 0x0000c000, ABSOLUTE)

    Base Addr    Size         Type   Attr      Idx    E Section Name        Object

    0x20000000   0x00000014   Data   RW          223    .data               system_stm32f10x.o
    0x20000014   0x00000004   Data   RW          298    .data               lcd.o
    0x20000018   0x0000000e   Data   RW          891    .data               mpu6050.o
    0x20000026   0x00000004   Data   RW          963    .data               delay.o
    0x2000002a   0x00000002   PAD
    0x2000002c   0x00000006   Data   RW         1020    .data               usart.o
    0x20000032   0x00000014   Data   RW         1219    .data               stm32f10x_rcc.o
    0x20000046   0x00000002   PAD
    0x20000048   0x0000000e   Zero   RW          296    .bss                lcd.o
    0x20000056   0x000000c8   Zero   RW         1019    .bss                usart.o
    0x2000011e   0x00000002   PAD
    0x20000120   0x00000060   Zero   RW         2035    .bss                c_w.l(libspace.o)
    0x20000180   0x00000200   Zero   RW         1067    HEAP                startup_stm32f10x_hd.o
    0x20000380   0x00000400   Zero   RW         1066    STACK               startup_stm32f10x_hd.o


==============================================================================

Image component sizes


      Code (inc. data)   RO Data    RW Data    ZI Data      Debug   Object Name

       220         26          0          4          0       1927   delay.o
        96         14          0          0          0        567   key.o
     19856        240       6080          4         14      25072   lcd.o
        80          8          0          0          0        551   led.o
       372         28          0          0          0     233363   main.o
       172         22          0          0          0       2257   misc.o
      1378        302         23         14          0      12897   mpu6050.o
        64         26        304          0       1536        836   startup_stm32f10x_hd.o
       426          6          0          0          0       3541   stm32f10x_gpio.o
        26          0          0          0          0     207290   stm32f10x_it.o
       244         26          0         20          0       4069   stm32f10x_rcc.o
       408          6          0          0          0       5310   stm32f10x_usart.o
         0          0          0          0          0         32   sys.o
       328         28          0         20          0       2337   system_stm32f10x.o
       332         26          0          6        200       4452   usart.o

    ----------------------------------------------------------------------
     24016        758       6439         72       1752     504501   Object Totals
         0          0         32          0          0          0   (incl. Generated)
        14          0          0          4          2          0   (incl. Padding)

    ----------------------------------------------------------------------

      Code (inc. data)   RO Data    RW Data    ZI Data      Debug   Library Member Name

         8          0          0          0          0         68   __main.o
       312          4         17          0          0         92   __printf_flags_wp.o
        14          0          0          0          0         68   __printf_wp.o
         0          0          0          0          0          0   __rtentry.o
        12          0          0          0          0          0   __rtentry2.o
         6          0          0          0          0          0   __rtentry4.o
        52          8          0          0          0          0   __scatter.o
        26          0          0          0          0          0   __scatter_copy.o
        28          0          0          0          0          0   __scatter_zi.o
        44          0          0          0          0        108   _printf_char.o
        48          6          0          0          0         96   _printf_char_common.o
        36          4          0          0          0         80   _printf_char_file.o
         6          0          0          0          0          0   _printf_d.o
       120         16          0          0          0         92   _printf_dec.o
         6          0          0          0          0          0   _printf_f.o
      1050          0          0          0          0        216   _printf_fp_dec.o
       128         16          0          0          0         84   _printf_fp_infnan.o
        88          4         40          0          0         88   _printf_hex_int.o
       178          0          0          0          0         88   _printf_intcommon.o
         0          0          0          0          0          0   _printf_percent.o
         4          0          0          0          0          0   _printf_percent_end.o
         6          0          0          0          0          0   _printf_s.o
        82          0          0          0          0         80   _printf_str.o
         6          0          0          0          0          0   _printf_x.o
       220          4        148          0          0         96   bigflt0.o
      1910        128          0          0          0        672   btod.o
        18          0          0          0          0         80   exit.o
         8          0          0          0          0         68   ferror.o
         6          0          0          0          0        152   heapauxi.o
        44         10         28          0          0         76   lc_numeric_c.o
         2          0          0          0          0          0   libinit.o
        18          0          0          0          0          0   libinit2.o
         2          0          0          0          0          0   libshutdown.o
         2          0          0          0          0          0   libshutdown2.o
         8          4          0          0         96         68   libspace.o
       138          0          0          0          0         80   lludiv10.o
        24          4          0          0          0         84   noretval__2printf.o
         8          4          0          0          0         68   rt_locale_intlibspace.o
         2          0          0          0          0          0   rtexit.o
        10          0          0          0          0          0   rtexit2.o
       128          0          0          0          0         68   strcmpv7m.o
        74          0          0          0          0         80   sys_stackheap_outer.o
         2          0          0          0          0         68   use_no_semi.o
         2          0          0          0          0         68   use_no_semi_2.o
       804         16          0          0          0        272   daddsub_clz.o
       688        140          0          0          0        208   ddiv.o
        90          4          0          0          0         92   dfixu.o
        38          0          0          0          0         68   dflt_clz.o
       340         12          0          0          0        104   dmul.o
       156          4          0          0          0         92   dnaninf.o
        12          0          0          0          0         68   dretinf.o
        86          4          0          0          0         84   f2d.o
        48          0          0          0          0         68   fflt_clz.o
       140          4          0          0          0         84   fnaninf.o
         4          0          0          0          0         68   printf1.o
         0          0          0          0          0          0   usenofp.o
        40          0          0          0          0         68   fpclassify.o

    ----------------------------------------------------------------------
      7344        396        233          0         96       4164   Library Totals
        12          0          0          0          0          0   (incl. Padding)

    ----------------------------------------------------------------------

      Code (inc. data)   RO Data    RW Data    ZI Data      Debug   Library Name

      4886        212        233          0         96       2888   c_w.l
      2406        184          0          0          0       1208   fz_ws.l
        40          0          0          0          0         68   m_ws.l

    ----------------------------------------------------------------------
      7344        396        233          0         96       4164   Library Totals

    ----------------------------------------------------------------------

==============================================================================


      Code (inc. data)   RO Data    RW Data    ZI Data      Debug   

     31360       1154       6672         72       1848     503305   Grand Totals
     31360       1154       6672         72       1848     503305   ELF Image Totals
     31360       1154       6672         72          0          0   ROM Totals

==============================================================================

    Total RO  Size (Code + RO Data)                38032 (  37.14kB)
    Total RW  Size (RW Data + ZI Data)              1920 (   1.88kB)
    Total ROM Size (Code + RO Data + RW Data)      38104 (  37.21kB)

==============================================================================

