Component: ARM Compiler 5.06 update 1 (build 61) Tool: armlink [4d35a8]

==============================================================================

Section Cross References

    startup_stm32f427xx.o(STACK) refers (Special) to heapauxi.o(.text) for __use_two_region_memory
    startup_stm32f427xx.o(HEAP) refers (Special) to heapauxi.o(.text) for __use_two_region_memory
    startup_stm32f427xx.o(RESET) refers (Special) to heapauxi.o(.text) for __use_two_region_memory
    startup_stm32f427xx.o(RESET) refers to startup_stm32f427xx.o(STACK) for __initial_sp
    startup_stm32f427xx.o(RESET) refers to startup_stm32f427xx.o(.text) for Reset_Handler
    startup_stm32f427xx.o(RESET) refers to stm32f4xx_it.o(i.NMI_Handler) for NMI_Handler
    startup_stm32f427xx.o(RESET) refers to stm32f4xx_it.o(i.HardFault_Handler) for HardFault_Handler
    startup_stm32f427xx.o(RESET) refers to stm32f4xx_it.o(i.MemManage_Handler) for MemManage_Handler
    startup_stm32f427xx.o(RESET) refers to stm32f4xx_it.o(i.BusFault_Handler) for BusFault_Handler
    startup_stm32f427xx.o(RESET) refers to stm32f4xx_it.o(i.UsageFault_Handler) for UsageFault_Handler
    startup_stm32f427xx.o(RESET) refers to port.o(.emb_text) for SVC_Handler
    startup_stm32f427xx.o(RESET) refers to stm32f4xx_it.o(i.DebugMon_Handler) for DebugMon_Handler
    startup_stm32f427xx.o(RESET) refers to freertos_middleware.o(i.SysTick_Handler) for SysTick_Handler
    startup_stm32f427xx.o(RESET) refers to can_receive.o(i.CAN1_RX0_IRQHandler) for CAN1_RX0_IRQHandler
    startup_stm32f427xx.o(RESET) refers to ins_task.o(i.EXTI9_5_IRQHandler) for EXTI9_5_IRQHandler
    startup_stm32f427xx.o(RESET) refers to main.o(i.TIM3_IRQHandler) for TIM3_IRQHandler
    startup_stm32f427xx.o(RESET) refers to remote_control.o(i.USART1_IRQHandler) for USART1_IRQHandler
    startup_stm32f427xx.o(RESET) refers to can_receive.o(i.TIM6_DAC_IRQHandler) for TIM6_DAC_IRQHandler
    startup_stm32f427xx.o(RESET) refers to main.o(i.TIM7_IRQHandler) for TIM7_IRQHandler
    startup_stm32f427xx.o(RESET) refers to can_receive.o(i.CAN2_RX0_IRQHandler) for CAN2_RX0_IRQHandler
    startup_stm32f427xx.o(RESET) refers to ins_task.o(i.DMA2_Stream5_IRQHandler) for DMA2_Stream5_IRQHandler
    startup_stm32f427xx.o(.text) refers (Special) to heapauxi.o(.text) for __use_two_region_memory
    startup_stm32f427xx.o(.text) refers to system_stm32f4xx.o(i.SystemInit) for SystemInit
    startup_stm32f427xx.o(.text) refers to __main.o(!!!main) for __main
    startup_stm32f427xx.o(.text) refers to startup_stm32f427xx.o(HEAP) for Heap_Mem
    startup_stm32f427xx.o(.text) refers to startup_stm32f427xx.o(STACK) for Stack_Mem
    system_stm32f4xx.o(i.SystemCoreClockUpdate) refers to system_stm32f4xx.o(.data) for SystemCoreClock
    system_stm32f4xx.o(i.SystemInit) refers to system_stm32f4xx.o(i.SetSysClock) for SetSysClock
    stm32f4xx_adc.o(i.ADC_DeInit) refers to stm32f4xx_rcc.o(i.RCC_APB2PeriphResetCmd) for RCC_APB2PeriphResetCmd
    stm32f4xx_can.o(i.CAN_DeInit) refers to stm32f4xx_rcc.o(i.RCC_APB1PeriphResetCmd) for RCC_APB1PeriphResetCmd
    stm32f4xx_can.o(i.CAN_GetITStatus) refers to stm32f4xx_can.o(i.CheckITStatus) for CheckITStatus
    stm32f4xx_cryp.o(i.CRYP_DeInit) refers to stm32f4xx_rcc.o(i.RCC_AHB2PeriphResetCmd) for RCC_AHB2PeriphResetCmd
    stm32f4xx_cryp_aes.o(i.CRYP_AES_CBC) refers to stm32f4xx_cryp.o(i.CRYP_KeyStructInit) for CRYP_KeyStructInit
    stm32f4xx_cryp_aes.o(i.CRYP_AES_CBC) refers to stm32f4xx_cryp.o(i.CRYP_FIFOFlush) for CRYP_FIFOFlush
    stm32f4xx_cryp_aes.o(i.CRYP_AES_CBC) refers to stm32f4xx_cryp.o(i.CRYP_Init) for CRYP_Init
    stm32f4xx_cryp_aes.o(i.CRYP_AES_CBC) refers to stm32f4xx_cryp.o(i.CRYP_KeyInit) for CRYP_KeyInit
    stm32f4xx_cryp_aes.o(i.CRYP_AES_CBC) refers to stm32f4xx_cryp.o(i.CRYP_Cmd) for CRYP_Cmd
    stm32f4xx_cryp_aes.o(i.CRYP_AES_CBC) refers to stm32f4xx_cryp.o(i.CRYP_GetFlagStatus) for CRYP_GetFlagStatus
    stm32f4xx_cryp_aes.o(i.CRYP_AES_CBC) refers to stm32f4xx_cryp.o(i.CRYP_IVInit) for CRYP_IVInit
    stm32f4xx_cryp_aes.o(i.CRYP_AES_CBC) refers to stm32f4xx_cryp.o(i.CRYP_GetCmdStatus) for CRYP_GetCmdStatus
    stm32f4xx_cryp_aes.o(i.CRYP_AES_CBC) refers to stm32f4xx_cryp.o(i.CRYP_DataIn) for CRYP_DataIn
    stm32f4xx_cryp_aes.o(i.CRYP_AES_CBC) refers to stm32f4xx_cryp.o(i.CRYP_DataOut) for CRYP_DataOut
    stm32f4xx_cryp_aes.o(i.CRYP_AES_CCM) refers to stm32f4xx_cryp.o(i.CRYP_KeyStructInit) for CRYP_KeyStructInit
    stm32f4xx_cryp_aes.o(i.CRYP_AES_CCM) refers to stm32f4xx_cryp.o(i.CRYP_FIFOFlush) for CRYP_FIFOFlush
    stm32f4xx_cryp_aes.o(i.CRYP_AES_CCM) refers to stm32f4xx_cryp.o(i.CRYP_KeyInit) for CRYP_KeyInit
    stm32f4xx_cryp_aes.o(i.CRYP_AES_CCM) refers to stm32f4xx_cryp.o(i.CRYP_IVInit) for CRYP_IVInit
    stm32f4xx_cryp_aes.o(i.CRYP_AES_CCM) refers to stm32f4xx_cryp.o(i.CRYP_Init) for CRYP_Init
    stm32f4xx_cryp_aes.o(i.CRYP_AES_CCM) refers to stm32f4xx_cryp.o(i.CRYP_PhaseConfig) for CRYP_PhaseConfig
[...]
    Mag_Scale_Factor                         0x20000174   Data          36  ins_task.o(.data)
    first_temperate                          0x20000198   Data           1  ins_task.o(.data)
    updata_count                             0x20000199   Data           1  ins_task.o(.data)
    start_gyro_cali_time                     0x2000019a   Data           2  ins_task.o(.data)
    temp_constant_time                       0x2000019c   Data           1  ins_task.o(.data)
    xHigherPriorityTaskWoken                 0x200001a0   Data           4  ins_task.o(.data)
    .data                                    0x200001a4   Section        2  remote_control.o(.data)
    this_time_rx_len                         0x200001a4   Data           2  remote_control.o(.data)
    .bss                                     0x200001a8   Section      740  tasks.o(.bss)
    pxReadyTasksLists                        0x200001a8   Data         640  tasks.o(.bss)
    xDelayedTaskList1                        0x20000428   Data          20  tasks.o(.bss)
    xDelayedTaskList2                        0x2000043c   Data          20  tasks.o(.bss)
    xPendingReadyList                        0x20000450   Data          20  tasks.o(.bss)
    xTasksWaitingTermination                 0x20000464   Data          20  tasks.o(.bss)
    xSuspendedTaskList                       0x20000478   Data          20  tasks.o(.bss)
    .bss                                     0x2000048c   Section     1024  led.o(.bss)
    OLED_GRAM                                0x2000048c   Data        1024  led.o(.bss)
    .bss                                     0x2000088c   Section      157  calibrate_task.o(.bss)
    gimbal_cali                              0x2000088c   Data          20  calibrate_task.o(.bss)
    gyro_cali                                0x200008a0   Data          24  calibrate_task.o(.bss)
    accel_cali                               0x200008b8   Data          24  calibrate_task.o(.bss)
    mag_cali                                 0x200008d0   Data          24  calibrate_task.o(.bss)
    cali_sensor                              0x200008e8   Data          65  calibrate_task.o(.bss)
    .bss                                     0x2000092c   Section      132  can_receive.o(.bss)
    motor_yaw                                0x2000092c   Data          10  can_receive.o(.bss)
    motor_pit                                0x20000936   Data          10  can_receive.o(.bss)
    motor_trigger                            0x20000940   Data          10  can_receive.o(.bss)
    motor_chassis                            0x2000094a   Data          40  can_receive.o(.bss)
    GIMBAL_TxMessage                         0x20000974   Data          20  can_receive.o(.bss)
    rx1_message                              0x20000988   Data          20  can_receive.o(.bss)
    rx2_message                              0x2000099c   Data          20  can_receive.o(.bss)
    .bss                                     0x200009b0   Section      324  detect_task.o(.bss)
    errorList                                0x200009b0   Data         324  detect_task.o(.bss)
    .bss                                     0x20000af4   Section      488  gimbal_task.o(.bss)
    gimbal_control                           0x20000af4   Data         488  gimbal_task.o(.bss)
    .bss                                     0x20000cdc   Section      292  ins_task.o(.bss)
    mpu6500_spi_rxbuf                        0x20000cdc   Data          23  ins_task.o(.bss)
    mpu6500_real_data                        0x20000cf4   Data          32  ins_task.o(.bss)
    gyro_cali_offset                         0x20000d14   Data          12  ins_task.o(.bss)
    Gyro_Offset                              0x20000d20   Data          12  ins_task.o(.bss)
    Accel_Offset                             0x20000d2c   Data          12  ins_task.o(.bss)
    ist8310_real_data                        0x20000d38   Data          16  ins_task.o(.bss)
    Mag_Offset                               0x20000d48   Data          12  ins_task.o(.bss)
    INS_gyro                                 0x20000d54   Data          12  ins_task.o(.bss)
    INS_accel                                0x20000d60   Data          12  ins_task.o(.bss)
    INS_mag                                  0x20000d6c   Data          12  ins_task.o(.bss)
    INS_Angle                                0x20000d78   Data          12  ins_task.o(.bss)
    INS_quat                                 0x20000d84   Data          16  ins_task.o(.bss)
    imuTempPid                               0x20000d94   Data          72  ins_task.o(.bss)
    accel_fliter_1                           0x20000ddc   Data          12  ins_task.o(.bss)
    accel_fliter_2                           0x20000de8   Data          12  ins_task.o(.bss)
    accel_fliter_3                           0x20000df4   Data          12  ins_task.o(.bss)
    .bss                                     0x20000e00   Section       94  remote_control.o(.bss)
    rc_ctrl                                  0x20000e00   Data          22  remote_control.o(.bss)
    SBUS_rx_buf                              0x20000e16   Data          72  remote_control.o(.bss)
    .bss                                     0x20000e60   Section       96  libspace.o(.bss)
    HEAP                                     0x20000ec0   Section        0  startup_stm32f427xx.o(HEAP)
    STACK                                    0x20000ec0   Section     1024  startup_stm32f427xx.o(STACK)
    Heap_Mem                                 0x20000ec0   Data           0  startup_stm32f427xx.o(HEAP)
    Stack_Mem                                0x20000ec0   Data        1024  startup_stm32f427xx.o(STACK)
    __initial_sp                             0x200012c0   Data           0  startup_stm32f427xx.o(STACK)

    Global Symbols

    Symbol Name                              Value     Ov Type        Size  Object(Section)

    BuildAttributes$$THM_ISAv4$E$P$D$K$B$S$7EM$VFPi3$EXTD16$VFPS$VFMA$PE$A:L22UL41UL21$X:L11$S22US41US21$IEEE1$IW$USESV6$~STKCKD$USESV7$~SHL$OTIME$ROPI$IEEEX$EBA8$UX$STANDARDLIB$REQ8$PRES8$EABIv2 0x00000000   Number         0  anon$$obj.o ABSOLUTE
    __ARM_use_no_argv                        0x00000000   Number         0  main.o ABSOLUTE
    _printf_flags                            0x00000000   Number         0  printf_stubs.o ABSOLUTE
    _printf_return_value                     0x00000000   Number         0  printf_stubs.o ABSOLUTE
    _printf_sizespec                         0x00000000   Number         0  printf_stubs.o ABSOLUTE
    _printf_widthprec                        0x00000000   Number         0  printf_stubs.o ABSOLUTE
    __ARM_exceptions_init                     - Undefined Weak Reference
    __alloca_initialize                       - Undefined Weak Reference
    __arm_preinit_                            - Undefined Weak Reference
    __cpp_initialize__aeabi_                  - Undefined Weak Reference
    __cxa_finalize                            - Undefined Weak Reference
    __sigvec_lookup                           - Undefined Weak Reference
    _atexit_init                              - Undefined Weak Reference
    _call_atexit_fns                          - Undefined Weak Reference
    _clock_init                               - Undefined Weak Reference
    _fp_trap_big                              - Undefined Weak Reference
    _fp_trap_init                             - Undefined Weak Reference
    _fp_trap_shutdown                         - Undefined Weak Reference
    _get_lc_collate                           - Undefined Weak Reference
    _get_lc_monetary                          - Undefined Weak Reference
    _get_lc_time                              - Undefined Weak Reference
    _getenv_init                              - Undefined Weak Reference
    _handle_redirection                       - Undefined Weak Reference
    _init_alloc                               - Undefined Weak Reference
    _init_user_alloc                          - Undefined Weak Reference
    _initio                                   - Undefined Weak Reference
    _printf_mbtowc                            - Undefined Weak Reference
    _printf_wc                                - Undefined Weak Reference
    _rand_init                                - Undefined Weak Reference
    _signal_finish                            - Undefined Weak Reference
    _signal_init                              - Undefined Weak Reference
    _terminate_alloc                          - Undefined Weak Reference
    _terminate_user_alloc                     - Undefined Weak Reference
    _terminateio                              - Undefined Weak Reference
    __Vectors_Size                           0x000001ac   Number         0  startup_stm32f427xx.o ABSOLUTE
    __Vectors                                0x08000000   Data           4  startup_stm32f427xx.o(RESET)
    __Vectors_End                            0x080001ac   Data           0  startup_stm32f427xx.o(RESET)
    __main                                   0x080001ad   Thumb Code     8  __main.o(!!!main)
    __scatterload                            0x080001b5   Thumb Code     0  __scatter.o(!!!scatter)
    __scatterload_rt2                        0x080001b5   Thumb Code    44  __scatter.o(!!!scatter)
    __scatterload_rt2_thumb_only             0x080001b5   Thumb Code     0  __scatter.o(!!!scatter)
    __scatterload_null                       0x080001c3   Thumb Code     0  __scatter.o(!!!scatter)
    __decompress                             0x080001e9   Thumb Code    90  __dczerorl2.o(!!dczerorl2)
    __decompress1                            0x080001e9   Thumb Code     0  __dczerorl2.o(!!dczerorl2)
    __scatterload_zeroinit                   0x08000245   Thumb Code    28  __scatter_zi.o(!!handler_zi)
    __rt_lib_init                            0x08000261   Thumb Code     0  libinit.o(.ARM.Collect$$libinit$$00000000)
    __rt_lib_init_fp_1                       0x08000263   Thumb Code     0  libinit2.o(.ARM.Collect$$libinit$$00000001)
    __rt_lib_init_alloca_1                   0x08000267   Thumb Code     0  libinit2.o(.ARM.Collect$$libinit$$0000002E)
    __rt_lib_init_argv_1                     0x08000267   Thumb Code     0  libinit2.o(.ARM.Collect$$libinit$$0000002C)
    __rt_lib_init_atexit_1                   0x08000267   Thumb Code     0  libinit2.o(.ARM.Collect$$libinit$$0000001B)
    __rt_lib_init_clock_1                    0x08000267   Thumb Code     0  libinit2.o(.ARM.Collect$$libinit$$00000021)
    __rt_lib_init_cpp_1                      0x08000267   Thumb Code     0  libinit2.o(.ARM.Collect$$libinit$$00000032)
    __rt_lib_init_exceptions_1               0x08000267   Thumb Code     0  libinit2.o(.ARM.Collect$$libinit$$00000030)
    __rt_lib_init_fp_trap_1                  0x08000267   Thumb Code     0  libinit2.o(.ARM.Collect$$libinit$$0000001F)
    __rt_lib_init_getenv_1                   0x08000267   Thumb Code     0  libinit2.o(.ARM.Collect$$libinit$$00000023)
    __rt_lib_init_heap_1                     0x08000267   Thumb Code     0  libinit2.o(.ARM.Collect$$libinit$$0000000A)
    __rt_lib_init_lc_collate_1               0x08000267   Thumb Code     0  libinit2.o(.ARM.Collect$$libinit$$00000011)
    __rt_lib_init_lc_ctype_1                 0x08000267   Thumb Code     0  libinit2.o(.ARM.Collect$$libinit$$00000013)
    __rt_lib_init_lc_monetary_1              0x08000267   Thumb Code     0  libinit2.o(.ARM.Collect$$libinit$$00000015)
    __rt_lib_init_lc_numeric_1               0x08000267   Thumb Code     0  libinit2.o(.ARM.Collect$$libinit$$00000017)
    __rt_lib_init_lc_time_1                  0x08000267   Thumb Code     0  libinit2.o(.ARM.Collect$$libinit$$00000019)
    __rt_lib_init_preinit_1                  0x08000267   Thumb Code     0  libinit2.o(.ARM.Collect$$libinit$$00000004)
    __rt_lib_init_rand_1                     0x08000267   Thumb Code     0  libinit2.o(.ARM.Collect$$libinit$$0000000E)
    __rt_lib_init_return                     0x08000267   Thumb Code     0  libinit2.o(.ARM.Collect$$libinit$$00000033)
    __rt_lib_init_signal_1                   0x08000267   Thumb Code     0  libinit2.o(.ARM.Collect$$libinit$$0000001D)
    __rt_lib_init_stdio_1                    0x08000267   Thumb Code     0  libinit2.o(.ARM.Collect$$libinit$$00000025)
    __rt_lib_init_user_alloc_1               0x08000267   Thumb Code     0  libinit2.o(.ARM.Collect$$libinit$$0000000C)
    __rt_lib_shutdown                        0x08000269   Thumb Code     0  libshutdown.o(.ARM.Collect$$libshutdown$$00000000)
    __rt_lib_shutdown_cpp_1                  0x0800026b   Thumb Code     0  libshutdown2.o(.ARM.Collect$$libshutdown$$00000002)
    __rt_lib_shutdown_fp_trap_1              0x0800026b   Thumb Code     0  libshutdown2.o(.ARM.Collect$$libshutdown$$00000007)
    __rt_lib_shutdown_heap_1                 0x0800026b   Thumb Code     0  libshutdown2.o(.ARM.Collect$$libshutdown$$0000000F)
    __rt_lib_shutdown_return                 0x0800026b   Thumb Code     0  libshutdown2.o(.ARM.Collect$$libshutdown$$00000010)
    __rt_lib_shutdown_signal_1               0x0800026b   Thumb Code     0  libshutdown2.o(.ARM.Collect$$libshutdown$$0000000A)
    __rt_lib_shutdown_stdio_1                0x0800026b   Thumb Code     0  libshutdown2.o(.ARM.Collect$$libshutdown$$00000004)
    __rt_lib_shutdown_user_alloc_1           0x0800026b   Thumb Code     0  libshutdown2.o(.ARM.Collect$$libshutdown$$0000000C)
    __rt_entry                               0x0800026d   Thumb Code     0  __rtentry.o(.ARM.Collect$$rtentry$$00000000)
    __rt_entry_presh_1                       0x0800026d   Thumb Code     0  __rtentry2.o(.ARM.Collect$$rtentry$$00000002)
    __rt_entry_sh                            0x0800026d   Thumb Code     0  __rtentry4.o(.ARM.Collect$$rtentry$$00000004)
    __rt_entry_li                            0x08000273   Thumb Code     0  __rtentry2.o(.ARM.Collect$$rtentry$$0000000A)
    __rt_entry_postsh_1                      0x08000273   Thumb Code     0  __rtentry2.o(.ARM.Collect$$rtentry$$00000009)
    __rt_entry_main                          0x08000277   Thumb Code     0  __rtentry2.o(.ARM.Collect$$rtentry$$0000000D)
    __rt_entry_postli_1                      0x08000277   Thumb Code     0  __rtentry2.o(.ARM.Collect$$rtentry$$0000000C)
    __rt_exit                                0x0800027f   Thumb Code     0  rtexit.o(.ARM.Collect$$rtexit$$00000000)
    __rt_exit_ls                             0x08000281   Thumb Code     0  rtexit2.o(.ARM.Collect$$rtexit$$00000003)
    __rt_exit_prels_1                        0x08000281   Thumb Code     0  rtexit2.o(.ARM.Collect$$rtexit$$00000002)
    __rt_exit_exit                           0x08000285   Thumb Code     0  rtexit2.o(.ARM.Collect$$rtexit$$00000004)
    SVC_Handler                              0x0800028d   Thumb Code    28  port.o(.emb_text)
    __asm___6_port_c_39a90d8d__prvStartFirstTask 0x080002ad   Thumb Code    28  port.o(.emb_text)
    __asm___6_port_c_39a90d8d__prvEnableVFP  0x080002cd   Thumb Code    16  port.o(.emb_text)
    PendSV_Handler                           0x080002e1   Thumb Code    88  port.o(.emb_text)
    vPortGetIPSR                             0x0800033d   Thumb Code     6  port.o(.emb_text)
    Reset_Handler                            0x08000345   Thumb Code    18  startup_stm32f427xx.o(.text)
    ADC_IRQHandler                           0x08000369   Thumb Code     0  startup_stm32f427xx.o(.text)
    CAN1_RX1_IRQHandler                      0x08000369   Thumb Code     0  startup_stm32f427xx.o(.text)
    CAN1_SCE_IRQHandler                      0x08000369   Thumb Code     0  startup_stm32f427xx.o(.text)
    CAN1_TX_IRQHandler                       0x08000369   Thumb Code     0  startup_stm32f427xx.o(.text)
    CAN2_RX1_IRQHandler                      0x08000369   Thumb Code     0  startup_stm32f427xx.o(.text)
    CAN2_SCE_IRQHandler                      0x08000369   Thumb Code     0  startup_stm32f427xx.o(.text)
    CAN2_TX_IRQHandler                       0x08000369   Thumb Code     0  startup_stm32f427xx.o(.text)
    DCMI_IRQHandler                          0x08000369   Thumb Code     0  startup_stm32f427xx.o(.text)
    DMA1_Stream0_IRQHandler                  0x08000369   Thumb Code     0  startup_stm32f427xx.o(.text)
    DMA1_Stream1_IRQHandler                  0x08000369   Thumb Code     0  startup_stm32f427xx.o(.text)
    DMA1_Stream2_IRQHandler                  0x08000369   Thumb Code     0  startup_stm32f427xx.o(.text)
    DMA1_Stream3_IRQHandler                  0x08000369   Thumb Code     0  startup_stm32f427xx.o(.text)
    DMA1_Stream4_IRQHandler                  0x08000369   Thumb Code     0  startup_stm32f427xx.o(.text)
    DMA1_Stream5_IRQHandler                  0x08000369   Thumb Code     0  startup_stm32f427xx.o(.text)
    DMA1_Stream6_IRQHandler                  0x08000369   Thumb Code     0  startup_stm32f427xx.o(.text)
    DMA1_Stream7_IRQHandler                  0x08000369   Thumb Code     0  startup_stm32f427xx.o(.text)
    DMA2D_IRQHandler                         0x08000369   Thumb Code     0  startup_stm32f427xx.o(.text)
    DMA2_Stream0_IRQHandler                  0x08000369   Thumb Code     0  startup_stm32f427xx.o(.text)
    DMA2_Stream1_IRQHandler                  0x08000369   Thumb Code     0  startup_stm32f427xx.o(.text)
    DMA2_Stream2_IRQHandler                  0x08000369   Thumb Code     0  startup_stm32f427xx.o(.text)
    DMA2_Stream3_IRQHandler                  0x08000369   Thumb Code     0  startup_stm32f427xx.o(.text)
    DMA2_Stream4_IRQHandler                  0x08000369   Thumb Code     0  startup_stm32f427xx.o(.text)
    DMA2_Stream6_IRQHandler                  0x08000369   Thumb Code     0  startup_stm32f427xx.o(.text)
    DMA2_Stream7_IRQHandler                  0x08000369   Thumb Code     0  startup_stm32f427xx.o(.text)
    ETH_IRQHandler                           0x08000369   Thumb Code     0  startup_stm32f427xx.o(.text)
    ETH_WKUP_IRQHandler                      0x08000369   Thumb Code     0  startup_stm32f427xx.o(.text)
    EXTI0_IRQHandler                         0x08000369   Thumb Code     0  startup_stm32f427xx.o(.text)
    EXTI15_10_IRQHandler                     0x08000369   Thumb Code     0  startup_stm32f427xx.o(.text)
    EXTI1_IRQHandler                         0x08000369   Thumb Code     0  startup_stm32f427xx.o(.text)
    EXTI2_IRQHandler                         0x08000369   Thumb Code     0  startup_stm32f427xx.o(.text)
    EXTI3_IRQHandler                         0x08000369   Thumb Code     0  startup_stm32f427xx.o(.text)
    EXTI4_IRQHandler                         0x08000369   Thumb Code     0  startup_stm32f427xx.o(.text)
    FLASH_IRQHandler                         0x08000369   Thumb Code     0  startup_stm32f427xx.o(.text)
    FMC_IRQHandler                           0x08000369   Thumb Code     0  startup_stm32f427xx.o(.text)
    FPU_IRQHandler                           0x08000369   Thumb Code     0  startup_stm32f427xx.o(.text)
    HASH_RNG_IRQHandler                      0x08000369   Thumb Code     0  startup_stm32f427xx.o(.text)
    I2C1_ER_IRQHandler                       0x08000369   Thumb Code     0  startup_stm32f427xx.o(.text)
    I2C1_EV_IRQHandler                       0x08000369   Thumb Code     0  startup_stm32f427xx.o(.text)
    I2C2_ER_IRQHandler                       0x08000369   Thumb Code     0  startup_stm32f427xx.o(.text)
    I2C2_EV_IRQHandler                       0x08000369   Thumb Code     0  startup_stm32f427xx.o(.text)
    I2C3_ER_IRQHandler                       0x08000369   Thumb Code     0  startup_stm32f427xx.o(.text)
    I2C3_EV_IRQHandler                       0x08000369   Thumb Code     0  startup_stm32f427xx.o(.text)
    OTG_FS_IRQHandler                        0x08000369   Thumb Code     0  startup_stm32f427xx.o(.text)
    OTG_FS_WKUP_IRQHandler                   0x08000369   Thumb Code     0  startup_stm32f427xx.o(.text)
    OTG_HS_EP1_IN_IRQHandler                 0x08000369   Thumb Code     0  startup_stm32f427xx.o(.text)
    OTG_HS_EP1_OUT_IRQHandler                0x08000369   Thumb Code     0  startup_stm32f427xx.o(.text)
    OTG_HS_IRQHandler                        0x08000369   Thumb Code     0  startup_stm32f427xx.o(.text)
    OTG_HS_WKUP_IRQHandler                   0x08000369   Thumb Code     0  startup_stm32f427xx.o(.text)
    PVD_IRQHandler                           0x08000369   Thumb Code     0  startup_stm32f427xx.o(.text)
    RCC_IRQHandler                           0x08000369   Thumb Code     0  startup_stm32f427xx.o(.text)
    RTC_Alarm_IRQHandler                     0x08000369   Thumb Code     0  startup_stm32f427xx.o(.text)
    RTC_WKUP_IRQHandler                      0x08000369   Thumb Code     0  startup_stm32f427xx.o(.text)
    SAI1_IRQHandler                          0x08000369   Thumb Code     0  startup_stm32f427xx.o(.text)
    SDIO_IRQHandler                          0x08000369   Thumb Code     0  startup_stm32f427xx.o(.text)
    SPI1_IRQHandler                          0x08000369   Thumb Code     0  startup_stm32f427xx.o(.text)
    SPI2_IRQHandler                          0x08000369   Thumb Code     0  startup_stm32f427xx.o(.text)
    SPI3_IRQHandler                          0x08000369   Thumb Code     0  startup_stm32f427xx.o(.text)
    SPI4_IRQHandler                          0x08000369   Thumb Code     0  startup_stm32f427xx.o(.text)
    SPI5_IRQHandler                          0x08000369   Thumb Code     0  startup_stm32f427xx.o(.text)
    SPI6_IRQHandler                          0x08000369   Thumb Code     0  startup_stm32f427xx.o(.text)
    TAMP_STAMP_IRQHandler                    0x08000369   Thumb Code     0  startup_stm32f427xx.o(.text)
    TIM1_BRK_TIM9_IRQHandler                 0x08000369   Thumb Code     0  startup_stm32f427xx.o(.text)
    TIM1_CC_IRQHandler                       0x08000369   Thumb Code     0  startup_stm32f427xx.o(.text)
    TIM1_TRG_COM_TIM11_IRQHandler            0x08000369   Thumb Code     0  startup_stm32f427xx.o(.text)
    TIM1_UP_TIM10_IRQHandler                 0x08000369   Thumb Code     0  startup_stm32f427xx.o(.text)
    TIM2_IRQHandler                          0x08000369   Thumb Code     0  startup_stm32f427xx.o(.text)
    TIM4_IRQHandler                          0x08000369   Thumb Code     0  startup_stm32f427xx.o(.text)
    TIM5_IRQHandler                          0x08000369   Thumb Code     0  startup_stm32f427xx.o(.text)
    TIM8_BRK_TIM12_IRQHandler                0x08000369   Thumb Code     0  startup_stm32f427xx.o(.text)
    TIM8_CC_IRQHandler                       0x08000369   Thumb Code     0  startup_stm32f427xx.o(.text)
    TIM8_TRG_COM_TIM14_IRQHandler            0x08000369   Thumb Code     0  startup_stm32f427xx.o(.text)
    TIM8_UP_TIM13_IRQHandler                 0x08000369   Thumb Code     0  startup_stm32f427xx.o(.text)
    UART4_IRQHandler                         0x08000369   Thumb Code     0  startup_stm32f427xx.o(.text)
    UART5_IRQHandler                         0x08000369   Thumb Code     0  startup_stm32f427xx.o(.text)
    UART7_IRQHandler                         0x08000369   Thumb Code     0  startup_stm32f427xx.o(.text)
    UART8_IRQHandler                         0x08000369   Thumb Code     0  startup_stm32f427xx.o(.text)
    USART2_IRQHandler                        0x08000369   Thumb Code     0  startup_stm32f427xx.o(.text)
    USART3_IRQHandler                        0x08000369   Thumb Code     0  startup_stm32f427xx.o(.text)
    USART6_IRQHandler                        0x08000369   Thumb Code     0  startup_stm32f427xx.o(.text)
    WWDG_IRQHandler                          0x08000369   Thumb Code     0  startup_stm32f427xx.o(.text)
    __user_initial_stackheap                 0x0800036d   Thumb Code     0  startup_stm32f427xx.o(.text)
    __use_two_region_memory                  0x08000391   Thumb Code     2  heapauxi.o(.text)
    __rt_heap_escrow$2region                 0x08000393   Thumb Code     2  heapauxi.o(.text)
    __rt_heap_expand$2region                 0x08000395   Thumb Code     2  heapauxi.o(.text)
    _fp_trap                                 0x08000399   Thumb Code    44  _fptrap.o(.text)
    __user_libspace                          0x080003c9   Thumb Code     8  libspace.o(.text)
    __user_perproc_libspace                  0x080003c9   Thumb Code     0  libspace.o(.text)
    __user_perthread_libspace                0x080003c9   Thumb Code     0  libspace.o(.text)
    __user_setup_stackheap                   0x080003d1   Thumb Code    74  sys_stackheap_outer.o(.text)
    exit                                     0x0800041b   Thumb Code    18  exit.o(.text)
    __rt_SIGFPE                              0x0800042d   Thumb Code    14  defsig_fpe_outer.o(.text)
    __sig_exit                               0x0800043b   Thumb Code    10  defsig_exit.o(.text)
    __rt_SIGFPE_inner                        0x08000445   Thumb Code    62  defsig_fpe_inner.o(.text)
    _sys_exit                                0x080004f1   Thumb Code     8  sys_exit.o(.text)
    __default_signal_display                 0x080004fd   Thumb Code    50  defsig_general.o(.text)
    _ttywrch                                 0x0800052f   Thumb Code    14  sys_wrch.o(.text)
    __I$use$semihosting                      0x0800053d   Thumb Code     0  use_no_semi.o(.text)
    __use_no_semihosting_swi                 0x0800053d   Thumb Code     2  use_no_semi.o(.text)
    ADC_ClearFlag                            0x0800053f   Thumb Code     6  stm32f4xx_adc.o(i.ADC_ClearFlag)
    __semihosting_library_function           0x0800053f   Thumb Code     0  indicate_semi.o(.text)
    ADC_Cmd                                  0x08000545   Thumb Code    22  stm32f4xx_adc.o(i.ADC_Cmd)
    ADC_CommonInit                           0x0800055d   Thumb Code    34  stm32f4xx_adc.o(i.ADC_CommonInit)
    ADC_GetConversionValue                   0x0800058d   Thumb Code     8  stm32f4xx_adc.o(i.ADC_GetConversionValue)
    ADC_GetFlagStatus                        0x08000595   Thumb Code    18  stm32f4xx_adc.o(i.ADC_GetFlagStatus)
    ADC_Init                                 0x080005a9   Thumb Code    74  stm32f4xx_adc.o(i.ADC_Init)
    ADC_RegularChannelConfig                 0x080005fd   Thumb Code   184  stm32f4xx_adc.o(i.ADC_RegularChannelConfig)
    ADC_SoftwareStartConv                    0x080006b5   Thumb Code    10  stm32f4xx_adc.o(i.ADC_SoftwareStartConv)
    ADC_TempSensorVrefintCmd                 0x080006c1   Thumb Code    34  stm32f4xx_adc.o(i.ADC_TempSensorVrefintCmd)
    BSP_init                                 0x080006ed   Thumb Code   148  main.o(i.BSP_init)
    BusFault_Handler                         0x08000781   Thumb Code     4  stm32f4xx_it.o(i.BusFault_Handler)
    CAN1_RX0_IRQHandler                      0x08000785   Thumb Code    38  can_receive.o(i.CAN1_RX0_IRQHandler)
    CAN1_mode_init                           0x080007b5   Thumb Code   264  can.o(i.CAN1_mode_init)
    CAN2_RX0_IRQHandler                      0x080008c5   Thumb Code    38  can_receive.o(i.CAN2_RX0_IRQHandler)
    CAN2_mode_init                           0x080008f5   Thumb Code   268  can.o(i.CAN2_mode_init)
    CAN_CMD_CHASSIS                          0x08000a09   Thumb Code    94  can_receive.o(i.CAN_CMD_CHASSIS)
    CAN_CMD_GIMBAL                           0x08000a6d   Thumb Code    68  can_receive.o(i.CAN_CMD_GIMBAL)
    CAN_ClearITPendingBit                    0x08000ab9   Thumb Code   162  stm32f4xx_can.o(i.CAN_ClearITPendingBit)
    CAN_FilterInit                           0x08000b61   Thumb Code   258  stm32f4xx_can.o(i.CAN_FilterInit)
    CAN_GetITStatus                          0x08000c69   Thumb Code   284  stm32f4xx_can.o(i.CAN_GetITStatus)
    CAN_ITConfig                             0x08000d89   Thumb Code    18  stm32f4xx_can.o(i.CAN_ITConfig)
    CAN_Init                                 0x08000d9b   Thumb Code   276  stm32f4xx_can.o(i.CAN_Init)
    CAN_Receive                              0x08000eaf   Thumb Code   240  stm32f4xx_can.o(i.CAN_Receive)
    CAN_Transmit                             0x08000f9f   Thumb Code   294  stm32f4xx_can.o(i.CAN_Transmit)
    DMA2_Stream5_IRQHandler                  0x0800125d   Thumb Code    66  ins_task.o(i.DMA2_Stream5_IRQHandler)
    DMA_ClearFlag                            0x080012b5   Thumb Code    38  stm32f4xx_dma.o(i.DMA_ClearFlag)
    DMA_Cmd                                  0x080012e9   Thumb Code    22  stm32f4xx_dma.o(i.DMA_Cmd)
    DMA_DeInit                               0x08001301   Thumb Code   324  stm32f4xx_dma.o(i.DMA_DeInit)
    DMA_DoubleBufferModeCmd                  0x08001459   Thumb Code    22  stm32f4xx_dma.o(i.DMA_DoubleBufferModeCmd)
    DMA_DoubleBufferModeConfig               0x0800146f   Thumb Code    24  stm32f4xx_dma.o(i.DMA_DoubleBufferModeConfig)
    DMA_GetCmdStatus                         0x08001487   Thumb Code    20  stm32f4xx_dma.o(i.DMA_GetCmdStatus)
    DMA_GetCurrDataCounter                   0x0800149b   Thumb Code     8  stm32f4xx_dma.o(i.DMA_GetCurrDataCounter)
    DMA_GetCurrentMemoryTarget               0x080014a3   Thumb Code    20  stm32f4xx_dma.o(i.DMA_GetCurrentMemoryTarget)
    DMA_GetFlagStatus                        0x080014b9   Thumb Code    54  stm32f4xx_dma.o(i.DMA_GetFlagStatus)
    DMA_Init                                 0x080014fd   Thumb Code    82  stm32f4xx_dma.o(i.DMA_Init)
    DMA_SetCurrDataCounter                   0x08001555   Thumb Code     4  stm32f4xx_dma.o(i.DMA_SetCurrDataCounter)
    DebugMon_Handler                         0x08001559   Thumb Code     2  stm32f4xx_it.o(i.DebugMon_Handler)
    DetectHook                               0x0800155d   Thumb Code   288  detect_task.o(i.DetectHook)
    EXTI9_5_IRQHandler                       0x08001681   Thumb Code    32  ins_task.o(i.EXTI9_5_IRQHandler)
    EXTI_ClearITPendingBit                   0x080016a1   Thumb Code     6  stm32f4xx_exti.o(i.EXTI_ClearITPendingBit)
    EXTI_GetITStatus                         0x080016ad   Thumb Code    20  stm32f4xx_exti.o(i.EXTI_GetITStatus)
    EXTI_Init                                0x080016c5   Thumb Code   142  stm32f4xx_exti.o(i.EXTI_Init)
    GPIO_Init                                0x08001759   Thumb Code   144  stm32f4xx_gpio.o(i.GPIO_Init)
    GPIO_PinAFConfig                         0x080017e9   Thumb Code    70  stm32f4xx_gpio.o(i.GPIO_PinAFConfig)
    GPIO_ReadInputDataBit                    0x0800182f   Thumb Code    18  stm32f4xx_gpio.o(i.GPIO_ReadInputDataBit)
    GPIO_ResetBits                           0x08001841   Thumb Code     4  stm32f4xx_gpio.o(i.GPIO_ResetBits)
    GPIO_SetBits                             0x08001845   Thumb Code     4  stm32f4xx_gpio.o(i.GPIO_SetBits)
    GPIO_WriteBit                            0x08001849   Thumb Code    10  stm32f4xx_gpio.o(i.GPIO_WriteBit)
    HardFault_Handler                        0x08001853   Thumb Code     4  stm32f4xx_it.o(i.HardFault_Handler)
    INS_cali_gyro                            0x08001859   Thumb Code    96  ins_task.o(i.INS_cali_gyro)
    INS_set_cali_gyro                        0x080018cd   Thumb Code    28  ins_task.o(i.INS_set_cali_gyro)
    IWDG_Enable                              0x080018ed   Thumb Code    10  stm32f4xx_iwdg.o(i.IWDG_Enable)
    IWDG_Init                                0x080018fd   Thumb Code    36  buzzer.o(i.IWDG_Init)
    IWDG_ReloadCounter                       0x08001921   Thumb Code    10  stm32f4xx_iwdg.o(i.IWDG_ReloadCounter)
    IWDG_SetPrescaler                        0x08001931   Thumb Code     6  stm32f4xx_iwdg.o(i.IWDG_SetPrescaler)
    IWDG_SetReload                           0x0800193d   Thumb Code     6  stm32f4xx_iwdg.o(i.IWDG_SetReload)
    IWDG_WriteAccessCmd                      0x08001949   Thumb Code     6  stm32f4xx_iwdg.o(i.IWDG_WriteAccessCmd)
    MemManage_Handler                        0x08001955   Thumb Code     4  stm32f4xx_it.o(i.MemManage_Handler)
    MySPI_SendData1                          0x08001959   Thumb Code    28  spi.o(i.MySPI_SendData1)
    NMI_Handler                              0x08001979   Thumb Code     2  stm32f4xx_it.o(i.NMI_Handler)
    NVIC_Init                                0x0800197d   Thumb Code   106  misc.o(i.NVIC_Init)
    NVIC_PriorityGroupConfig                 0x080019f5   Thumb Code    10  misc.o(i.NVIC_PriorityGroupConfig)
    OLED_Init                                0x08001a09   Thumb Code   304  led.o(i.OLED_Init)
    Out_EXTI_Configuration1                  0x08001b3d   Thumb Code   110  fric.o(i.Out_EXTI_Configuration1)
    Out_EXTI_Configuration2                  0x08001bb1   Thumb Code   112  fric.o(i.Out_EXTI_Configuration2)
    RCC_AHB1PeriphClockCmd                   0x08001c25   Thumb Code    26  stm32f4xx_rcc.o(i.RCC_AHB1PeriphClockCmd)
    RCC_APB1PeriphClockCmd                   0x08001c45   Thumb Code    26  stm32f4xx_rcc.o(i.RCC_APB1PeriphClockCmd)
    RCC_APB1PeriphResetCmd                   0x08001c65   Thumb Code    26  stm32f4xx_rcc.o(i.RCC_APB1PeriphResetCmd)
    RCC_APB2PeriphClockCmd                   0x08001c85   Thumb Code    26  stm32f4xx_rcc.o(i.RCC_APB2PeriphClockCmd)
    RCC_APB2PeriphResetCmd                   0x08001ca5   Thumb Code    26  stm32f4xx_rcc.o(i.RCC_APB2PeriphResetCmd)
    RCC_GetClocksFreq                        0x08001cc5   Thumb Code   214  stm32f4xx_rcc.o(i.RCC_GetClocksFreq)
    RC_Init                                  0x08001dad   Thumb Code   312  rc.o(i.RC_Init)
    RC_unable                                0x08001ef9   Thumb Code    12  rc.o(i.RC_unable)
    SPI5_DMA_Enable                          0x08001fb1   Thumb Code   104  spi.o(i.SPI5_DMA_Enable)
    SPI6Init                                 0x08002025   Thumb Code    90  spi.o(i.SPI6Init)
    SPI6SetSpeedAndDataSize                  0x08002085   Thumb Code    42  spi.o(i.SPI6SetSpeedAndDataSize)
    SPI_Cmd                                  0x080020b5   Thumb Code    24  stm32f4xx_spi.o(i.SPI_Cmd)
    SPI_GPIOConfig                           0x080020cd   Thumb Code    98  spi.o(i.SPI_GPIOConfig)
    SPI_I2S_GetFlagStatus                    0x08002139   Thumb Code    18  stm32f4xx_spi.o(i.SPI_I2S_GetFlagStatus)
    SPI_I2S_SendData                         0x0800214b   Thumb Code     4  stm32f4xx_spi.o(i.SPI_I2S_SendData)
    SPI_Init                                 0x0800214f   Thumb Code    60  stm32f4xx_spi.o(i.SPI_Init)
    SPI_OLED_Init                            0x0800218d   Thumb Code    82  led.o(i.SPI_OLED_Init)
    SYSCFG_EXTILineConfig                    0x080021e5   Thumb Code    60  stm32f4xx_syscfg.o(i.SYSCFG_EXTILineConfig)
    SysTick_CLKSourceConfig                  0x08002345   Thumb Code    40  misc.o(i.SysTick_CLKSourceConfig)
    SysTick_Handler                          0x0800236d   Thumb Code    16  freertos_middleware.o(i.SysTick_Handler)
    SystemInit                               0x0800237d   Thumb Code    88  system_stm32f4xx.o(i.SystemInit)
    TIM2_PWM3_Init                           0x080023e5   Thumb Code   156  fric.o(i.TIM2_PWM3_Init)
    TIM3_IRQHandler                          0x08002485   Thumb Code   258  main.o(i.TIM3_IRQHandler)
    TIM3_Init                                0x080025b5   Thumb Code   210  timer.o(i.TIM3_Init)
    TIM4_PWM_Init                            0x08002691   Thumb Code   156  fric.o(i.TIM4_PWM_Init)
    TIM5_PWM2_Init                           0x08002735   Thumb Code   156  fric.o(i.TIM5_PWM2_Init)
    TIM6_DAC_IRQHandler                      0x080027d9   Thumb Code    30  can_receive.o(i.TIM6_DAC_IRQHandler)
    TIM6_Init                                0x080027fd   Thumb Code   116  timer.o(i.TIM6_Init)
    TIM7_IRQHandler                          0x08002875   Thumb Code    12  main.o(i.TIM7_IRQHandler)
    TIM8_PWM1_Init                           0x08002885   Thumb Code   168  fric.o(i.TIM8_PWM1_Init)
    TIM_ARRPreloadConfig                     0x08002935   Thumb Code    24  stm32f4xx_tim.o(i.TIM_ARRPreloadConfig)
    TIM_ClearFlag                            0x0800294d   Thumb Code     6  stm32f4xx_tim.o(i.TIM_ClearFlag)
    TIM_Cmd                                  0x08002953   Thumb Code    24  stm32f4xx_tim.o(i.TIM_Cmd)
    TIM_CtrlPWMOutputs                       0x0800296b   Thumb Code    30  stm32f4xx_tim.o(i.TIM_CtrlPWMOutputs)
    TIM_DeInit                               0x08002989   Thumb Code   346  stm32f4xx_tim.o(i.TIM_DeInit)
    TIM_GetITStatus                          0x08002b19   Thumb Code    34  stm32f4xx_tim.o(i.TIM_GetITStatus)
    TIM_ITConfig                             0x08002b3b   Thumb Code    18  stm32f4xx_tim.o(i.TIM_ITConfig)
    TIM_OC1Init                              0x08002b4d   Thumb Code   114  stm32f4xx_tim.o(i.TIM_OC1Init)
    TIM_OC1PreloadConfig                     0x08002bc9   Thumb Code    18  stm32f4xx_tim.o(i.TIM_OC1PreloadConfig)
    TIM_OC2Init                              0x08002bdd   Thumb Code   154  stm32f4xx_tim.o(i.TIM_OC2Init)
    TIM_OC2PreloadConfig                     0x08002c81   Thumb Code    26  stm32f4xx_tim.o(i.TIM_OC2PreloadConfig)
    TIM_OC4Init                              0x08002c9d   Thumb Code   112  stm32f4xx_tim.o(i.TIM_OC4Init)
    TIM_OC4PreloadConfig                     0x08002d15   Thumb Code    26  stm32f4xx_tim.o(i.TIM_OC4PreloadConfig)
    TIM_SetCompare1                          0x08002d2f   Thumb Code     4  stm32f4xx_tim.o(i.TIM_SetCompare1)
    TIM_SetCompare4                          0x08002d33   Thumb Code     4  stm32f4xx_tim.o(i.TIM_SetCompare4)
    TIM_TimeBaseInit                         0x08002d39   Thumb Code   104  stm32f4xx_tim.o(i.TIM_TimeBaseInit)
    USART1_IRQHandler                        0x08002dbd   Thumb Code   216  remote_control.o(i.USART1_IRQHandler)
    USART_ClearFlag                          0x08002ead   Thumb Code    18  stm32f4xx_usart.o(i.USART_ClearFlag)
    USART_Cmd                                0x08002ebf   Thumb Code    24  stm32f4xx_usart.o(i.USART_Cmd)
    USART_DMACmd                             0x08002ed7   Thumb Code    18  stm32f4xx_usart.o(i.USART_DMACmd)
    USART_DeInit                             0x08002ee9   Thumb Code   206  stm32f4xx_usart.o(i.USART_DeInit)
    USART_GetITStatus                        0x08002fd9   Thumb Code    84  stm32f4xx_usart.o(i.USART_GetITStatus)
    USART_ITConfig                           0x0800302d   Thumb Code    74  stm32f4xx_usart.o(i.USART_ITConfig)
    USART_Init                               0x08003079   Thumb Code   204  stm32f4xx_usart.o(i.USART_Init)
    USART_ReceiveData                        0x0800314d   Thumb Code    10  stm32f4xx_usart.o(i.USART_ReceiveData)
    UsageFault_Handler                       0x08003157   Thumb Code     4  stm32f4xx_it.o(i.UsageFault_Handler)
    buzzer_init                              0x0800315d   Thumb Code   174  buzzer.o(i.buzzer_init)
    buzzer_off                               0x08003215   Thumb Code    12  buzzer.o(i.buzzer_off)
    buzzer_on                                0x08003225   Thumb Code    22  buzzer.o(i.buzzer_on)
    cali_param_init                          0x080035c9   Thumb Code   168  calibrate_task.o(i.cali_param_init)
    cmd_cali_gimbal_hook                     0x08003681   Thumb Code   194  gimbal_task.o(i.cmd_cali_gimbal_hook)
    delay_init                               0x0800374d   Thumb Code    90  delay.o(i.delay_init)
    delay_ms                                 0x080037b9   Thumb Code    76  delay.o(i.delay_ms)
    delay_us                                 0x08003809   Thumb Code    76  delay.o(i.delay_us)
    flash_read                               0x08003859   Thumb Code    32  flash.o(i.flash_read)
    flow_led_off                             0x08003879   Thumb Code    20  led.o(i.flow_led_off)
    fric_PWM_configuration                   0x08003891   Thumb Code   298  fric.o(i.fric_PWM_configuration)
    fric_off                                 0x080039cd   Thumb Code    24  fric.o(i.fric_off)
    get_Chassis_Motor_Measure_Point          0x08003a21   Thumb Code    18  can_receive.o(i.get_Chassis_Motor_Measure_Point)
    get_Pitch_Gimbal_Motor_Measure_Point     0x08003a39   Thumb Code     4  can_receive.o(i.get_Pitch_Gimbal_Motor_Measure_Point)
    get_Trigger_Motor_Measure_Point          0x08003a41   Thumb Code     4  can_receive.o(i.get_Trigger_Motor_Measure_Point)
    get_Yaw_Gimbal_Motor_Measure_Point       0x08003a49   Thumb Code     4  can_receive.o(i.get_Yaw_Gimbal_Motor_Measure_Point)
    get_remote_control_point                 0x08003a51   Thumb Code     4  remote_control.o(i.get_remote_control_point)
    get_temprate                             0x08003a59   Thumb Code    80  adc.o(i.get_temprate)
    gpio2_Init                               0x08003ab5   Thumb Code    42  fric.o(i.gpio2_Init)
    grab_close                               0x08003ae5   Thumb Code    68  main.o(i.grab_close)
    grab_open                                0x08003b39   Thumb Code    68  main.o(i.grab_open)
    gyro_offset                              0x08003b8d   Thumb Code    98  mpu6500driver.o(i.gyro_offset)
    laser_configuration                      0x08003bf5   Thumb Code    54  laser.o(i.laser_configuration)
    laser_on                                 0x08003c31   Thumb Code    14  laser.o(i.laser_on)
    led_configuration                        0x08003c45   Thumb Code    94  led.o(i.led_configuration)
    led_green_off                            0x08003cb1   Thumb Code    14  led.o(i.led_green_off)
    led_green_on                             0x08003cc5   Thumb Code    14  led.o(i.led_green_on)
    led_red_off                              0x08003cd9   Thumb Code    14  led.o(i.led_red_off)
    led_red_on                               0x08003ced   Thumb Code    14  led.o(i.led_red_on)
    main                                     0x08003d01   Thumb Code 10362  main.o(i.main)
    mpu6500_SPI_NS_H                         0x080065e1   Thumb Code    12  mpu6500driver_middleware.o(i.mpu6500_SPI_NS_H)
    mpu6500_SPI_NS_L                         0x080065f1   Thumb Code    12  mpu6500driver_middleware.o(i.mpu6500_SPI_NS_L)
    oled_clear                               0x08006601   Thumb Code    80  led.o(i.oled_clear)
    oled_display_on                          0x08006655   Thumb Code    28  led.o(i.oled_display_on)
    oled_drawpoint                           0x08006671   Thumb Code   134  led.o(i.oled_drawpoint)
    oled_refresh_gram                        0x08006715   Thumb Code    50  led.o(i.oled_refresh_gram)
    oled_showchar                            0x0800677d   Thumb Code   142  led.o(i.oled_showchar)
    oled_shownum                             0x08006811   Thumb Code   130  led.o(i.oled_shownum)
    oled_write_byte                          0x08006895   Thumb Code    38  led.o(i.oled_write_byte)
    power_ctrl_configuration                 0x080068c1   Thumb Code    66  power_ctrl.o(i.power_ctrl_configuration)
    power_ctrl_off                           0x08006909   Thumb Code    26  power_ctrl.o(i.power_ctrl_off)
    power_ctrl_on                            0x08006929   Thumb Code    26  power_ctrl.o(i.power_ctrl_on)
    remote_control_init                      0x0800697d   Thumb Code    16  remote_control.o(i.remote_control_init)
    return_zero                              0x08006991   Thumb Code   204  main.o(i.return_zero)
    roll_clockotherwise                      0x08006a85   Thumb Code     4  main.o(i.roll_clockotherwise)
    roll_clockwise                           0x08006a89   Thumb Code     4  main.o(i.roll_clockwise)
    sensor_Init                              0x08006a8d   Thumb Code    94  sensor1.o(i.sensor_Init)
    set_cali_gimbal_hook                     0x08006af5   Thumb Code    28  gimbal_task.o(i.set_cali_gimbal_hook)
    temperature_ADC_init                     0x08006b41   Thumb Code    80  adc.o(i.temperature_ADC_init)
    uxListRemove                             0x08006b95   Thumb Code    40  list.o(i.uxListRemove)
    vListInsertEnd                           0x08006bbd   Thumb Code    24  list.o(i.vListInsertEnd)
    vPortValidateInterruptPriority           0x08006bd5   Thumb Code   106  port.o(i.vPortValidateInterruptPriority)
    vTaskNotifyGiveFromISR                   0x08006c4d   Thumb Code   216  tasks.o(i.vTaskNotifyGiveFromISR)
    vTaskSwitchContext                       0x08006d3d   Thumb Code   118  tasks.o(i.vTaskSwitchContext)
    vcc_Init                                 0x08006dc9   Thumb Code    56  fric.o(i.vcc_Init)
    xPortSysTickHandler                      0x08006e05   Thumb Code    46  port.o(i.xPortSysTickHandler)
    xTaskGetSchedulerState                   0x08006e39   Thumb Code    24  tasks.o(i.xTaskGetSchedulerState)
    xTaskGetTickCount                        0x08006e59   Thumb Code     6  tasks.o(i.xTaskGetTickCount)
    xTaskIncrementTick                       0x08006e65   Thumb Code   282  tasks.o(i.xTaskIncrementTick)
    x_goto                                   0x08006fad   Thumb Code   182  main.o(i.x_goto)
    y_goto                                   0x0800707d   Thumb Code   188  main.o(i.y_goto)
    __aeabi_dadd                             0x08007151   Thumb Code     0  daddsub_clz.o(x$fpl$dadd)
    _dadd                                    0x08007151   Thumb Code   580  daddsub_clz.o(x$fpl$dadd)
    __fpl_dcmp_Inf                           0x0800739d   Thumb Code    24  dcmpi.o(x$fpl$dcmpinf)
    __aeabi_i2d                              0x080073b5   Thumb Code     0  dflt_clz.o(x$fpl$dflt)
    _dflt                                    0x080073b5   Thumb Code    46  dflt_clz.o(x$fpl$dflt)
    __aeabi_cdcmple                          0x080073e5   Thumb Code     0  dleqf.o(x$fpl$dleqf)
    _dcmple                                  0x080073e5   Thumb Code   120  dleqf.o(x$fpl$dleqf)
    __fpl_dcmple_InfNaN                      0x0800743d   Thumb Code     0  dleqf.o(x$fpl$dleqf)
    __aeabi_dmul                             0x0800745d   Thumb Code     0  dmul_clz.o(x$fpl$dmul)
    _dmul                                    0x0800745d   Thumb Code   440  dmul_clz.o(x$fpl$dmul)
    __fpl_dnaninf                            0x0800761d   Thumb Code   258  dnaninf.o(x$fpl$dnaninf)
    __fpl_drenorm2                           0x0800771f   Thumb Code   106  drenorm_clz.o(x$fpl$drenorm)
    __fpl_drenorm1                           0x08007789   Thumb Code     6  drenorm_clz.o(x$fpl$drenorm)
    __fpl_dretinf                            0x0800778f   Thumb Code    12  dretinf.o(x$fpl$dretinf)
    __aeabi_cdrcmple                         0x0800779b   Thumb Code     0  drleqf.o(x$fpl$drleqf)
    _drcmple                                 0x0800779b   Thumb Code    98  drleqf.o(x$fpl$drleqf)
    __aeabi_dsub                             0x080077fd   Thumb Code     0  daddsub_clz.o(x$fpl$dsub)
    _dsub                                    0x080077fd   Thumb Code   664  daddsub_clz.o(x$fpl$dsub)
    __dunder                                 0x08007a99   Thumb Code   314  dunder_clz.o(x$fpl$dunder)
    __dunder_d                               0x08007bd3   Thumb Code    64  dunder_clz.o(x$fpl$dunder)
    __fpl_exception                          0x08007c15   Thumb Code   454  except.o(x$fpl$exception)
    _fp_init                                 0x08007e01   Thumb Code    10  fpinit.o(x$fpl$fpinit)
    __fplib_config_fpu_vfp                   0x08007e09   Thumb Code     0  fpinit.o(x$fpl$fpinit)
    __fplib_config_pureend_doubles           0x08007e09   Thumb Code     0  fpinit.o(x$fpl$fpinit)
    __fpl_return_NaN                         0x08007e0b   Thumb Code   178  retnan.o(x$fpl$retnan)
    _fp_trapveneer                           0x08007ebd   Thumb Code    36  trapv.o(x$fpl$trapveneer)
    __fpl_cmpreturn                          0x08007ee1   Thumb Code    90  trapv.o(x$fpl$trapveneer)
    __I$use$fp                               0x08007f3a   Number         0  usenofp.o(x$fpl$usenofp)
    asc2_1206                                0x08007f3a   Data        1140  led.o(.constdata)
    gImage_logo                              0x080083ae   Data         832  led.o(.constdata)
    LOGO_BMP                                 0x080086ee   Data        1024  led.o(.constdata)
    Region$$Table$$Base                      0x08008af0   Number         0  anon$$obj.o(Region$$Table)
    Region$$Table$$Limit                     0x08008b10   Number         0  anon$$obj.o(Region$$Table)
    SystemCoreClock                          0x20000000   Data           4  system_stm32f4xx.o(.data)
    AHBPrescTable                            0x20000004   Data          16  system_stm32f4xx.o(.data)
    pxCurrentTCB                             0x20000024   Data           4  tasks.o(.data)
    time_count                               0x2000006c   Data           4  main.o(.data)
    justify                                  0x20000070   Data           1  main.o(.data)
    justify2                                 0x20000071   Data           1  main.o(.data)
    tim4_j                                   0x20000072   Data           1  main.o(.data)
    tim5_j                                   0x20000073   Data           1  main.o(.data)
    justifyx                                 0x20000074   Data           1  main.o(.data)
    flagx                                    0x20000075   Data           1  main.o(.data)
    flagy                                    0x20000076   Data           1  main.o(.data)
    flag_grab                                0x20000077   Data           1  main.o(.data)
    flagw                                    0x20000078   Data           1  main.o(.data)
    grab_count                               0x2000007a   Data           2  main.o(.data)
    roll_count                               0x2000007c   Data           1  main.o(.data)
    flag_roll                                0x2000007d   Data           1  main.o(.data)
    flag_gimbal                              0x2000007e   Data           1  main.o(.data)
    vx                                       0x20000080   Data           4  main.o(.data)
    tx                                       0x20000084   Data           4  main.o(.data)
    flag_tx                                  0x20000088   Data           1  main.o(.data)
    pwm_count                                0x2000008c   Data           4  main.o(.data)
    pwm_count2                               0x20000090   Data           4  main.o(.data)
    motor1                                   0x20000094   Data           4  main.o(.data)
    motor2                                   0x20000098   Data           4  main.o(.data)
    motor3                                   0x2000009c   Data           4  main.o(.data)
    motora1                                  0x200000a0   Data           4  main.o(.data)
    motora2                                  0x200000a4   Data           4  main.o(.data)
    motora3                                  0x200000a8   Data           4  main.o(.data)
    motora4                                  0x200000ac   Data           4  main.o(.data)
    motora5                                  0x200000b0   Data           4  main.o(.data)
    motora6                                  0x200000b4   Data           4  main.o(.data)
    motora7                                  0x200000b8   Data           4  main.o(.data)
    motora8                                  0x200000bc   Data           4  main.o(.data)
    rc1                                      0x200000c0   Data           4  main.o(.data)
    calibrate_task_stack                     0x200000cc   Data           4  calibrate_task.o(.data)
    cali_hook_fun                            0x200000f8   Data          20  calibrate_task.o(.data)
    INSTaskStack                             0x20000128   Data           4  ins_task.o(.data)
    __libspace_start                         0x20000e60   Data          96  libspace.o(.bss)
    __temporary_stack_top$libspace           0x20000ec0   Data           0  libspace.o(.bss)



==============================================================================

Memory Map of the image

  Image Entry point : 0x080001ad

  Load Region LR_IROM1 (Base: 0x08000000, Size: 0x00008cb8, Max: 0x00200000, ABSOLUTE, COMPRESSED[0x00008b68])

    Execution Region ER_IROM1 (Exec base: 0x08000000, Load base: 0x08000000, Size: 0x00008b10, Max: 0x00200000, ABSOLUTE)

    Exec Addr    Load Addr    Size         Type   Attr      Idx    E Section Name        Object

    0x08000000   0x08000000   0x000001ac   Data   RO            3    RESET               startup_stm32f427xx.o
    0x080001ac   0x080001ac   0x00000008   Code   RO         9227  * !!!main             c_w.l(__main.o)
    0x080001b4   0x080001b4   0x00000034   Code   RO         9665    !!!scatter          c_w.l(__scatter.o)
    0x080001e8   0x080001e8   0x0000005a   Code   RO         9663    !!dczerorl2         c_w.l(__dczerorl2.o)
    0x08000242   0x08000242   0x00000002   PAD
    0x08000244   0x08000244   0x0000001c   Code   RO         9667    !!handler_zi        c_w.l(__scatter_zi.o)
    0x08000260   0x08000260   0x00000002   Code   RO         9527    .ARM.Collect$$libinit$$00000000  c_w.l(libinit.o)
    0x08000262   0x08000262   0x00000004   Code   RO         9545    .ARM.Collect$$libinit$$00000001  c_w.l(libinit2.o)
    0x08000266   0x08000266   0x00000000   Code   RO         9548    .ARM.Collect$$libinit$$00000004  c_w.l(libinit2.o)
    0x08000266   0x08000266   0x00000000   Code   RO         9551    .ARM.Collect$$libinit$$0000000A  c_w.l(libinit2.o)
    0x08000266   0x08000266   0x00000000   Code   RO         9553    .ARM.Collect$$libinit$$0000000C  c_w.l(libinit2.o)
    0x08000266   0x08000266   0x00000000   Code   RO         9555    .ARM.Collect$$libinit$$0000000E  c_w.l(libinit2.o)
    0x08000266   0x08000266   0x00000000   Code   RO         9558    .ARM.Collect$$libinit$$00000011  c_w.l(libinit2.o)
    0x08000266   0x08000266   0x00000000   Code   RO         9560    .ARM.Collect$$libinit$$00000013  c_w.l(libinit2.o)
    0x08000266   0x08000266   0x00000000   Code   RO         9562    .ARM.Collect$$libinit$$00000015  c_w.l(libinit2.o)
    0x08000266   0x08000266   0x00000000   Code   RO         9564    .ARM.Collect$$libinit$$00000017  c_w.l(libinit2.o)
    0x08000266   0x08000266   0x00000000   Code   RO         9566    .ARM.Collect$$libinit$$00000019  c_w.l(libinit2.o)
    0x08000266   0x08000266   0x00000000   Code   RO         9568    .ARM.Collect$$libinit$$0000001B  c_w.l(libinit2.o)
    0x08000266   0x08000266   0x00000000   Code   RO         9570    .ARM.Collect$$libinit$$0000001D  c_w.l(libinit2.o)
    0x08000266   0x08000266   0x00000000   Code   RO         9572    .ARM.Collect$$libinit$$0000001F  c_w.l(libinit2.o)
    0x08000266   0x08000266   0x00000000   Code   RO         9574    .ARM.Collect$$libinit$$00000021  c_w.l(libinit2.o)
    0x08000266   0x08000266   0x00000000   Code   RO         9576    .ARM.Collect$$libinit$$00000023  c_w.l(libinit2.o)
    0x08000266   0x08000266   0x00000000   Code   RO         9578    .ARM.Collect$$libinit$$00000025  c_w.l(libinit2.o)
    0x08000266   0x08000266   0x00000000   Code   RO         9582    .ARM.Collect$$libinit$$0000002C  c_w.l(libinit2.o)
    0x08000266   0x08000266   0x00000000   Code   RO         9584    .ARM.Collect$$libinit$$0000002E  c_w.l(libinit2.o)
    0x08000266   0x08000266   0x00000000   Code   RO         9586    .ARM.Collect$$libinit$$00000030  c_w.l(libinit2.o)
    0x08000266   0x08000266   0x00000000   Code   RO         9588    .ARM.Collect$$libinit$$00000032  c_w.l(libinit2.o)
    0x08000266   0x08000266   0x00000002   Code   RO         9589    .ARM.Collect$$libinit$$00000033  c_w.l(libinit2.o)
    0x08000268   0x08000268   0x00000002   Code   RO         9620    .ARM.Collect$$libshutdown$$00000000  c_w.l(libshutdown.o)
    0x0800026a   0x0800026a   0x00000000   Code   RO         9646    .ARM.Collect$$libshutdown$$00000002  c_w.l(libshutdown2.o)
    0x0800026a   0x0800026a   0x00000000   Code   RO         9648    .ARM.Collect$$libshutdown$$00000004  c_w.l(libshutdown2.o)
    0x0800026a   0x0800026a   0x00000000   Code   RO         9651    .ARM.Collect$$libshutdown$$00000007  c_w.l(libshutdown2.o)
    0x0800026a   0x0800026a   0x00000000   Code   RO         9654    .ARM.Collect$$libshutdown$$0000000A  c_w.l(libshutdown2.o)
    0x0800026a   0x0800026a   0x00000000   Code   RO         9656    .ARM.Collect$$libshutdown$$0000000C  c_w.l(libshutdown2.o)
    0x0800026a   0x0800026a   0x00000000   Code   RO         9659    .ARM.Collect$$libshutdown$$0000000F  c_w.l(libshutdown2.o)
    0x0800026a   0x0800026a   0x00000002   Code   RO         9660    .ARM.Collect$$libshutdown$$00000010  c_w.l(libshutdown2.o)
    0x0800026c   0x0800026c   0x00000000   Code   RO         9305    .ARM.Collect$$rtentry$$00000000  c_w.l(__rtentry.o)
    0x0800026c   0x0800026c   0x00000000   Code   RO         9438    .ARM.Collect$$rtentry$$00000002  c_w.l(__rtentry2.o)
    0x0800026c   0x0800026c   0x00000006   Code   RO         9450    .ARM.Collect$$rtentry$$00000004  c_w.l(__rtentry4.o)
    0x08000272   0x08000272   0x00000000   Code   RO         9440    .ARM.Collect$$rtentry$$00000009  c_w.l(__rtentry2.o)
    0x08000272   0x08000272   0x00000004   Code   RO         9441    .ARM.Collect$$rtentry$$0000000A  c_w.l(__rtentry2.o)
    0x08000276   0x08000276   0x00000000   Code   RO         9443    .ARM.Collect$$rtentry$$0000000C  c_w.l(__rtentry2.o)
    0x08000276   0x08000276   0x00000008   Code   RO         9444    .ARM.Collect$$rtentry$$0000000D  c_w.l(__rtentry2.o)
    0x0800027e   0x0800027e   0x00000002   Code   RO         9532    .ARM.Collect$$rtexit$$00000000  c_w.l(rtexit.o)
    0x08000280   0x08000280   0x00000000   Code   RO         9593    .ARM.Collect$$rtexit$$00000002  c_w.l(rtexit2.o)
    0x08000280   0x08000280   0x00000004   Code   RO         9594    .ARM.Collect$$rtexit$$00000003  c_w.l(rtexit2.o)
    0x08000284   0x08000284   0x00000006   Code   RO         9595    .ARM.Collect$$rtexit$$00000004  c_w.l(rtexit2.o)
    0x0800028a   0x0800028a   0x00000002   PAD
    0x0800028c   0x0800028c   0x000000b6   Code   RO         6328    .emb_text           port.o
    0x08000342   0x08000342   0x00000002   PAD
    0x08000344   0x08000344   0x0000004c   Code   RO            4    .text               startup_stm32f427xx.o
    0x08000390   0x08000390   0x00000006   Code   RO         9225    .text               c_w.l(heapauxi.o)
    0x08000396   0x08000396   0x00000002   PAD
    0x08000398   0x08000398   0x00000030   Code   RO         9459    .text               c_w.l(_fptrap.o)
    0x080003c8   0x080003c8   0x00000008   Code   RO         9474    .text               c_w.l(libspace.o)
    0x080003d0   0x080003d0   0x0000004a   Code   RO         9477    .text               c_w.l(sys_stackheap_outer.o)
    0x0800041a   0x0800041a   0x00000012   Code   RO         9516    .text               c_w.l(exit.o)
    0x0800042c   0x0800042c   0x0000000e   Code   RO         9518    .text               c_w.l(defsig_fpe_outer.o)
    0x0800043a   0x0800043a   0x0000000a   Code   RO         9539    .text               c_w.l(defsig_exit.o)
    0x08000444   0x08000444   0x000000ac   Code   RO         9541    .text               c_w.l(defsig_fpe_inner.o)
    0x080004f0   0x080004f0   0x0000000c   Code   RO         9590    .text               c_w.l(sys_exit.o)
    0x080004fc   0x080004fc   0x00000032   Code   RO         9601    .text               c_w.l(defsig_general.o)
    0x0800052e   0x0800052e   0x0000000e   Code   RO         9607    .text               c_w.l(sys_wrch.o)
    0x0800053c   0x0800053c   0x00000002   Code   RO         9609    .text               c_w.l(use_no_semi.o)
    0x0800053e   0x0800053e   0x00000000   Code   RO         9611    .text               c_w.l(indicate_semi.o)
    0x0800053e   0x0800053e   0x00000006   Code   RO          355    i.ADC_ClearFlag     stm32f4xx_adc.o
    0x08000544   0x08000544   0x00000016   Code   RO          357    i.ADC_Cmd           stm32f4xx_adc.o
    0x0800055a   0x0800055a   0x00000002   PAD
    0x0800055c   0x0800055c   0x00000030   Code   RO          358    i.ADC_CommonInit    stm32f4xx_adc.o
    0x0800058c   0x0800058c   0x00000008   Code   RO          369    i.ADC_GetConversionValue  stm32f4xx_adc.o
    0x08000594   0x08000594   0x00000012   Code   RO          370    i.ADC_GetFlagStatus  stm32f4xx_adc.o
    0x080005a6   0x080005a6   0x00000002   PAD
    0x080005a8   0x080005a8   0x00000054   Code   RO          377    i.ADC_Init          stm32f4xx_adc.o
    0x080005fc   0x080005fc   0x000000b8   Code   RO          382    i.ADC_RegularChannelConfig  stm32f4xx_adc.o
    0x080006b4   0x080006b4   0x0000000a   Code   RO          384    i.ADC_SoftwareStartConv  stm32f4xx_adc.o
    0x080006be   0x080006be   0x00000002   PAD
    0x080006c0   0x080006c0   0x0000002c   Code   RO          387    i.ADC_TempSensorVrefintCmd  stm32f4xx_adc.o
    0x080006ec   0x080006ec   0x00000094   Code   RO         6874    i.BSP_init          main.o
    0x08000780   0x08000780   0x00000004   Code   RO           13    i.BusFault_Handler  stm32f4xx_it.o
    0x08000784   0x08000784   0x00000030   Code   RO         8008    i.CAN1_RX0_IRQHandler  can_receive.o
    0x080007b4   0x080007b4   0x00000110   Code   RO         7161    i.CAN1_mode_init    can.o
    0x080008c4   0x080008c4   0x00000030   Code   RO         8009    i.CAN2_RX0_IRQHandler  can_receive.o
    0x080008f4   0x080008f4   0x00000114   Code   RO         7162    i.CAN2_mode_init    can.o
    0x08000a08   0x08000a08   0x00000064   Code   RO         8010    i.CAN_CMD_CHASSIS   can_receive.o
    0x08000a6c   0x08000a6c   0x0000004c   Code   RO         8012    i.CAN_CMD_GIMBAL    can_receive.o
    0x08000ab8   0x08000ab8   0x000000a8   Code   RO          599    i.CAN_ClearITPendingBit  stm32f4xx_can.o
    0x08000b60   0x08000b60   0x00000108   Code   RO          603    i.CAN_FilterInit    stm32f4xx_can.o
    0x08000c68   0x08000c68   0x00000120   Code   RO          605    i.CAN_GetITStatus   stm32f4xx_can.o
    0x08000d88   0x08000d88   0x00000012   Code   RO          609    i.CAN_ITConfig      stm32f4xx_can.o
    0x08000d9a   0x08000d9a   0x00000114   Code   RO          610    i.CAN_Init          stm32f4xx_can.o
    0x08000eae   0x08000eae   0x000000f0   Code   RO          613    i.CAN_Receive       stm32f4xx_can.o
    0x08000f9e   0x08000f9e   0x00000126   Code   RO          618    i.CAN_Transmit      stm32f4xx_can.o
    0x080010c4   0x080010c4   0x00000184   Code   RO         8013    i.CAN_hook          can_receive.o
    0x08001248   0x08001248   0x00000012   Code   RO          621    i.CheckITStatus     stm32f4xx_can.o
    0x0800125a   0x0800125a   0x00000002   PAD
    0x0800125c   0x0800125c   0x00000058   Code   RO         8575    i.DMA2_Stream5_IRQHandler  ins_task.o
    0x080012b4   0x080012b4   0x00000034   Code   RO         1376    i.DMA_ClearFlag     stm32f4xx_dma.o
    0x080012e8   0x080012e8   0x00000016   Code   RO         1378    i.DMA_Cmd           stm32f4xx_dma.o
    0x080012fe   0x080012fe   0x00000002   PAD
    0x08001300   0x08001300   0x00000158   Code   RO         1379    i.DMA_DeInit        stm32f4xx_dma.o
    0x08001458   0x08001458   0x00000016   Code   RO         1380    i.DMA_DoubleBufferModeCmd  stm32f4xx_dma.o
    0x0800146e   0x0800146e   0x00000018   Code   RO         1381    i.DMA_DoubleBufferModeConfig  stm32f4xx_dma.o
    0x08001486   0x08001486   0x00000014   Code   RO         1383    i.DMA_GetCmdStatus  stm32f4xx_dma.o
    0x0800149a   0x0800149a   0x00000008   Code   RO         1384    i.DMA_GetCurrDataCounter  stm32f4xx_dma.o
    0x080014a2   0x080014a2   0x00000014   Code   RO         1385    i.DMA_GetCurrentMemoryTarget  stm32f4xx_dma.o
    0x080014b6   0x080014b6   0x00000002   PAD
    0x080014b8   0x080014b8   0x00000044   Code   RO         1387    i.DMA_GetFlagStatus  stm32f4xx_dma.o
    0x080014fc   0x080014fc   0x00000058   Code   RO         1390    i.DMA_Init          stm32f4xx_dma.o
    0x08001554   0x08001554   0x00000004   Code   RO         1393    i.DMA_SetCurrDataCounter  stm32f4xx_dma.o
    0x08001558   0x08001558   0x00000002   Code   RO           14    i.DebugMon_Handler  stm32f4xx_it.o
    0x0800155a   0x0800155a   0x00000002   PAD
    0x0800155c   0x0800155c   0x00000124   Code   RO         8252    i.DetectHook        detect_task.o
    0x08001680   0x08001680   0x00000020   Code   RO         8576    i.EXTI9_5_IRQHandler  ins_task.o
    0x080016a0   0x080016a0   0x0000000c   Code   RO         1662    i.EXTI_ClearITPendingBit  stm32f4xx_exti.o
    0x080016ac   0x080016ac   0x00000018   Code   RO         1666    i.EXTI_GetITStatus  stm32f4xx_exti.o
    0x080016c4   0x080016c4   0x00000094   Code   RO         1667    i.EXTI_Init         stm32f4xx_exti.o
    0x08001758   0x08001758   0x00000090   Code   RO         2223    i.GPIO_Init         stm32f4xx_gpio.o
    0x080017e8   0x080017e8   0x00000046   Code   RO         2224    i.GPIO_PinAFConfig  stm32f4xx_gpio.o
    0x0800182e   0x0800182e   0x00000012   Code   RO         2227    i.GPIO_ReadInputDataBit  stm32f4xx_gpio.o
    0x08001840   0x08001840   0x00000004   Code   RO         2230    i.GPIO_ResetBits    stm32f4xx_gpio.o
    0x08001844   0x08001844   0x00000004   Code   RO         2231    i.GPIO_SetBits      stm32f4xx_gpio.o
    0x08001848   0x08001848   0x0000000a   Code   RO         2235    i.GPIO_WriteBit     stm32f4xx_gpio.o
    0x08001852   0x08001852   0x00000004   Code   RO           15    i.HardFault_Handler  stm32f4xx_it.o
    0x08001856   0x08001856   0x00000002   PAD
    0x08001858   0x08001858   0x00000074   Code   RO         8580    i.INS_cali_gyro     ins_task.o
    0x080018cc   0x080018cc   0x00000020   Code   RO         8581    i.INS_set_cali_gyro  ins_task.o
    0x080018ec   0x080018ec   0x00000010   Code   RO         2738    i.IWDG_Enable       stm32f4xx_iwdg.o
    0x080018fc   0x080018fc   0x00000024   Code   RO         7116    i.IWDG_Init         buzzer.o
    0x08001920   0x08001920   0x00000010   Code   RO         2740    i.IWDG_ReloadCounter  stm32f4xx_iwdg.o
    0x08001930   0x08001930   0x0000000c   Code   RO         2741    i.IWDG_SetPrescaler  stm32f4xx_iwdg.o
    0x0800193c   0x0800193c   0x0000000c   Code   RO         2742    i.IWDG_SetReload    stm32f4xx_iwdg.o
    0x08001948   0x08001948   0x0000000c   Code   RO         2743    i.IWDG_WriteAccessCmd  stm32f4xx_iwdg.o
    0x08001954   0x08001954   0x00000004   Code   RO           16    i.MemManage_Handler  stm32f4xx_it.o
    0x08001958   0x08001958   0x00000020   Code   RO         7772    i.MySPI_SendData1   spi.o
    0x08001978   0x08001978   0x00000002   Code   RO           17    i.NMI_Handler       stm32f4xx_it.o
    0x0800197a   0x0800197a   0x00000002   PAD
    0x0800197c   0x0800197c   0x00000078   Code   RO          303    i.NVIC_Init         misc.o
    0x080019f4   0x080019f4   0x00000014   Code   RO          304    i.NVIC_PriorityGroupConfig  misc.o
    0x08001a08   0x08001a08   0x00000134   Code   RO         7463    i.OLED_Init         led.o
    0x08001b3c   0x08001b3c   0x00000074   Code   RO         7331    i.Out_EXTI_Configuration1  fric.o
    0x08001bb0   0x08001bb0   0x00000074   Code   RO         7332    i.Out_EXTI_Configuration2  fric.o
    0x08001c24   0x08001c24   0x00000020   Code   RO         3035    i.RCC_AHB1PeriphClockCmd  stm32f4xx_rcc.o
    0x08001c44   0x08001c44   0x00000020   Code   RO         3044    i.RCC_APB1PeriphClockCmd  stm32f4xx_rcc.o
    0x08001c64   0x08001c64   0x00000020   Code   RO         3046    i.RCC_APB1PeriphResetCmd  stm32f4xx_rcc.o
    0x08001c84   0x08001c84   0x00000020   Code   RO         3047    i.RCC_APB2PeriphClockCmd  stm32f4xx_rcc.o
    0x08001ca4   0x08001ca4   0x00000020   Code   RO         3049    i.RCC_APB2PeriphResetCmd  stm32f4xx_rcc.o
    0x08001cc4   0x08001cc4   0x000000e8   Code   RO         3056    i.RCC_GetClocksFreq  stm32f4xx_rcc.o
    0x08001dac   0x08001dac   0x0000014c   Code   RO         7694    i.RC_Init           rc.o
    0x08001ef8   0x08001ef8   0x00000010   Code   RO         7696    i.RC_unable         rc.o
    0x08001f08   0x08001f08   0x000000a8   Code   RO         8712    i.SBUS_TO_RC        remote_control.o
    0x08001fb0   0x08001fb0   0x00000074   Code   RO         7775    i.SPI5_DMA_Enable   spi.o
    0x08002024   0x08002024   0x00000060   Code   RO         7777    i.SPI6Init          spi.o
    0x08002084   0x08002084   0x00000030   Code   RO         7778    i.SPI6SetSpeedAndDataSize  spi.o
    0x080020b4   0x080020b4   0x00000018   Code   RO         4196    i.SPI_Cmd           stm32f4xx_spi.o
    0x080020cc   0x080020cc   0x0000006c   Code   RO         7779    i.SPI_GPIOConfig    spi.o
    0x08002138   0x08002138   0x00000012   Code   RO         4204    i.SPI_I2S_GetFlagStatus  stm32f4xx_spi.o
    0x0800214a   0x0800214a   0x00000004   Code   RO         4208    i.SPI_I2S_SendData  stm32f4xx_spi.o
    0x0800214e   0x0800214e   0x0000003c   Code   RO         4209    i.SPI_Init          stm32f4xx_spi.o
    0x0800218a   0x0800218a   0x00000002   PAD
    0x0800218c   0x0800218c   0x00000058   Code   RO         7464    i.SPI_OLED_Init     led.o
    0x080021e4   0x080021e4   0x00000040   Code   RO         4361    i.SYSCFG_EXTILineConfig  stm32f4xx_syscfg.o
    0x08002224   0x08002224   0x00000120   Code   RO          185    i.SetSysClock       system_stm32f4xx.o
    0x08002344   0x08002344   0x00000028   Code   RO          307    i.SysTick_CLKSourceConfig  misc.o
    0x0800236c   0x0800236c   0x00000010   Code   RO         8312    i.SysTick_Handler   freertos_middleware.o
    0x0800237c   0x0800237c   0x00000068   Code   RO          187    i.SystemInit        system_stm32f4xx.o
    0x080023e4   0x080023e4   0x000000a0   Code   RO         7333    i.TIM2_PWM3_Init    fric.o
    0x08002484   0x08002484   0x00000130   Code   RO         6875    i.TIM3_IRQHandler   main.o
    0x080025b4   0x080025b4   0x000000dc   Code   RO         7856    i.TIM3_Init         timer.o
    0x08002690   0x08002690   0x000000a4   Code   RO         7334    i.TIM4_PWM_Init     fric.o
    0x08002734   0x08002734   0x000000a4   Code   RO         7335    i.TIM5_PWM2_Init    fric.o
    0x080027d8   0x080027d8   0x00000024   Code   RO         8014    i.TIM6_DAC_IRQHandler  can_receive.o
    0x080027fc   0x080027fc   0x00000078   Code   RO         7857    i.TIM6_Init         timer.o
    0x08002874   0x08002874   0x00000010   Code   RO         6876    i.TIM7_IRQHandler   main.o
    0x08002884   0x08002884   0x000000b0   Code   RO         7336    i.TIM8_PWM1_Init    fric.o
    0x08002934   0x08002934   0x00000018   Code   RO         4422    i.TIM_ARRPreloadConfig  stm32f4xx_tim.o
    0x0800294c   0x0800294c   0x00000006   Code   RO         4428    i.TIM_ClearFlag     stm32f4xx_tim.o
    0x08002952   0x08002952   0x00000018   Code   RO         4434    i.TIM_Cmd           stm32f4xx_tim.o
    0x0800296a   0x0800296a   0x0000001e   Code   RO         4436    i.TIM_CtrlPWMOutputs  stm32f4xx_tim.o
    0x08002988   0x08002988   0x00000190   Code   RO         4439    i.TIM_DeInit        stm32f4xx_tim.o
    0x08002b18   0x08002b18   0x00000022   Code   RO         4455    i.TIM_GetITStatus   stm32f4xx_tim.o
    0x08002b3a   0x08002b3a   0x00000012   Code   RO         4459    i.TIM_ITConfig      stm32f4xx_tim.o
    0x08002b4c   0x08002b4c   0x0000007c   Code   RO         4463    i.TIM_OC1Init       stm32f4xx_tim.o
    0x08002bc8   0x08002bc8   0x00000012   Code   RO         4466    i.TIM_OC1PreloadConfig  stm32f4xx_tim.o
    0x08002bda   0x08002bda   0x00000002   PAD
    0x08002bdc   0x08002bdc   0x000000a4   Code   RO         4468    i.TIM_OC2Init       stm32f4xx_tim.o
    0x08002c80   0x08002c80   0x0000001a   Code   RO         4471    i.TIM_OC2PreloadConfig  stm32f4xx_tim.o
    0x08002c9a   0x08002c9a   0x00000002   PAD
    0x08002c9c   0x08002c9c   0x00000078   Code   RO         4478    i.TIM_OC4Init       stm32f4xx_tim.o
    0x08002d14   0x08002d14   0x0000001a   Code   RO         4480    i.TIM_OC4PreloadConfig  stm32f4xx_tim.o
    0x08002d2e   0x08002d2e   0x00000004   Code   RO         4496    i.TIM_SetCompare1   stm32f4xx_tim.o
    0x08002d32   0x08002d32   0x00000004   Code   RO         4499    i.TIM_SetCompare4   stm32f4xx_tim.o
    0x08002d36   0x08002d36   0x00000002   PAD
    0x08002d38   0x08002d38   0x00000084   Code   RO         4506    i.TIM_TimeBaseInit  stm32f4xx_tim.o
    0x08002dbc   0x08002dbc   0x000000f0   Code   RO         8713    i.USART1_IRQHandler  remote_control.o
    0x08002eac   0x08002eac   0x00000012   Code   RO         5110    i.USART_ClearFlag   stm32f4xx_usart.o
    0x08002ebe   0x08002ebe   0x00000018   Code   RO         5114    i.USART_Cmd         stm32f4xx_usart.o
    0x08002ed6   0x08002ed6   0x00000012   Code   RO         5115    i.USART_DMACmd      stm32f4xx_usart.o
    0x08002ee8   0x08002ee8   0x000000f0   Code   RO         5116    i.USART_DeInit      stm32f4xx_usart.o
    0x08002fd8   0x08002fd8   0x00000054   Code   RO         5118    i.USART_GetITStatus  stm32f4xx_usart.o
    0x0800302c   0x0800302c   0x0000004a   Code   RO         5120    i.USART_ITConfig    stm32f4xx_usart.o
    0x08003076   0x08003076   0x00000002   PAD
    0x08003078   0x08003078   0x000000d4   Code   RO         5121    i.USART_Init        stm32f4xx_usart.o
    0x0800314c   0x0800314c   0x0000000a   Code   RO         5128    i.USART_ReceiveData  stm32f4xx_usart.o
    0x08003156   0x08003156   0x00000004   Code   RO           18    i.UsageFault_Handler  stm32f4xx_it.o
    0x0800315a   0x0800315a   0x00000002   PAD
    0x0800315c   0x0800315c   0x000000b8   Code   RO         7117    i.buzzer_init       buzzer.o
    0x08003214   0x08003214   0x00000010   Code   RO         7118    i.buzzer_off        buzzer.o
    0x08003224   0x08003224   0x0000001c   Code   RO         7119    i.buzzer_on         buzzer.o
    0x08003240   0x08003240   0x00000180   Code   RO         8451    i.calc_gimbal_cali  gimbal_task.o
    0x080033c0   0x080033c0   0x000000ec   Code   RO         7900    i.cali_data_read    calibrate_task.o
    0x080034ac   0x080034ac   0x0000006c   Code   RO         7902    i.cali_gimbal_hook  calibrate_task.o
    0x08003518   0x08003518   0x0000005c   Code   RO         7903    i.cali_gyro_hook    calibrate_task.o
    0x08003574   0x08003574   0x00000054   Code   RO         7904    i.cali_head_hook    calibrate_task.o
    0x080035c8   0x080035c8   0x000000b8   Code   RO         7905    i.cali_param_init   calibrate_task.o
    0x08003680   0x08003680   0x000000cc   Code   RO         8452    i.cmd_cali_gimbal_hook  gimbal_task.o
    0x0800374c   0x0800374c   0x0000006c   Code   RO         7194    i.delay_init        delay.o
    0x080037b8   0x080037b8   0x00000050   Code   RO         7195    i.delay_ms          delay.o
    0x08003808   0x08003808   0x00000050   Code   RO         7196    i.delay_us          delay.o
    0x08003858   0x08003858   0x00000020   Code   RO         7265    i.flash_read        flash.o
    0x08003878   0x08003878   0x00000018   Code   RO         7465    i.flow_led_off      led.o
    0x08003890   0x08003890   0x0000013c   Code   RO         7339    i.fric_PWM_configuration  fric.o
    0x080039cc   0x080039cc   0x0000001c   Code   RO         7340    i.fric_off          fric.o
    0x080039e8   0x080039e8   0x00000038   Code   RO         7058    i.get_ADC           adc.o
    0x08003a20   0x08003a20   0x00000018   Code   RO         8015    i.get_Chassis_Motor_Measure_Point  can_receive.o
    0x08003a38   0x08003a38   0x00000008   Code   RO         8016    i.get_Pitch_Gimbal_Motor_Measure_Point  can_receive.o
    0x08003a40   0x08003a40   0x00000008   Code   RO         8017    i.get_Trigger_Motor_Measure_Point  can_receive.o
    0x08003a48   0x08003a48   0x00000008   Code   RO         8018    i.get_Yaw_Gimbal_Motor_Measure_Point  can_receive.o
    0x08003a50   0x08003a50   0x00000008   Code   RO         8714    i.get_remote_control_point  remote_control.o
    0x08003a58   0x08003a58   0x0000005c   Code   RO         7059    i.get_temprate      adc.o
    0x08003ab4   0x08003ab4   0x00000030   Code   RO         7341    i.gpio2_Init        fric.o
    0x08003ae4   0x08003ae4   0x00000054   Code   RO         6878    i.grab_close        main.o
    0x08003b38   0x08003b38   0x00000054   Code   RO         6879    i.grab_open         main.o
    0x08003b8c   0x08003b8c   0x00000068   Code   RO         6632    i.gyro_offset       mpu6500driver.o
    0x08003bf4   0x08003bf4   0x0000003c   Code   RO         7424    i.laser_configuration  laser.o
    0x08003c30   0x08003c30   0x00000014   Code   RO         7426    i.laser_on          laser.o
    0x08003c44   0x08003c44   0x0000006c   Code   RO         7468    i.led_configuration  led.o
    0x08003cb0   0x08003cb0   0x00000014   Code   RO         7469    i.led_green_off     led.o
    0x08003cc4   0x08003cc4   0x00000014   Code   RO         7470    i.led_green_on      led.o
    0x08003cd8   0x08003cd8   0x00000014   Code   RO         7472    i.led_red_off       led.o
    0x08003cec   0x08003cec   0x00000014   Code   RO         7473    i.led_red_on        led.o
    0x08003d00   0x08003d00   0x000028ac   Code   RO         6880    i.main              main.o
    0x080065ac   0x080065ac   0x00000034   Code   RO         8458    i.motor_ecd_to_angle_change  gimbal_task.o
    0x080065e0   0x080065e0   0x00000010   Code   RO         6687    i.mpu6500_SPI_NS_H  mpu6500driver_middleware.o
    0x080065f0   0x080065f0   0x00000010   Code   RO         6688    i.mpu6500_SPI_NS_L  mpu6500driver_middleware.o
    0x08006600   0x08006600   0x00000054   Code   RO         7476    i.oled_clear        led.o
    0x08006654   0x08006654   0x0000001c   Code   RO         7478    i.oled_display_on   led.o
    0x08006670   0x08006670   0x0000008c   Code   RO         7480    i.oled_drawpoint    led.o
    0x080066fc   0x080066fc   0x00000016   Code   RO         7481    i.oled_pow          led.o
    0x08006712   0x08006712   0x00000002   PAD
    0x08006714   0x08006714   0x00000038   Code   RO         7483    i.oled_refresh_gram  led.o
    0x0800674c   0x0800674c   0x0000002e   Code   RO         7484    i.oled_set_pos      led.o
    0x0800677a   0x0800677a   0x00000002   PAD
    0x0800677c   0x0800677c   0x00000094   Code   RO         7485    i.oled_showchar     led.o
    0x08006810   0x08006810   0x00000082   Code   RO         7486    i.oled_shownum      led.o
    0x08006892   0x08006892   0x00000002   PAD
    0x08006894   0x08006894   0x0000002c   Code   RO         7488    i.oled_write_byte   led.o
    0x080068c0   0x080068c0   0x00000048   Code   RO         7649    i.power_ctrl_configuration  power_ctrl.o
    0x08006908   0x08006908   0x00000020   Code   RO         7650    i.power_ctrl_off    power_ctrl.o
    0x08006928   0x08006928   0x00000020   Code   RO         7651    i.power_ctrl_on     power_ctrl.o
    0x08006948   0x08006948   0x00000034   Code   RO         5788    i.prvResetNextTaskUnblockTime  tasks.o
    0x0800697c   0x0800697c   0x00000014   Code   RO         8715    i.remote_control_init  remote_control.o
    0x08006990   0x08006990   0x000000f4   Code   RO         6881    i.return_zero       main.o
    0x08006a84   0x08006a84   0x00000004   Code   RO         6882    i.roll_clockotherwise  main.o
    0x08006a88   0x08006a88   0x00000004   Code   RO         6883    i.roll_clockwise    main.o
    0x08006a8c   0x08006a8c   0x00000068   Code   RO         8906    i.sensor_Init       sensor1.o
    0x08006af4   0x08006af4   0x00000020   Code   RO         8459    i.set_cali_gimbal_hook  gimbal_task.o
    0x08006b14   0x08006b14   0x0000002c   Code   RO         7060    i.temperature_ADC_Reset  adc.o
    0x08006b40   0x08006b40   0x00000054   Code   RO         7061    i.temperature_ADC_init  adc.o
    0x08006b94   0x08006b94   0x00000028   Code   RO         5507    i.uxListRemove      list.o
    0x08006bbc   0x08006bbc   0x00000018   Code   RO         5511    i.vListInsertEnd    list.o
    0x08006bd4   0x08006bd4   0x00000078   Code   RO         6334    i.vPortValidateInterruptPriority  port.o
    0x08006c4c   0x08006c4c   0x000000f0   Code   RO         5809    i.vTaskNotifyGiveFromISR  tasks.o
    0x08006d3c   0x08006d3c   0x0000008c   Code   RO         5821    i.vTaskSwitchContext  tasks.o
    0x08006dc8   0x08006dc8   0x0000003c   Code   RO         7342    i.vcc_Init          fric.o
    0x08006e04   0x08006e04   0x00000034   Code   RO         6336    i.xPortSysTickHandler  port.o
    0x08006e38   0x08006e38   0x00000020   Code   RO         5828    i.xTaskGetSchedulerState  tasks.o
    0x08006e58   0x08006e58   0x0000000c   Code   RO         5829    i.xTaskGetTickCount  tasks.o
    0x08006e64   0x08006e64   0x00000148   Code   RO         5831    i.xTaskIncrementTick  tasks.o
    0x08006fac   0x08006fac   0x000000d0   Code   RO         6884    i.x_goto            main.o
    0x0800707c   0x0800707c   0x000000d4   Code   RO         6885    i.y_goto            main.o
    0x08007150   0x08007150   0x0000024c   Code   RO         9231    x$fpl$dadd          g_wm.l(daddsub_clz.o)
    0x0800739c   0x0800739c   0x00000018   Code   RO         9377    x$fpl$dcmpinf       g_wm.l(dcmpi.o)
    0x080073b4   0x080073b4   0x0000002e   Code   RO         9238    x$fpl$dflt          g_wm.l(dflt_clz.o)
    0x080073e2   0x080073e2   0x00000002   PAD
    0x080073e4   0x080073e4   0x00000078   Code   RO         9243    x$fpl$dleqf         g_wm.l(dleqf.o)
    0x0800745c   0x0800745c   0x000001c0   Code   RO         9245    x$fpl$dmul          g_wm.l(dmul_clz.o)
    0x0800761c   0x0800761c   0x00000102   Code   RO         9379    x$fpl$dnaninf       g_wm.l(dnaninf.o)
    0x0800771e   0x0800771e   0x00000070   Code   RO         9381    x$fpl$drenorm       g_wm.l(drenorm_clz.o)
    0x0800778e   0x0800778e   0x0000000c   Code   RO         9383    x$fpl$dretinf       g_wm.l(dretinf.o)
    0x0800779a   0x0800779a   0x00000062   Code   RO         9247    x$fpl$drleqf        g_wm.l(drleqf.o)
    0x080077fc   0x080077fc   0x0000029c   Code   RO         9233    x$fpl$dsub          g_wm.l(daddsub_clz.o)
    0x08007a98   0x08007a98   0x0000017a   Code   RO         9385    x$fpl$dunder        g_wm.l(dunder_clz.o)
    0x08007c12   0x08007c12   0x00000002   PAD
    0x08007c14   0x08007c14   0x000001ec   Code   RO         9387    x$fpl$exception     g_wm.l(except.o)
    0x08007e00   0x08007e00   0x0000000a   Code   RO         9605    x$fpl$fpinit        g_wm.l(fpinit.o)
    0x08007e0a   0x08007e0a   0x000000b2   Code   RO         9472    x$fpl$retnan        g_wm.l(retnan.o)
    0x08007ebc   0x08007ebc   0x0000007e   Code   RO         9403    x$fpl$trapveneer    g_wm.l(trapv.o)
    0x08007f3a   0x08007f3a   0x00000000   Code   RO         9405    x$fpl$usenofp       g_wm.l(usenofp.o)
    0x08007f3a   0x08007f3a   0x00000bb4   Data   RO         7490    .constdata          led.o
    0x08008aee   0x08008aee   0x00000002   PAD
    0x08008af0   0x08008af0   0x00000020   Data   RO         9661    Region$$Table       anon$$obj.o


    Execution Region RW_IRAM1 (Exec base: 0x20000000, Load base: 0x08008b10, Size: 0x000012c0, Max: 0x00030000, ABSOLUTE, COMPRESSED[0x00000058])

    Exec Addr    Load Addr    Size         Type   Attr      Idx    E Section Name        Object

    0x20000000   COMPRESSED   0x00000014   Data   RW          188    .data               system_stm32f4xx.o
    0x20000014   COMPRESSED   0x00000010   Data   RW         3088    .data               stm32f4xx_rcc.o
    0x20000024   COMPRESSED   0x0000003c   Data   RW         5840    .data               tasks.o
    0x20000060   COMPRESSED   0x0000000c   Data   RW         6337    .data               port.o
    0x2000006c   COMPRESSED   0x00000058   Data   RW         6886    .data               main.o
    0x200000c4   COMPRESSED   0x00000008   Data   RW         7197    .data               delay.o
    0x200000cc   COMPRESSED   0x00000054   Data   RW         7911    .data               calibrate_task.o
    0x20000120   COMPRESSED   0x00000001   Data   RW         8020    .data               can_receive.o
    0x20000121   COMPRESSED   0x00000003   PAD
    0x20000124   COMPRESSED   0x00000080   Data   RW         8587    .data               ins_task.o
    0x200001a4   COMPRESSED   0x00000002   Data   RW         8719    .data               remote_control.o
    0x200001a6   COMPRESSED   0x00000002   PAD
    0x200001a8        -       0x000002e4   Zero   RW         5839    .bss                tasks.o
    0x2000048c        -       0x00000400   Zero   RW         7489    .bss                led.o
    0x2000088c        -       0x0000009d   Zero   RW         7909    .bss                calibrate_task.o
    0x20000929   COMPRESSED   0x00000003   PAD
    0x2000092c        -       0x00000084   Zero   RW         8019    .bss                can_receive.o
    0x200009b0        -       0x00000144   Zero   RW         8257    .bss                detect_task.o
    0x20000af4        -       0x000001e8   Zero   RW         8460    .bss                gimbal_task.o
    0x20000cdc        -       0x00000124   Zero   RW         8585    .bss                ins_task.o
    0x20000e00        -       0x0000005e   Zero   RW         8718    .bss                remote_control.o
    0x20000e5e   COMPRESSED   0x00000002   PAD
    0x20000e60        -       0x00000060   Zero   RW         9475    .bss                c_w.l(libspace.o)
    0x20000ec0        -       0x00000000   Zero   RW            2    HEAP                startup_stm32f427xx.o
    0x20000ec0        -       0x00000400   Zero   RW            1    STACK               startup_stm32f427xx.o


==============================================================================

Image component sizes


      Code (inc. data)   RO Data    RW Data    ZI Data      Debug   Object Name

       276         26          0          0          0       2278   adc.o
       264         20          0          0          0       2487   buzzer.o
       704         38          0         84        157      16498   calibrate_task.o
       548         16          0          0          0       2094   can.o
       744         88          0          1        132       8345   can_receive.o
         0          0          0          0          0       1610   chassis_behaviour.o
         0          0          0          0          0       7200   croutine.o
       268         26          0          8          0       2159   delay.o
       292          4          0          0        324       2539   detect_task.o
         0          0          0          0          0       7920   event_groups.o
        32          0          0          0          0       1069   flash.o
        16          0          0          0          0        550   freertos_middleware.o
      1348         70          0          0          0       7283   fric.o
         0          0          0          0          0       3740   gimbal_behaviour.o
       672         22          0          0        488       5354   gimbal_task.o
       268         46          0        128        292       7988   ins_task.o
        80         12          0          0          0       1049   laser.o
      1306         80       2996          0       1024      12631   led.o
        64          0          0          0          0       1528   list.o
     11720        692          0         88          0      18549   main.o
       180         24          0          0          0       2033   misc.o
       104          6          0          0          0       2438   mpu6500driver.o
        32          8          0          0          0       1046   mpu6500driver_middleware.o
       354         36          0         12          0       5119   port.o
       136         18          0          0          0       1812   power_ctrl.o
       348         24          0          0          0       1766   rc.o
       436         32          0          2         94       4657   remote_control.o
       104         10          0          0          0        542   sensor1.o
       400         38          0          0          0       2874   spi.o
        76         28        428          0       1024        884   startup_stm32f427xx.o
       424         34          0          0          0       6553   stm32f4xx_adc.o
      1566         16          0          0          0       6326   stm32f4xx_can.o
       672         54          0          0          0       7943   stm32f4xx_dma.o
       184         16          0          0          0       2048   stm32f4xx_exti.o
       250          0          0          0          0       4043   stm32f4xx_gpio.o
        20          0          0          0          0     345509   stm32f4xx_it.o
        68         30          0          0          0       2510   stm32f4xx_iwdg.o
       392         48          0         16          0       5765   stm32f4xx_rcc.o
       106          0          0          0          0       2876   stm32f4xx_spi.o
        64          4          0          0          0        644   stm32f4xx_syscfg.o
      1154        110          0          0          0      10510   stm32f4xx_tim.o
       680         42          0          0          0       6026   stm32f4xx_usart.o
       392         32          0         20          0     325506   system_stm32f4xx.o
       804        116          0         60        740       8403   tasks.o
       340         14          0          0          0       1552   timer.o

    ----------------------------------------------------------------------
     27926       1880       3458        424       4280     872256   Object Totals
         0          0         32          0          0          0   (incl. Generated)
        38          0          2          5          5          0   (incl. Padding)

    ----------------------------------------------------------------------

      Code (inc. data)   RO Data    RW Data    ZI Data      Debug   Library Member Name

        90          0          0          0          0          0   __dczerorl2.o
         8          0          0          0          0         68   __main.o
         0          0          0          0          0          0   __rtentry.o
        12          0          0          0          0          0   __rtentry2.o
         6          0          0          0          0          0   __rtentry4.o
        52          8          0          0          0          0   __scatter.o
        28          0          0          0          0          0   __scatter_zi.o
        48          4          0          0          0         84   _fptrap.o
        10          0          0          0          0         68   defsig_exit.o
       172        110          0          0          0         76   defsig_fpe_inner.o
        14          0          0          0          0         80   defsig_fpe_outer.o
        50          0          0          0          0         88   defsig_general.o
        18          0          0          0          0         80   exit.o
         6          0          0          0          0        152   heapauxi.o
         0          0          0          0          0          0   indicate_semi.o
         2          0          0          0          0          0   libinit.o
         6          0          0          0          0          0   libinit2.o
         2          0          0          0          0          0   libshutdown.o
         2          0          0          0          0          0   libshutdown2.o
         8          4          0          0         96         68   libspace.o
         2          0          0          0          0          0   rtexit.o
        10          0          0          0          0          0   rtexit2.o
        12          4          0          0          0         68   sys_exit.o
        74          0          0          0          0         80   sys_stackheap_outer.o
        14          0          0          0          0         76   sys_wrch.o
         2          0          0          0          0         68   use_no_semi.o
      1256         28          0          0          0        408   daddsub_clz.o
        24          0          0          0          0        116   dcmpi.o
        46          0          0          0          0        116   dflt_clz.o
       120          8          0          0          0        140   dleqf.o
       448         16          0          0          0        164   dmul_clz.o
       258          4          0          0          0        156   dnaninf.o
       112          0          0          0          0        160   drenorm_clz.o
        12          0          0          0          0        116   dretinf.o
        98          0          0          0          0        128   drleqf.o
       378          0          0          0          0        168   dunder_clz.o
       492         36          0          0          0        148   except.o
        10          0          0          0          0        116   fpinit.o
       178          0          0          0          0        116   retnan.o
       126          0          0          0          0        148   trapv.o
         0          0          0          0          0          0   usenofp.o

    ----------------------------------------------------------------------
      4216        222          0          0         96       3256   Library Totals
        10          0          0          0          0          0   (incl. Padding)

    ----------------------------------------------------------------------

      Code (inc. data)   RO Data    RW Data    ZI Data      Debug   Library Name

       648        130          0          0         96       1056   c_w.l
      3558         92          0          0          0       2200   g_wm.l

    ----------------------------------------------------------------------
      4216        222          0          0         96       3256   Library Totals

    ----------------------------------------------------------------------

==============================================================================


      Code (inc. data)   RO Data    RW Data    ZI Data      Debug   

     32142       2102       3458        424       4376     854744   Grand Totals
     32142       2102       3458         88       4376     854744   ELF Image Totals (compressed)
     32142       2102       3458         88          0          0   ROM Totals

==============================================================================

    Total RO  Size (Code + RO Data)                35600 (  34.77kB)
    Total RW  Size (RW Data + ZI Data)              4800 (   4.69kB)
    Total ROM Size (Code + RO Data + RW Data)      35688 (  34.85kB)

==============================================================================

