<html>
<body>
<pre>
<h1>�Vision Build Log</h1>
<h2>Tool Versions:</h2>
IDE-Version: µVision V5.18.0.0
Copyright (C) 2016 ARM Ltd and ARM Germany GmbH. All rights reserved.
License Information: libizhi bizhi, bizhi, LIC=1WSBS-L8R6N-YBUE9-4HJ1R-FE8BN-18HAC
 
Tool Versions:
Toolchain:       MDK-ARM Professional  Version: 5.18
Toolchain Path:  C:\Keil_v5\ARM\ARMCC\Bin
C Compiler:      Armcc.exe V5.06 update 1 (build 61)
Assembler:       Armasm.exe V5.06 update 1 (build 61)
Linker/Locator:  ArmLink.exe V5.06 update 1 (build 61)
Library Manager: ArmAr.exe V5.06 update 1 (build 61)
Hex Converter:   FromElf.exe V5.06 update 1 (build 61)
CPU DLL:         SARMCM3.DLL V5.18
Dialog DLL:      DCM.DLL V1.13.6.0
Target DLL:      STLink\ST-LINKIII-KEIL_SWO.dll V2.0.18.0
Dialog DLL:      TCM.DLL V1.14.8.0
 
<h2>Project:</h2>
C:\Users\qwe\Desktop\for_stm32\stm_32_f4\standard_heavy_carrier\Project\standard.uvprojx
Project File Date:  08/21/2019

<h2>Output:</h2>
*** Using Compiler 'V5.06 update 1 (build 61)', folder: 'C:\Keil_v5\ARM\ARMCC\Bin'
Build target 'standard'
assembling startup_stm32f427xx.s...
compiling stm32f4xx_it.c...
compiling system_stm32f4xx.c...
compiling misc.c...
compiling stm32f4xx_cec.c...
compiling stm32f4xx_can.c...
compiling stm32f4xx_adc.c...
compiling stm32f4xx_crc.c...
compiling stm32f4xx_cryp.c...
compiling stm32f4xx_cryp_aes.c...
compiling stm32f4xx_cryp_des.c...
compiling stm32f4xx_dac.c...
compiling stm32f4xx_cryp_tdes.c...
compiling stm32f4xx_dfsdm.c...
compiling stm32f4xx_dbgmcu.c...
compiling stm32f4xx_dcmi.c...
compiling stm32f4xx_dma.c...
compiling stm32f4xx_dsi.c...
compiling stm32f4xx_dma2d.c...
compiling stm32f4xx_flash_ramfunc.c...
compiling stm32f4xx_exti.c...
compiling stm32f4xx_flash.c...
compiling stm32f4xx_fmpi2c.c...
compiling stm32f4xx_gpio.c...
compiling stm32f4xx_fmc.c...
compiling stm32f4xx_hash_sha1.c...
compiling stm32f4xx_hash.c...
compiling stm32f4xx_hash_md5.c...
compiling stm32f4xx_iwdg.c...
compiling stm32f4xx_lptim.c...
compiling stm32f4xx_i2c.c...
compiling stm32f4xx_qspi.c...
compiling stm32f4xx_ltdc.c...
compiling stm32f4xx_rcc.c...
compiling stm32f4xx_rng.c...
compiling stm32f4xx_sai.c...
compiling stm32f4xx_rtc.c...
compiling stm32f4xx_spdifrx.c...
compiling stm32f4xx_sdio.c...
compiling stm32f4xx_spi.c...
compiling stm32f4xx_syscfg.c...
compiling stm32f4xx_tim.c...
compiling stm32f4xx_pwr.c...
compiling croutine.c...
compiling event_groups.c...
compiling list.c...
compiling stm32f4xx_wwdg.c...
compiling stm32f4xx_usart.c...
compiling queue.c...
compiling timers.c...
compiling heap_4.c...
compiling tasks.c...
compiling ist8310driver.c...
compiling port.c...
compiling AHRS_middleware.c...
compiling mpu6500driver.c...
compiling user_lib.c...
compiling mpu6500driver_middleware.c...
compiling ist8310driver_middleware.c...
compiling buzzer.c...
..\user\hardware\buzzer\buzzer.c(65): warning:  #1-D: last line of file ends without a newline
  }
..\user\hardware\buzzer\buzzer.c: 1 warning, 0 errors
compiling adc.c...
compiling main.c...
..\user\main.c(34): warning:  #1295-D: Deprecated declaration return_zero - give arg types
  u8 return_zero();
..\user\main.c(69): warning:  #69-D: integer conversion resulted in truncation
  	motora1=get_Chassis_Motor_Measure_Point(0x201);
..\user\main.c(70): warning:  #69-D: integer conversion resulted in truncation
  	motora2=get_Chassis_Motor_Measure_Point(0x202);
..\user\main.c(71): warning:  #69-D: integer conversion resulted in truncation
  	motora3=get_Chassis_Motor_Measure_Point(0x203);
..\user\main.c(72): warning:  #69-D: integer conversion resulted in truncation
  	motora4=get_Chassis_Motor_Measure_Point(0x204);//���̵��1��2��3��4����
..\user\main.c(75): warning:  #69-D: integer conversion resulted in truncation
  	motora7=get_Chassis_Motor_Measure_Point(0x203);
..\user\main.c(76): warning:  #69-D: integer conversion resulted in truncation
  	motora8=get_Chassis_Motor_Measure_Point(0x204);
..\user\main.c(817): warning:  #223-D: function "abs" declared implicitly
  				if(abs(tx-motor3->ecd)<8000)
..\user\main.c(864): warning:  #186-D: pointless comparison of unsigned integer with zero
  						if(flagx>=0)
..\user\main.c(881): warning:  #186-D: pointless comparison of unsigned integer with zero
  						if(flagy>=0)
..\user\main.c(1024): warning:  #111-D: statement is unreachable
  	if(0)
..\user\main.c(1048): warning:  #111-D: statement is unreachable
  	if(0)
..\user\main.c: 12 warnings, 0 errors
compiling delay.c...
compiling can.c...
compiling exit_init.c...
compiling laser.c...
compiling fric.c...
compiling flash.c...
compiling power_ctrl.c...
compiling rc.c...
compiling led.c...
compiling sys.c...
compiling rng.c...
compiling spi.c...
compiling calibrate_task.c...
compiling timer.c...
compiling chassis_behaviour.c...
compiling chassis_task.c...
compiling CAN_receive.c...
compiling gimbal_behaviour.c...
compiling detect_task.c...
compiling gimbal_task.c...
compiling FreeRTOS_middleware.c...
compiling pid.c...
compiling remote_control.c...
compiling INS_task.c...
compiling start_task.c...
compiling shoot.c...
compiling sensor1.c...
..\user\APP\sensor1.c(20): warning:  #1-D: last line of file ends without a newline
  }
..\user\APP\sensor1.c: 1 warning, 0 errors
compiling user_task.c...
linking...
Program Size: Code=32142 RO-data=3458 RW-data=424 ZI-data=4376  
".\Objects\Ooo.axf" - 0 Error(s), 14 Warning(s).

<h2>Collection of Component include folders:</h2>
  C:\Users\qwe\Desktop\for_stm32\stm_32_f4\standard_heavy_carrier\Project\RTE
  C:\Keil_v5\ARM\PACK\Keil\STM32F4xx_DFP\2.13.0\Drivers\CMSIS\Device\ST\STM32F4xx\Include

<h2>Collection of Component Files used:</h2>
Build Time Elapsed:  00:00:48
</pre>
</body>
</html>
