Component: ARM Compiler 5.06 update 1 (build 61) Tool: armlink [4d35a8]

==============================================================================

Section Cross References

    startup_stm32f427xx.o(STACK) refers (Special) to heapauxi.o(.text) for __use_two_region_memory
    startup_stm32f427xx.o(HEAP) refers (Special) to heapauxi.o(.text) for __use_two_region_memory
    startup_stm32f427xx.o(RESET) refers (Special) to heapauxi.o(.text) for __use_two_region_memory
    startup_stm32f427xx.o(RESET) refers to startup_stm32f427xx.o(STACK) for __initial_sp
    startup_stm32f427xx.o(RESET) refers to startup_stm32f427xx.o(.text) for Reset_Handler
    startup_stm32f427xx.o(RESET) refers to stm32f4xx_it.o(i.NMI_Handler) for NMI_Handler
    startup_stm32f427xx.o(RESET) refers to stm32f4xx_it.o(i.HardFault_Handler) for HardFault_Handler
    startup_stm32f427xx.o(RESET) refers to stm32f4xx_it.o(i.MemManage_Handler) for MemManage_Handler
    startup_stm32f427xx.o(RESET) refers to stm32f4xx_it.o(i.BusFault_Handler) for BusFault_Handler
    startup_stm32f427xx.o(RESET) refers to stm32f4xx_it.o(i.UsageFault_Handler) for UsageFault_Handler
    startup_stm32f427xx.o(RESET) refers to port.o(.emb_text) for SVC_Handler
    startup_stm32f427xx.o(RESET) refers to stm32f4xx_it.o(i.DebugMon_Handler) for DebugMon_Handler
    startup_stm32f427xx.o(RESET) refers to freertos_middleware.o(i.SysTick_Handler) for SysTick_Handler
    startup_stm32f427xx.o(RESET) refers to can_receive.o(i.CAN1_RX0_IRQHandler) for CAN1_RX0_IRQHandler
    startup_stm32f427xx.o(RESET) refers to ins_task.o(i.EXTI9_5_IRQHandler) for EXTI9_5_IRQHandler
    startup_stm32f427xx.o(RESET) refers to freertos_middleware.o(i.TIM3_IRQHandler) for TIM3_IRQHandler
    startup_stm32f427xx.o(RESET) refers to remote_control.o(i.USART1_IRQHandler) for USART1_IRQHandler
    startup_stm32f427xx.o(RESET) refers to can_receive.o(i.TIM6_DAC_IRQHandler) for TIM6_DAC_IRQHandler
    startup_stm32f427xx.o(RESET) refers to can_receive.o(i.CAN2_RX0_IRQHandler) for CAN2_RX0_IRQHandler
    startup_stm32f427xx.o(RESET) refers to ins_task.o(i.DMA2_Stream5_IRQHandler) for DMA2_Stream5_IRQHandler
    startup_stm32f427xx.o(.text) refers (Special) to heapauxi.o(.text) for __use_two_region_memory
    startup_stm32f427xx.o(.text) refers to system_stm32f4xx.o(i.SystemInit) for SystemInit
    startup_stm32f427xx.o(.text) refers to __main.o(!!!main) for __main
    startup_stm32f427xx.o(.text) refers to startup_stm32f427xx.o(HEAP) for Heap_Mem
    startup_stm32f427xx.o(.text) refers to startup_stm32f427xx.o(STACK) for Stack_Mem
    system_stm32f4xx.o(i.SystemCoreClockUpdate) refers to system_stm32f4xx.o(.data) for SystemCoreClock
    system_stm32f4xx.o(i.SystemInit) refers to system_stm32f4xx.o(i.SetSysClock) for SetSysClock
    stm32f4xx_adc.o(i.ADC_DeInit) refers to stm32f4xx_rcc.o(i.RCC_APB2PeriphResetCmd) for RCC_APB2PeriphResetCmd
    stm32f4xx_can.o(i.CAN_DeInit) refers to stm32f4xx_rcc.o(i.RCC_APB1PeriphResetCmd) for RCC_APB1PeriphResetCmd
    stm32f4xx_can.o(i.CAN_GetITStatus) refers to stm32f4xx_can.o(i.CheckITStatus) for CheckITStatus
    stm32f4xx_cryp.o(i.CRYP_DeInit) refers to stm32f4xx_rcc.o(i.RCC_AHB2PeriphResetCmd) for RCC_AHB2PeriphResetCmd
    stm32f4xx_cryp_aes.o(i.CRYP_AES_CBC) refers to stm32f4xx_cryp.o(i.CRYP_KeyStructInit) for CRYP_KeyStructInit
    stm32f4xx_cryp_aes.o(i.CRYP_AES_CBC) refers to stm32f4xx_cryp.o(i.CRYP_FIFOFlush) for CRYP_FIFOFlush
    stm32f4xx_cryp_aes.o(i.CRYP_AES_CBC) refers to stm32f4xx_cryp.o(i.CRYP_Init) for CRYP_Init
    stm32f4xx_cryp_aes.o(i.CRYP_AES_CBC) refers to stm32f4xx_cryp.o(i.CRYP_KeyInit) for CRYP_KeyInit
    stm32f4xx_cryp_aes.o(i.CRYP_AES_CBC) refers to stm32f4xx_cryp.o(i.CRYP_Cmd) for CRYP_Cmd
    stm32f4xx_cryp_aes.o(i.CRYP_AES_CBC) refers to stm32f4xx_cryp.o(i.CRYP_GetFlagStatus) for CRYP_GetFlagStatus
    stm32f4xx_cryp_aes.o(i.CRYP_AES_CBC) refers to stm32f4xx_cryp.o(i.CRYP_IVInit) for CRYP_IVInit
    stm32f4xx_cryp_aes.o(i.CRYP_AES_CBC) refers to stm32f4xx_cryp.o(i.CRYP_GetCmdStatus) for CRYP_GetCmdStatus
    stm32f4xx_cryp_aes.o(i.CRYP_AES_CBC) refers to stm32f4xx_cryp.o(i.CRYP_DataIn) for CRYP_DataIn
    stm32f4xx_cryp_aes.o(i.CRYP_AES_CBC) refers to stm32f4xx_cryp.o(i.CRYP_DataOut) for CRYP_DataOut
    stm32f4xx_cryp_aes.o(i.CRYP_AES_CCM) refers to stm32f4xx_cryp.o(i.CRYP_KeyStructInit) for CRYP_KeyStructInit
    stm32f4xx_cryp_aes.o(i.CRYP_AES_CCM) refers to stm32f4xx_cryp.o(i.CRYP_FIFOFlush) for CRYP_FIFOFlush
    stm32f4xx_cryp_aes.o(i.CRYP_AES_CCM) refers to stm32f4xx_cryp.o(i.CRYP_KeyInit) for CRYP_KeyInit
    stm32f4xx_cryp_aes.o(i.CRYP_AES_CCM) refers to stm32f4xx_cryp.o(i.CRYP_IVInit) for CRYP_IVInit
    stm32f4xx_cryp_aes.o(i.CRYP_AES_CCM) refers to stm32f4xx_cryp.o(i.CRYP_Init) for CRYP_Init
    stm32f4xx_cryp_aes.o(i.CRYP_AES_CCM) refers to stm32f4xx_cryp.o(i.CRYP_PhaseConfig) for CRYP_PhaseConfig
    stm32f4xx_cryp_aes.o(i.CRYP_AES_CCM) refers to stm32f4xx_cryp.o(i.CRYP_DataIn) for CRYP_DataIn
[...]
    .ARM.Collect$$libinit$$00000015          0x08000266   Section        0  libinit2.o(.ARM.Collect$$libinit$$00000015)
    .ARM.Collect$$libinit$$00000017          0x08000266   Section        0  libinit2.o(.ARM.Collect$$libinit$$00000017)
    .ARM.Collect$$libinit$$00000019          0x08000266   Section        0  libinit2.o(.ARM.Collect$$libinit$$00000019)
    .ARM.Collect$$libinit$$0000001B          0x08000266   Section        0  libinit2.o(.ARM.Collect$$libinit$$0000001B)
    .ARM.Collect$$libinit$$0000001D          0x08000266   Section        0  libinit2.o(.ARM.Collect$$libinit$$0000001D)
    .ARM.Collect$$libinit$$0000001F          0x08000266   Section        0  libinit2.o(.ARM.Collect$$libinit$$0000001F)
    .ARM.Collect$$libinit$$00000021          0x08000266   Section        0  libinit2.o(.ARM.Collect$$libinit$$00000021)
    .ARM.Collect$$libinit$$00000023          0x08000266   Section        0  libinit2.o(.ARM.Collect$$libinit$$00000023)
    .ARM.Collect$$libinit$$00000025          0x08000266   Section        0  libinit2.o(.ARM.Collect$$libinit$$00000025)
    .ARM.Collect$$libinit$$0000002C          0x08000266   Section        0  libinit2.o(.ARM.Collect$$libinit$$0000002C)
    .ARM.Collect$$libinit$$0000002E          0x08000266   Section        0  libinit2.o(.ARM.Collect$$libinit$$0000002E)
    .ARM.Collect$$libinit$$00000030          0x08000266   Section        0  libinit2.o(.ARM.Collect$$libinit$$00000030)
    .ARM.Collect$$libinit$$00000032          0x08000266   Section        0  libinit2.o(.ARM.Collect$$libinit$$00000032)
    .ARM.Collect$$libinit$$00000033          0x08000266   Section        2  libinit2.o(.ARM.Collect$$libinit$$00000033)
    .ARM.Collect$$libshutdown$$00000000      0x08000268   Section        2  libshutdown.o(.ARM.Collect$$libshutdown$$00000000)
    .ARM.Collect$$libshutdown$$00000002      0x0800026a   Section        0  libshutdown2.o(.ARM.Collect$$libshutdown$$00000002)
    .ARM.Collect$$libshutdown$$00000004      0x0800026a   Section        0  libshutdown2.o(.ARM.Collect$$libshutdown$$00000004)
    .ARM.Collect$$libshutdown$$00000007      0x0800026a   Section        0  libshutdown2.o(.ARM.Collect$$libshutdown$$00000007)
    .ARM.Collect$$libshutdown$$0000000A      0x0800026a   Section        0  libshutdown2.o(.ARM.Collect$$libshutdown$$0000000A)
    .ARM.Collect$$libshutdown$$0000000C      0x0800026a   Section        0  libshutdown2.o(.ARM.Collect$$libshutdown$$0000000C)
    .ARM.Collect$$libshutdown$$0000000F      0x0800026a   Section        0  libshutdown2.o(.ARM.Collect$$libshutdown$$0000000F)
    .ARM.Collect$$libshutdown$$00000010      0x0800026a   Section        2  libshutdown2.o(.ARM.Collect$$libshutdown$$00000010)
    .ARM.Collect$$rtentry$$00000000          0x0800026c   Section        0  __rtentry.o(.ARM.Collect$$rtentry$$00000000)
    .ARM.Collect$$rtentry$$00000002          0x0800026c   Section        0  __rtentry2.o(.ARM.Collect$$rtentry$$00000002)
    .ARM.Collect$$rtentry$$00000004          0x0800026c   Section        6  __rtentry4.o(.ARM.Collect$$rtentry$$00000004)
    .ARM.Collect$$rtentry$$00000009          0x08000272   Section        0  __rtentry2.o(.ARM.Collect$$rtentry$$00000009)
    .ARM.Collect$$rtentry$$0000000A          0x08000272   Section        4  __rtentry2.o(.ARM.Collect$$rtentry$$0000000A)
    .ARM.Collect$$rtentry$$0000000C          0x08000276   Section        0  __rtentry2.o(.ARM.Collect$$rtentry$$0000000C)
    .ARM.Collect$$rtentry$$0000000D          0x08000276   Section        8  __rtentry2.o(.ARM.Collect$$rtentry$$0000000D)
    .ARM.Collect$$rtexit$$00000000           0x0800027e   Section        2  rtexit.o(.ARM.Collect$$rtexit$$00000000)
    .ARM.Collect$$rtexit$$00000002           0x08000280   Section        0  rtexit2.o(.ARM.Collect$$rtexit$$00000002)
    .ARM.Collect$$rtexit$$00000003           0x08000280   Section        4  rtexit2.o(.ARM.Collect$$rtexit$$00000003)
    .ARM.Collect$$rtexit$$00000004           0x08000284   Section        6  rtexit2.o(.ARM.Collect$$rtexit$$00000004)
    .emb_text                                0x0800028c   Section      182  port.o(.emb_text)
    $v0                                      0x0800028c   Number         0  port.o(.emb_text)
    .text                                    0x08000344   Section       76  startup_stm32f427xx.o(.text)
    $v0                                      0x08000344   Number         0  startup_stm32f427xx.o(.text)
    .text                                    0x08000390   Section        0  heapauxi.o(.text)
    .text                                    0x08000398   Section        8  libspace.o(.text)
    .text                                    0x080003a0   Section       74  sys_stackheap_outer.o(.text)
    .text                                    0x080003ea   Section        0  exit.o(.text)
    .text                                    0x080003fc   Section        0  sys_exit.o(.text)
    .text                                    0x08000408   Section        2  use_no_semi.o(.text)
    .text                                    0x0800040a   Section        0  indicate_semi.o(.text)
    i.ADC_ClearFlag                          0x0800040a   Section        0  stm32f4xx_adc.o(i.ADC_ClearFlag)
    i.ADC_Cmd                                0x08000410   Section        0  stm32f4xx_adc.o(i.ADC_Cmd)
    i.ADC_CommonInit                         0x08000428   Section        0  stm32f4xx_adc.o(i.ADC_CommonInit)
    i.ADC_GetConversionValue                 0x08000458   Section        0  stm32f4xx_adc.o(i.ADC_GetConversionValue)
    i.ADC_GetFlagStatus                      0x08000460   Section        0  stm32f4xx_adc.o(i.ADC_GetFlagStatus)
    i.ADC_Init                               0x08000474   Section        0  stm32f4xx_adc.o(i.ADC_Init)
    i.ADC_RegularChannelConfig               0x080004c8   Section        0  stm32f4xx_adc.o(i.ADC_RegularChannelConfig)
    i.ADC_SoftwareStartConv                  0x08000580   Section        0  stm32f4xx_adc.o(i.ADC_SoftwareStartConv)
    i.ADC_TempSensorVrefintCmd               0x0800058c   Section        0  stm32f4xx_adc.o(i.ADC_TempSensorVrefintCmd)
    i.BSP_init                               0x080005b8   Section        0  main.o(i.BSP_init)
    i.BusFault_Handler                       0x08000632   Section        0  stm32f4xx_it.o(i.BusFault_Handler)
    i.CAN1_RX0_IRQHandler                    0x08000638   Section        0  can_receive.o(i.CAN1_RX0_IRQHandler)
    i.CAN1_mode_init                         0x08000668   Section        0  can.o(i.CAN1_mode_init)
    i.CAN2_RX0_IRQHandler                    0x08000778   Section        0  can_receive.o(i.CAN2_RX0_IRQHandler)
    i.CAN2_mode_init                         0x080007a8   Section        0  can.o(i.CAN2_mode_init)
    i.CAN_ClearITPendingBit                  0x080008bc   Section        0  stm32f4xx_can.o(i.CAN_ClearITPendingBit)
    i.CAN_FilterInit                         0x08000964   Section        0  stm32f4xx_can.o(i.CAN_FilterInit)
    i.CAN_GetITStatus                        0x08000a6c   Section        0  stm32f4xx_can.o(i.CAN_GetITStatus)
    i.CAN_ITConfig                           0x08000b8c   Section        0  stm32f4xx_can.o(i.CAN_ITConfig)
    i.CAN_Init                               0x08000b9e   Section        0  stm32f4xx_can.o(i.CAN_Init)
    i.CAN_Receive                            0x08000cb2   Section        0  stm32f4xx_can.o(i.CAN_Receive)
    i.CAN_hook                               0x08000da4   Section        0  can_receive.o(i.CAN_hook)
    CAN_hook                                 0x08000da5   Thumb Code   366  can_receive.o(i.CAN_hook)
    i.CheckITStatus                          0x08000f28   Section        0  stm32f4xx_can.o(i.CheckITStatus)
    CheckITStatus                            0x08000f29   Thumb Code    18  stm32f4xx_can.o(i.CheckITStatus)
    i.DMA2_Stream5_IRQHandler                0x08000f3c   Section        0  ins_task.o(i.DMA2_Stream5_IRQHandler)
    i.DMA_ClearFlag                          0x08000f94   Section        0  stm32f4xx_dma.o(i.DMA_ClearFlag)
    i.DMA_Cmd                                0x08000fc8   Section        0  stm32f4xx_dma.o(i.DMA_Cmd)
    i.DMA_DeInit                             0x08000fe0   Section        0  stm32f4xx_dma.o(i.DMA_DeInit)
    i.DMA_DoubleBufferModeCmd                0x08001138   Section        0  stm32f4xx_dma.o(i.DMA_DoubleBufferModeCmd)
    i.DMA_DoubleBufferModeConfig             0x0800114e   Section        0  stm32f4xx_dma.o(i.DMA_DoubleBufferModeConfig)
    i.DMA_GetCmdStatus                       0x08001166   Section        0  stm32f4xx_dma.o(i.DMA_GetCmdStatus)
    i.DMA_GetCurrDataCounter                 0x0800117a   Section        0  stm32f4xx_dma.o(i.DMA_GetCurrDataCounter)
    i.DMA_GetCurrentMemoryTarget             0x08001182   Section        0  stm32f4xx_dma.o(i.DMA_GetCurrentMemoryTarget)
    i.DMA_GetFlagStatus                      0x08001198   Section        0  stm32f4xx_dma.o(i.DMA_GetFlagStatus)
    i.DMA_Init                               0x080011dc   Section        0  stm32f4xx_dma.o(i.DMA_Init)
    i.DMA_SetCurrDataCounter                 0x08001234   Section        0  stm32f4xx_dma.o(i.DMA_SetCurrDataCounter)
    i.DebugMon_Handler                       0x08001238   Section        0  stm32f4xx_it.o(i.DebugMon_Handler)
    i.DetectHook                             0x0800123c   Section        0  detect_task.o(i.DetectHook)
    i.EXTI9_5_IRQHandler                     0x08001360   Section        0  ins_task.o(i.EXTI9_5_IRQHandler)
    i.EXTI_ClearITPendingBit                 0x08001380   Section        0  stm32f4xx_exti.o(i.EXTI_ClearITPendingBit)
    i.EXTI_GetITStatus                       0x0800138c   Section        0  stm32f4xx_exti.o(i.EXTI_GetITStatus)
    i.GPIO_Init                              0x080013a4   Section        0  stm32f4xx_gpio.o(i.GPIO_Init)
    i.GPIO_PinAFConfig                       0x08001434   Section        0  stm32f4xx_gpio.o(i.GPIO_PinAFConfig)
    i.GPIO_ResetBits                         0x0800147a   Section        0  stm32f4xx_gpio.o(i.GPIO_ResetBits)
    i.GPIO_SetBits                           0x0800147e   Section        0  stm32f4xx_gpio.o(i.GPIO_SetBits)
    i.HardFault_Handler                      0x08001482   Section        0  stm32f4xx_it.o(i.HardFault_Handler)
    i.INS_cali_gyro                          0x08001488   Section        0  ins_task.o(i.INS_cali_gyro)
    i.INS_set_cali_gyro                      0x080014fc   Section        0  ins_task.o(i.INS_set_cali_gyro)
    i.MemManage_Handler                      0x0800151c   Section        0  stm32f4xx_it.o(i.MemManage_Handler)
    i.NMI_Handler                            0x08001520   Section        0  stm32f4xx_it.o(i.NMI_Handler)
    i.NVIC_Init                              0x08001524   Section        0  misc.o(i.NVIC_Init)
    i.NVIC_PriorityGroupConfig               0x0800159c   Section        0  misc.o(i.NVIC_PriorityGroupConfig)
    i.RCC_AHB1PeriphClockCmd                 0x080015b0   Section        0  stm32f4xx_rcc.o(i.RCC_AHB1PeriphClockCmd)
    i.RCC_APB1PeriphClockCmd                 0x080015d0   Section        0  stm32f4xx_rcc.o(i.RCC_APB1PeriphClockCmd)
    i.RCC_APB1PeriphResetCmd                 0x080015f0   Section        0  stm32f4xx_rcc.o(i.RCC_APB1PeriphResetCmd)
    i.RCC_APB2PeriphClockCmd                 0x08001610   Section        0  stm32f4xx_rcc.o(i.RCC_APB2PeriphClockCmd)
    i.RCC_APB2PeriphResetCmd                 0x08001630   Section        0  stm32f4xx_rcc.o(i.RCC_APB2PeriphResetCmd)
    i.RCC_GetClocksFreq                      0x08001650   Section        0  stm32f4xx_rcc.o(i.RCC_GetClocksFreq)
    i.RC_Init                                0x08001738   Section        0  rc.o(i.RC_Init)
    i.RC_unable                              0x08001884   Section        0  rc.o(i.RC_unable)
    i.SBUS_TO_RC                             0x08001894   Section        0  remote_control.o(i.SBUS_TO_RC)
    SBUS_TO_RC                               0x08001895   Thumb Code   218  remote_control.o(i.SBUS_TO_RC)
    i.SPI5_DMA_Enable                        0x08001970   Section        0  spi.o(i.SPI5_DMA_Enable)
    i.SetSysClock                            0x080019e4   Section        0  system_stm32f4xx.o(i.SetSysClock)
    SetSysClock                              0x080019e5   Thumb Code   272  system_stm32f4xx.o(i.SetSysClock)
    i.SysTick_CLKSourceConfig                0x08001b04   Section        0  misc.o(i.SysTick_CLKSourceConfig)
    i.SysTick_Handler                        0x08001b2c   Section        0  freertos_middleware.o(i.SysTick_Handler)
    i.SystemInit                             0x08001b3c   Section        0  system_stm32f4xx.o(i.SystemInit)
    i.TIM3_IRQHandler                        0x08001ba4   Section        0  freertos_middleware.o(i.TIM3_IRQHandler)
    i.TIM6_DAC_IRQHandler                    0x08001bd4   Section        0  can_receive.o(i.TIM6_DAC_IRQHandler)
    i.TIM6_Init                              0x08001bf8   Section        0  timer.o(i.TIM6_Init)
    i.TIM_ARRPreloadConfig                   0x08001c70   Section        0  stm32f4xx_tim.o(i.TIM_ARRPreloadConfig)
    i.TIM_ClearFlag                          0x08001c88   Section        0  stm32f4xx_tim.o(i.TIM_ClearFlag)
    i.TIM_Cmd                                0x08001c8e   Section        0  stm32f4xx_tim.o(i.TIM_Cmd)
    i.TIM_CtrlPWMOutputs                     0x08001ca6   Section        0  stm32f4xx_tim.o(i.TIM_CtrlPWMOutputs)
    i.TIM_DeInit                             0x08001cc4   Section        0  stm32f4xx_tim.o(i.TIM_DeInit)
    i.TIM_GetITStatus                        0x08001e54   Section        0  stm32f4xx_tim.o(i.TIM_GetITStatus)
    i.TIM_ITConfig                           0x08001e76   Section        0  stm32f4xx_tim.o(i.TIM_ITConfig)
    i.TIM_OC1Init                            0x08001e88   Section        0  stm32f4xx_tim.o(i.TIM_OC1Init)
    i.TIM_OC1PreloadConfig                   0x08001f04   Section        0  stm32f4xx_tim.o(i.TIM_OC1PreloadConfig)
    i.TIM_OC4Init                            0x08001f18   Section        0  stm32f4xx_tim.o(i.TIM_OC4Init)
    i.TIM_OC4PreloadConfig                   0x08001f90   Section        0  stm32f4xx_tim.o(i.TIM_OC4PreloadConfig)
    i.TIM_SetCompare1                        0x08001faa   Section        0  stm32f4xx_tim.o(i.TIM_SetCompare1)
    i.TIM_SetCompare4                        0x08001fae   Section        0  stm32f4xx_tim.o(i.TIM_SetCompare4)
    i.TIM_TimeBaseInit                       0x08001fb4   Section        0  stm32f4xx_tim.o(i.TIM_TimeBaseInit)
    i.USART1_IRQHandler                      0x08002038   Section        0  remote_control.o(i.USART1_IRQHandler)
    i.USART_ClearFlag                        0x08002128   Section        0  stm32f4xx_usart.o(i.USART_ClearFlag)
    i.USART_Cmd                              0x0800213a   Section        0  stm32f4xx_usart.o(i.USART_Cmd)
    i.USART_DMACmd                           0x08002152   Section        0  stm32f4xx_usart.o(i.USART_DMACmd)
    i.USART_DeInit                           0x08002164   Section        0  stm32f4xx_usart.o(i.USART_DeInit)
    i.USART_GetITStatus                      0x08002254   Section        0  stm32f4xx_usart.o(i.USART_GetITStatus)
    i.USART_ITConfig                         0x080022a8   Section        0  stm32f4xx_usart.o(i.USART_ITConfig)
    i.USART_Init                             0x080022f4   Section        0  stm32f4xx_usart.o(i.USART_Init)
    i.USART_ReceiveData                      0x080023c8   Section        0  stm32f4xx_usart.o(i.USART_ReceiveData)
    i.UsageFault_Handler                     0x080023d2   Section        0  stm32f4xx_it.o(i.UsageFault_Handler)
    i.buzzer_init                            0x080023d8   Section        0  buzzer.o(i.buzzer_init)
    i.buzzer_off                             0x08002490   Section        0  buzzer.o(i.buzzer_off)
    i.buzzer_on                              0x080024a0   Section        0  buzzer.o(i.buzzer_on)
    i.calc_gimbal_cali                       0x080024bc   Section        0  gimbal_task.o(i.calc_gimbal_cali)
    calc_gimbal_cali                         0x080024bd   Thumb Code   380  gimbal_task.o(i.calc_gimbal_cali)
    i.cali_data_read                         0x0800263c   Section        0  calibrate_task.o(i.cali_data_read)
    cali_data_read                           0x0800263d   Thumb Code   228  calibrate_task.o(i.cali_data_read)
    i.cali_gimbal_hook                       0x08002728   Section        0  calibrate_task.o(i.cali_gimbal_hook)
    cali_gimbal_hook                         0x08002729   Thumb Code   108  calibrate_task.o(i.cali_gimbal_hook)
    i.cali_gyro_hook                         0x08002794   Section        0  calibrate_task.o(i.cali_gyro_hook)
    cali_gyro_hook                           0x08002795   Thumb Code    88  calibrate_task.o(i.cali_gyro_hook)
    i.cali_head_hook                         0x080027f0   Section        0  calibrate_task.o(i.cali_head_hook)
    cali_head_hook                           0x080027f1   Thumb Code    74  calibrate_task.o(i.cali_head_hook)
    i.cali_param_init                        0x08002844   Section        0  calibrate_task.o(i.cali_param_init)
    i.cmd_cali_gimbal_hook                   0x080028fc   Section        0  gimbal_task.o(i.cmd_cali_gimbal_hook)
    i.delay_init                             0x080029c8   Section        0  delay.o(i.delay_init)
    i.delay_us                               0x08002a34   Section        0  delay.o(i.delay_us)
    i.flash_read                             0x08002a84   Section        0  flash.o(i.flash_read)
    i.flow_led_off                           0x08002aa4   Section        0  led.o(i.flow_led_off)
    i.fric_PWM_configuration                 0x08002abc   Section        0  fric.o(i.fric_PWM_configuration)
    i.fric_off                               0x08002c00   Section        0  fric.o(i.fric_off)
    i.get_ADC                                0x08002c1c   Section        0  adc.o(i.get_ADC)
    get_ADC                                  0x08002c1d   Thumb Code    52  adc.o(i.get_ADC)
    i.get_temprate                           0x08002c54   Section        0  adc.o(i.get_temprate)
    i.gyro_offset                            0x08002cb0   Section        0  mpu6500driver.o(i.gyro_offset)
    i.laser_configuration                    0x08002d18   Section        0  laser.o(i.laser_configuration)
    i.laser_on                               0x08002d54   Section        0  laser.o(i.laser_on)
    i.led_configuration                      0x08002d68   Section        0  led.o(i.led_configuration)
    i.led_green_off                          0x08002dd4   Section        0  led.o(i.led_green_off)
    i.led_red_off                            0x08002de8   Section        0  led.o(i.led_red_off)
    i.main                                   0x08002dfc   Section        0  main.o(i.main)
    i.motor_ecd_to_angle_change              0x08002e04   Section        0  gimbal_task.o(i.motor_ecd_to_angle_change)
    motor_ecd_to_angle_change                0x08002e05   Thumb Code    48  gimbal_task.o(i.motor_ecd_to_angle_change)
    i.mpu6500_SPI_NS_H                       0x08002e38   Section        0  mpu6500driver_middleware.o(i.mpu6500_SPI_NS_H)
    i.mpu6500_SPI_NS_L                       0x08002e48   Section        0  mpu6500driver_middleware.o(i.mpu6500_SPI_NS_L)
    i.power_ctrl_configuration               0x08002e58   Section        0  power_ctrl.o(i.power_ctrl_configuration)
    i.power_ctrl_off                         0x08002ea0   Section        0  power_ctrl.o(i.power_ctrl_off)
    i.power_ctrl_on                          0x08002ec0   Section        0  power_ctrl.o(i.power_ctrl_on)
    i.prvResetNextTaskUnblockTime            0x08002ee0   Section        0  tasks.o(i.prvResetNextTaskUnblockTime)
    prvResetNextTaskUnblockTime              0x08002ee1   Thumb Code    42  tasks.o(i.prvResetNextTaskUnblockTime)
    i.remote_control_init                    0x08002f14   Section        0  remote_control.o(i.remote_control_init)
    i.set_cali_gimbal_hook                   0x08002f28   Section        0  gimbal_task.o(i.set_cali_gimbal_hook)
    i.temperature_ADC_Reset                  0x08002f48   Section        0  adc.o(i.temperature_ADC_Reset)
    temperature_ADC_Reset                    0x08002f49   Thumb Code    38  adc.o(i.temperature_ADC_Reset)
    i.temperature_ADC_init                   0x08002f74   Section        0  adc.o(i.temperature_ADC_init)
    i.uxListRemove                           0x08002fc8   Section        0  list.o(i.uxListRemove)
    i.vListInsertEnd                         0x08002ff0   Section        0  list.o(i.vListInsertEnd)
    i.vPortValidateInterruptPriority         0x08003008   Section        0  port.o(i.vPortValidateInterruptPriority)
    i.vTaskNotifyGiveFromISR                 0x08003080   Section        0  tasks.o(i.vTaskNotifyGiveFromISR)
    i.vTaskSwitchContext                     0x08003170   Section        0  tasks.o(i.vTaskSwitchContext)
    i.xPortSysTickHandler                    0x080031fc   Section        0  port.o(i.xPortSysTickHandler)
    i.xTaskGetSchedulerState                 0x08003230   Section        0  tasks.o(i.xTaskGetSchedulerState)
    i.xTaskGetTickCount                      0x08003250   Section        0  tasks.o(i.xTaskGetTickCount)
    i.xTaskIncrementTick                     0x0800325c   Section        0  tasks.o(i.xTaskIncrementTick)
    x$fpl$fpinit                             0x080033a4   Section       10  fpinit.o(x$fpl$fpinit)
    $v0                                      0x080033a4   Number         0  fpinit.o(x$fpl$fpinit)
    .data                                    0x20000000   Section       20  system_stm32f4xx.o(.data)
    .data                                    0x20000014   Section       16  stm32f4xx_rcc.o(.data)
    APBAHBPrescTable                         0x20000014   Data          16  stm32f4xx_rcc.o(.data)
    .data                                    0x20000024   Section       60  tasks.o(.data)
    pxDelayedTaskList                        0x20000028   Data           4  tasks.o(.data)
    pxOverflowDelayedTaskList                0x2000002c   Data           4  tasks.o(.data)
    uxDeletedTasksWaitingCleanUp             0x20000030   Data           4  tasks.o(.data)
    uxCurrentNumberOfTasks                   0x20000034   Data           4  tasks.o(.data)
    xTickCount                               0x20000038   Data           4  tasks.o(.data)
    uxTopReadyPriority                       0x2000003c   Data           4  tasks.o(.data)
    xSchedulerRunning                        0x20000040   Data           4  tasks.o(.data)
    uxPendedTicks                            0x20000044   Data           4  tasks.o(.data)
    xYieldPending                            0x20000048   Data           4  tasks.o(.data)
    xNumOfOverflows                          0x2000004c   Data           4  tasks.o(.data)
    uxTaskNumber                             0x20000050   Data           4  tasks.o(.data)
    xNextTaskUnblockTime                     0x20000054   Data           4  tasks.o(.data)
    xIdleTaskHandle                          0x20000058   Data           4  tasks.o(.data)
    uxSchedulerSuspended                     0x2000005c   Data           4  tasks.o(.data)
    .data                                    0x20000060   Section       12  port.o(.data)
    uxCriticalNesting                        0x20000060   Data           4  port.o(.data)
    ucMaxSysCallPriority                     0x20000064   Data           1  port.o(.data)
    ulMaxPRIGROUPValue                       0x20000068   Data           4  port.o(.data)
    .data                                    0x2000006c   Section        8  delay.o(.data)
    fac_us                                   0x2000006c   Data           1  delay.o(.data)
    fac_ms                                   0x20000070   Data           4  delay.o(.data)
    .data                                    0x20000074   Section       84  calibrate_task.o(.data)
    calibrate_RC                             0x20000078   Data           4  calibrate_task.o(.data)
    head_cali                                0x2000007c   Data           8  calibrate_task.o(.data)
    cali_sensor_buf                          0x20000084   Data          20  calibrate_task.o(.data)
    cali_sensor_size                         0x20000098   Data           5  calibrate_task.o(.data)
    calibrate_systemTick                     0x200000b4   Data           4  calibrate_task.o(.data)
    i                                        0x200000b8   Data           1  calibrate_task.o(.data)
    i                                        0x200000b9   Data           1  calibrate_task.o(.data)
    rc_cmd_systemTick                        0x200000bc   Data           4  calibrate_task.o(.data)
    buzzer_time                              0x200000c0   Data           2  calibrate_task.o(.data)
    rc_cmd_time                              0x200000c2   Data           2  calibrate_task.o(.data)
    rc_action_falg                           0x200000c4   Data           1  calibrate_task.o(.data)
    count_time                               0x200000c6   Data           2  calibrate_task.o(.data)
    .data                                    0x200000c8   Section        1  can_receive.o(.data)
    i                                        0x200000c8   Data           1  can_receive.o(.data)
    .data                                    0x200000d0   Section        8  freertos_middleware.o(.data)
    .data                                    0x200000d8   Section      128  ins_task.o(.data)
    INSTask_Local_Handler                    0x200000d8   Data           4  ins_task.o(.data)
    Gyro_Scale_Factor                        0x200000e0   Data          36  ins_task.o(.data)
    Accel_Scale_Factor                       0x20000104   Data          36  ins_task.o(.data)
    Mag_Scale_Factor                         0x20000128   Data          36  ins_task.o(.data)
    first_temperate                          0x2000014c   Data           1  ins_task.o(.data)
    updata_count                             0x2000014d   Data           1  ins_task.o(.data)
    start_gyro_cali_time                     0x2000014e   Data           2  ins_task.o(.data)
    temp_constant_time                       0x20000150   Data           1  ins_task.o(.data)
    xHigherPriorityTaskWoken                 0x20000154   Data           4  ins_task.o(.data)
    .data                                    0x20000158   Section        2  remote_control.o(.data)
    this_time_rx_len                         0x20000158   Data           2  remote_control.o(.data)
    .bss                                     0x2000015c   Section      740  tasks.o(.bss)
    pxReadyTasksLists                        0x2000015c   Data         640  tasks.o(.bss)
    xDelayedTaskList1                        0x200003dc   Data          20  tasks.o(.bss)
    xDelayedTaskList2                        0x200003f0   Data          20  tasks.o(.bss)
    xPendingReadyList                        0x20000404   Data          20  tasks.o(.bss)
    xTasksWaitingTermination                 0x20000418   Data          20  tasks.o(.bss)
    xSuspendedTaskList                       0x2000042c   Data          20  tasks.o(.bss)
    .bss                                     0x20000440   Section      157  calibrate_task.o(.bss)
    gimbal_cali                              0x20000440   Data          20  calibrate_task.o(.bss)
    gyro_cali                                0x20000454   Data          24  calibrate_task.o(.bss)
    accel_cali                               0x2000046c   Data          24  calibrate_task.o(.bss)
    mag_cali                                 0x20000484   Data          24  calibrate_task.o(.bss)
    cali_sensor                              0x2000049c   Data          65  calibrate_task.o(.bss)
    .bss                                     0x200004e0   Section      132  can_receive.o(.bss)
    motor_yaw                                0x200004e0   Data          10  can_receive.o(.bss)
    motor_pit                                0x200004ea   Data          10  can_receive.o(.bss)
    motor_trigger                            0x200004f4   Data          10  can_receive.o(.bss)
    motor_chassis                            0x200004fe   Data          40  can_receive.o(.bss)
    GIMBAL_TxMessage                         0x20000528   Data          20  can_receive.o(.bss)
    rx1_message                              0x2000053c   Data          20  can_receive.o(.bss)
    rx2_message                              0x20000550   Data          20  can_receive.o(.bss)
    .bss                                     0x20000564   Section      324  detect_task.o(.bss)
    errorList                                0x20000564   Data         324  detect_task.o(.bss)
    .bss                                     0x200006a8   Section      488  gimbal_task.o(.bss)
    gimbal_control                           0x200006a8   Data         488  gimbal_task.o(.bss)
    .bss                                     0x20000890   Section      292  ins_task.o(.bss)
    mpu6500_spi_rxbuf                        0x20000890   Data          23  ins_task.o(.bss)
    mpu6500_real_data                        0x200008a8   Data          32  ins_task.o(.bss)
    gyro_cali_offset                         0x200008c8   Data          12  ins_task.o(.bss)
    Gyro_Offset                              0x200008d4   Data          12  ins_task.o(.bss)
    Accel_Offset                             0x200008e0   Data          12  ins_task.o(.bss)
    ist8310_real_data                        0x200008ec   Data          16  ins_task.o(.bss)
    Mag_Offset                               0x200008fc   Data          12  ins_task.o(.bss)
    INS_gyro                                 0x20000908   Data          12  ins_task.o(.bss)
    INS_accel                                0x20000914   Data          12  ins_task.o(.bss)
    INS_mag                                  0x20000920   Data          12  ins_task.o(.bss)
    INS_Angle                                0x2000092c   Data          12  ins_task.o(.bss)
    INS_quat                                 0x20000938   Data          16  ins_task.o(.bss)
    imuTempPid                               0x20000948   Data          72  ins_task.o(.bss)
    accel_fliter_1                           0x20000990   Data          12  ins_task.o(.bss)
    accel_fliter_2                           0x2000099c   Data          12  ins_task.o(.bss)
    accel_fliter_3                           0x200009a8   Data          12  ins_task.o(.bss)
    .bss                                     0x200009b4   Section       94  remote_control.o(.bss)
    rc_ctrl                                  0x200009b4   Data          22  remote_control.o(.bss)
    SBUS_rx_buf                              0x200009ca   Data          72  remote_control.o(.bss)
    .bss                                     0x20000a14   Section       96  libspace.o(.bss)
    HEAP                                     0x20000a78   Section        0  startup_stm32f427xx.o(HEAP)
    STACK                                    0x20000a78   Section     1024  startup_stm32f427xx.o(STACK)
    Heap_Mem                                 0x20000a78   Data           0  startup_stm32f427xx.o(HEAP)
    Stack_Mem                                0x20000a78   Data        1024  startup_stm32f427xx.o(STACK)
    __initial_sp                             0x20000e78   Data           0  startup_stm32f427xx.o(STACK)

    Global Symbols

    Symbol Name                              Value     Ov Type        Size  Object(Section)

    BuildAttributes$$THM_ISAv4$E$P$D$K$B$S$7EM$VFPi3$EXTD16$VFPS$VFMA$PE$A:L22UL41UL21$X:L11$S22US41US21$IEEE1$IW$USESV6$~STKCKD$USESV7$~SHL$OTIME$ROPI$IEEEX$EBA8$UX$STANDARDLIB$REQ8$PRES8$EABIv2 0x00000000   Number         0  anon$$obj.o ABSOLUTE
    __ARM_use_no_argv                        0x00000000   Number         0  main.o ABSOLUTE
    __ARM_exceptions_init                     - Undefined Weak Reference
    __alloca_initialize                       - Undefined Weak Reference
    __arm_preinit_                            - Undefined Weak Reference
    __cpp_initialize__aeabi_                  - Undefined Weak Reference
    __cxa_finalize                            - Undefined Weak Reference
    __rt_locale                               - Undefined Weak Reference
    __sigvec_lookup                           - Undefined Weak Reference
    _atexit_init                              - Undefined Weak Reference
    _call_atexit_fns                          - Undefined Weak Reference
    _clock_init                               - Undefined Weak Reference
    _fp_trap_big                              - Undefined Weak Reference
    _fp_trap_init                             - Undefined Weak Reference
    _fp_trap_shutdown                         - Undefined Weak Reference
    _get_lc_collate                           - Undefined Weak Reference
    _get_lc_ctype                             - Undefined Weak Reference
    _get_lc_monetary                          - Undefined Weak Reference
    _get_lc_numeric                           - Undefined Weak Reference
    _get_lc_time                              - Undefined Weak Reference
    _getenv_init                              - Undefined Weak Reference
    _handle_redirection                       - Undefined Weak Reference
    _init_alloc                               - Undefined Weak Reference
    _init_user_alloc                          - Undefined Weak Reference
    _initio                                   - Undefined Weak Reference
    _printf_mbtowc                            - Undefined Weak Reference
    _printf_post_padding                      - Undefined Weak Reference
    _printf_pre_padding                       - Undefined Weak Reference
    _printf_truncate_signed                   - Undefined Weak Reference
    _printf_truncate_unsigned                 - Undefined Weak Reference
    _rand_init                                - Undefined Weak Reference
    _signal_finish                            - Undefined Weak Reference
    _signal_init                              - Undefined Weak Reference
    _terminate_alloc                          - Undefined Weak Reference
    _terminate_user_alloc                     - Undefined Weak Reference
    _terminateio                              - Undefined Weak Reference
    __Vectors_Size                           0x000001ac   Number         0  startup_stm32f427xx.o ABSOLUTE
    __Vectors                                0x08000000   Data           4  startup_stm32f427xx.o(RESET)
    __Vectors_End                            0x080001ac   Data           0  startup_stm32f427xx.o(RESET)
    __main                                   0x080001ad   Thumb Code     8  __main.o(!!!main)
    __scatterload                            0x080001b5   Thumb Code     0  __scatter.o(!!!scatter)
    __scatterload_rt2                        0x080001b5   Thumb Code    44  __scatter.o(!!!scatter)
    __scatterload_rt2_thumb_only             0x080001b5   Thumb Code     0  __scatter.o(!!!scatter)
    __scatterload_null                       0x080001c3   Thumb Code     0  __scatter.o(!!!scatter)
    __decompress                             0x080001e9   Thumb Code    90  __dczerorl2.o(!!dczerorl2)
    __decompress1                            0x080001e9   Thumb Code     0  __dczerorl2.o(!!dczerorl2)
    __scatterload_zeroinit                   0x08000245   Thumb Code    28  __scatter_zi.o(!!handler_zi)
    __rt_lib_init                            0x08000261   Thumb Code     0  libinit.o(.ARM.Collect$$libinit$$00000000)
    __rt_lib_init_fp_1                       0x08000263   Thumb Code     0  libinit2.o(.ARM.Collect$$libinit$$00000001)
    __rt_lib_init_alloca_1                   0x08000267   Thumb Code     0  libinit2.o(.ARM.Collect$$libinit$$0000002E)
    __rt_lib_init_argv_1                     0x08000267   Thumb Code     0  libinit2.o(.ARM.Collect$$libinit$$0000002C)
    __rt_lib_init_atexit_1                   0x08000267   Thumb Code     0  libinit2.o(.ARM.Collect$$libinit$$0000001B)
    __rt_lib_init_clock_1                    0x08000267   Thumb Code     0  libinit2.o(.ARM.Collect$$libinit$$00000021)
    __rt_lib_init_cpp_1                      0x08000267   Thumb Code     0  libinit2.o(.ARM.Collect$$libinit$$00000032)
    __rt_lib_init_exceptions_1               0x08000267   Thumb Code     0  libinit2.o(.ARM.Collect$$libinit$$00000030)
    __rt_lib_init_fp_trap_1                  0x08000267   Thumb Code     0  libinit2.o(.ARM.Collect$$libinit$$0000001F)
    __rt_lib_init_getenv_1                   0x08000267   Thumb Code     0  libinit2.o(.ARM.Collect$$libinit$$00000023)
    __rt_lib_init_heap_1                     0x08000267   Thumb Code     0  libinit2.o(.ARM.Collect$$libinit$$0000000A)
    __rt_lib_init_lc_collate_1               0x08000267   Thumb Code     0  libinit2.o(.ARM.Collect$$libinit$$00000011)
    __rt_lib_init_lc_ctype_1                 0x08000267   Thumb Code     0  libinit2.o(.ARM.Collect$$libinit$$00000013)
    __rt_lib_init_lc_monetary_1              0x08000267   Thumb Code     0  libinit2.o(.ARM.Collect$$libinit$$00000015)
    __rt_lib_init_lc_numeric_1               0x08000267   Thumb Code     0  libinit2.o(.ARM.Collect$$libinit$$00000017)
    __rt_lib_init_lc_time_1                  0x08000267   Thumb Code     0  libinit2.o(.ARM.Collect$$libinit$$00000019)
    __rt_lib_init_preinit_1                  0x08000267   Thumb Code     0  libinit2.o(.ARM.Collect$$libinit$$00000004)
    __rt_lib_init_rand_1                     0x08000267   Thumb Code     0  libinit2.o(.ARM.Collect$$libinit$$0000000E)
    __rt_lib_init_return                     0x08000267   Thumb Code     0  libinit2.o(.ARM.Collect$$libinit$$00000033)
    __rt_lib_init_signal_1                   0x08000267   Thumb Code     0  libinit2.o(.ARM.Collect$$libinit$$0000001D)
    __rt_lib_init_stdio_1                    0x08000267   Thumb Code     0  libinit2.o(.ARM.Collect$$libinit$$00000025)
    __rt_lib_init_user_alloc_1               0x08000267   Thumb Code     0  libinit2.o(.ARM.Collect$$libinit$$0000000C)
    __rt_lib_shutdown                        0x08000269   Thumb Code     0  libshutdown.o(.ARM.Collect$$libshutdown$$00000000)
    __rt_lib_shutdown_cpp_1                  0x0800026b   Thumb Code     0  libshutdown2.o(.ARM.Collect$$libshutdown$$00000002)
    __rt_lib_shutdown_fp_trap_1              0x0800026b   Thumb Code     0  libshutdown2.o(.ARM.Collect$$libshutdown$$00000007)
    __rt_lib_shutdown_heap_1                 0x0800026b   Thumb Code     0  libshutdown2.o(.ARM.Collect$$libshutdown$$0000000F)
    __rt_lib_shutdown_return                 0x0800026b   Thumb Code     0  libshutdown2.o(.ARM.Collect$$libshutdown$$00000010)
    __rt_lib_shutdown_signal_1               0x0800026b   Thumb Code     0  libshutdown2.o(.ARM.Collect$$libshutdown$$0000000A)
    __rt_lib_shutdown_stdio_1                0x0800026b   Thumb Code     0  libshutdown2.o(.ARM.Collect$$libshutdown$$00000004)
    __rt_lib_shutdown_user_alloc_1           0x0800026b   Thumb Code     0  libshutdown2.o(.ARM.Collect$$libshutdown$$0000000C)
    __rt_entry                               0x0800026d   Thumb Code     0  __rtentry.o(.ARM.Collect$$rtentry$$00000000)
    __rt_entry_presh_1                       0x0800026d   Thumb Code     0  __rtentry2.o(.ARM.Collect$$rtentry$$00000002)
    __rt_entry_sh                            0x0800026d   Thumb Code     0  __rtentry4.o(.ARM.Collect$$rtentry$$00000004)
    __rt_entry_li                            0x08000273   Thumb Code     0  __rtentry2.o(.ARM.Collect$$rtentry$$0000000A)
    __rt_entry_postsh_1                      0x08000273   Thumb Code     0  __rtentry2.o(.ARM.Collect$$rtentry$$00000009)
    __rt_entry_main                          0x08000277   Thumb Code     0  __rtentry2.o(.ARM.Collect$$rtentry$$0000000D)
    __rt_entry_postli_1                      0x08000277   Thumb Code     0  __rtentry2.o(.ARM.Collect$$rtentry$$0000000C)
    __rt_exit                                0x0800027f   Thumb Code     0  rtexit.o(.ARM.Collect$$rtexit$$00000000)
    __rt_exit_ls                             0x08000281   Thumb Code     0  rtexit2.o(.ARM.Collect$$rtexit$$00000003)
    __rt_exit_prels_1                        0x08000281   Thumb Code     0  rtexit2.o(.ARM.Collect$$rtexit$$00000002)
    __rt_exit_exit                           0x08000285   Thumb Code     0  rtexit2.o(.ARM.Collect$$rtexit$$00000004)
    SVC_Handler                              0x0800028d   Thumb Code    28  port.o(.emb_text)
    __asm___6_port_c_39a90d8d__prvStartFirstTask 0x080002ad   Thumb Code    28  port.o(.emb_text)
    __asm___6_port_c_39a90d8d__prvEnableVFP  0x080002cd   Thumb Code    16  port.o(.emb_text)
    PendSV_Handler                           0x080002e1   Thumb Code    88  port.o(.emb_text)
    vPortGetIPSR                             0x0800033d   Thumb Code     6  port.o(.emb_text)
    Reset_Handler                            0x08000345   Thumb Code    18  startup_stm32f427xx.o(.text)
    ADC_IRQHandler                           0x08000369   Thumb Code     0  startup_stm32f427xx.o(.text)
    CAN1_RX1_IRQHandler                      0x08000369   Thumb Code     0  startup_stm32f427xx.o(.text)
    CAN1_SCE_IRQHandler                      0x08000369   Thumb Code     0  startup_stm32f427xx.o(.text)
    CAN1_TX_IRQHandler                       0x08000369   Thumb Code     0  startup_stm32f427xx.o(.text)
    CAN2_RX1_IRQHandler                      0x08000369   Thumb Code     0  startup_stm32f427xx.o(.text)
    CAN2_SCE_IRQHandler                      0x08000369   Thumb Code     0  startup_stm32f427xx.o(.text)
    CAN2_TX_IRQHandler                       0x08000369   Thumb Code     0  startup_stm32f427xx.o(.text)
    DCMI_IRQHandler                          0x08000369   Thumb Code     0  startup_stm32f427xx.o(.text)
    DMA1_Stream0_IRQHandler                  0x08000369   Thumb Code     0  startup_stm32f427xx.o(.text)
    DMA1_Stream1_IRQHandler                  0x08000369   Thumb Code     0  startup_stm32f427xx.o(.text)
    DMA1_Stream2_IRQHandler                  0x08000369   Thumb Code     0  startup_stm32f427xx.o(.text)
    DMA1_Stream3_IRQHandler                  0x08000369   Thumb Code     0  startup_stm32f427xx.o(.text)
    DMA1_Stream4_IRQHandler                  0x08000369   Thumb Code     0  startup_stm32f427xx.o(.text)
    DMA1_Stream5_IRQHandler                  0x08000369   Thumb Code     0  startup_stm32f427xx.o(.text)
    DMA1_Stream6_IRQHandler                  0x08000369   Thumb Code     0  startup_stm32f427xx.o(.text)
    DMA1_Stream7_IRQHandler                  0x08000369   Thumb Code     0  startup_stm32f427xx.o(.text)
    DMA2D_IRQHandler                         0x08000369   Thumb Code     0  startup_stm32f427xx.o(.text)
    DMA2_Stream0_IRQHandler                  0x08000369   Thumb Code     0  startup_stm32f427xx.o(.text)
    DMA2_Stream1_IRQHandler                  0x08000369   Thumb Code     0  startup_stm32f427xx.o(.text)
    DMA2_Stream2_IRQHandler                  0x08000369   Thumb Code     0  startup_stm32f427xx.o(.text)
    DMA2_Stream3_IRQHandler                  0x08000369   Thumb Code     0  startup_stm32f427xx.o(.text)
    DMA2_Stream4_IRQHandler                  0x08000369   Thumb Code     0  startup_stm32f427xx.o(.text)
    DMA2_Stream6_IRQHandler                  0x08000369   Thumb Code     0  startup_stm32f427xx.o(.text)
    DMA2_Stream7_IRQHandler                  0x08000369   Thumb Code     0  startup_stm32f427xx.o(.text)
    ETH_IRQHandler                           0x08000369   Thumb Code     0  startup_stm32f427xx.o(.text)
    ETH_WKUP_IRQHandler                      0x08000369   Thumb Code     0  startup_stm32f427xx.o(.text)
    EXTI0_IRQHandler                         0x08000369   Thumb Code     0  startup_stm32f427xx.o(.text)
    EXTI15_10_IRQHandler                     0x08000369   Thumb Code     0  startup_stm32f427xx.o(.text)
    EXTI1_IRQHandler                         0x08000369   Thumb Code     0  startup_stm32f427xx.o(.text)
    EXTI2_IRQHandler                         0x08000369   Thumb Code     0  startup_stm32f427xx.o(.text)
    EXTI3_IRQHandler                         0x08000369   Thumb Code     0  startup_stm32f427xx.o(.text)
    EXTI4_IRQHandler                         0x08000369   Thumb Code     0  startup_stm32f427xx.o(.text)
    FLASH_IRQHandler                         0x08000369   Thumb Code     0  startup_stm32f427xx.o(.text)
    FMC_IRQHandler                           0x08000369   Thumb Code     0  startup_stm32f427xx.o(.text)
    FPU_IRQHandler                           0x08000369   Thumb Code     0  startup_stm32f427xx.o(.text)
    HASH_RNG_IRQHandler                      0x08000369   Thumb Code     0  startup_stm32f427xx.o(.text)
    I2C1_ER_IRQHandler                       0x08000369   Thumb Code     0  startup_stm32f427xx.o(.text)
    I2C1_EV_IRQHandler                       0x08000369   Thumb Code     0  startup_stm32f427xx.o(.text)
    I2C2_ER_IRQHandler                       0x08000369   Thumb Code     0  startup_stm32f427xx.o(.text)
    I2C2_EV_IRQHandler                       0x08000369   Thumb Code     0  startup_stm32f427xx.o(.text)
    I2C3_ER_IRQHandler                       0x08000369   Thumb Code     0  startup_stm32f427xx.o(.text)
    I2C3_EV_IRQHandler                       0x08000369   Thumb Code     0  startup_stm32f427xx.o(.text)
    OTG_FS_IRQHandler                        0x08000369   Thumb Code     0  startup_stm32f427xx.o(.text)
    OTG_FS_WKUP_IRQHandler                   0x08000369   Thumb Code     0  startup_stm32f427xx.o(.text)
    OTG_HS_EP1_IN_IRQHandler                 0x08000369   Thumb Code     0  startup_stm32f427xx.o(.text)
    OTG_HS_EP1_OUT_IRQHandler                0x08000369   Thumb Code     0  startup_stm32f427xx.o(.text)
    OTG_HS_IRQHandler                        0x08000369   Thumb Code     0  startup_stm32f427xx.o(.text)
    OTG_HS_WKUP_IRQHandler                   0x08000369   Thumb Code     0  startup_stm32f427xx.o(.text)
    PVD_IRQHandler                           0x08000369   Thumb Code     0  startup_stm32f427xx.o(.text)
    RCC_IRQHandler                           0x08000369   Thumb Code     0  startup_stm32f427xx.o(.text)
    RTC_Alarm_IRQHandler                     0x08000369   Thumb Code     0  startup_stm32f427xx.o(.text)
    RTC_WKUP_IRQHandler                      0x08000369   Thumb Code     0  startup_stm32f427xx.o(.text)
    SAI1_IRQHandler                          0x08000369   Thumb Code     0  startup_stm32f427xx.o(.text)
    SDIO_IRQHandler                          0x08000369   Thumb Code     0  startup_stm32f427xx.o(.text)
    SPI1_IRQHandler                          0x08000369   Thumb Code     0  startup_stm32f427xx.o(.text)
    SPI2_IRQHandler                          0x08000369   Thumb Code     0  startup_stm32f427xx.o(.text)
    SPI3_IRQHandler                          0x08000369   Thumb Code     0  startup_stm32f427xx.o(.text)
    SPI4_IRQHandler                          0x08000369   Thumb Code     0  startup_stm32f427xx.o(.text)
    SPI5_IRQHandler                          0x08000369   Thumb Code     0  startup_stm32f427xx.o(.text)
    SPI6_IRQHandler                          0x08000369   Thumb Code     0  startup_stm32f427xx.o(.text)
    TAMP_STAMP_IRQHandler                    0x08000369   Thumb Code     0  startup_stm32f427xx.o(.text)
    TIM1_BRK_TIM9_IRQHandler                 0x08000369   Thumb Code     0  startup_stm32f427xx.o(.text)
    TIM1_CC_IRQHandler                       0x08000369   Thumb Code     0  startup_stm32f427xx.o(.text)
    TIM1_TRG_COM_TIM11_IRQHandler            0x08000369   Thumb Code     0  startup_stm32f427xx.o(.text)
    TIM1_UP_TIM10_IRQHandler                 0x08000369   Thumb Code     0  startup_stm32f427xx.o(.text)
    TIM2_IRQHandler                          0x08000369   Thumb Code     0  startup_stm32f427xx.o(.text)
    TIM4_IRQHandler                          0x08000369   Thumb Code     0  startup_stm32f427xx.o(.text)
    TIM5_IRQHandler                          0x08000369   Thumb Code     0  startup_stm32f427xx.o(.text)
    TIM7_IRQHandler                          0x08000369   Thumb Code     0  startup_stm32f427xx.o(.text)
    TIM8_BRK_TIM12_IRQHandler                0x08000369   Thumb Code     0  startup_stm32f427xx.o(.text)
    TIM8_CC_IRQHandler                       0x08000369   Thumb Code     0  startup_stm32f427xx.o(.text)
    TIM8_TRG_COM_TIM14_IRQHandler            0x08000369   Thumb Code     0  startup_stm32f427xx.o(.text)
    TIM8_UP_TIM13_IRQHandler                 0x08000369   Thumb Code     0  startup_stm32f427xx.o(.text)
    UART4_IRQHandler                         0x08000369   Thumb Code     0  startup_stm32f427xx.o(.text)
    UART5_IRQHandler                         0x08000369   Thumb Code     0  startup_stm32f427xx.o(.text)
    UART7_IRQHandler                         0x08000369   Thumb Code     0  startup_stm32f427xx.o(.text)
    UART8_IRQHandler                         0x08000369   Thumb Code     0  startup_stm32f427xx.o(.text)
    USART2_IRQHandler                        0x08000369   Thumb Code     0  startup_stm32f427xx.o(.text)
    USART3_IRQHandler                        0x08000369   Thumb Code     0  startup_stm32f427xx.o(.text)
    USART6_IRQHandler                        0x08000369   Thumb Code     0  startup_stm32f427xx.o(.text)
    WWDG_IRQHandler                          0x08000369   Thumb Code     0  startup_stm32f427xx.o(.text)
    __user_initial_stackheap                 0x0800036d   Thumb Code     0  startup_stm32f427xx.o(.text)
    __use_two_region_memory                  0x08000391   Thumb Code     2  heapauxi.o(.text)
    __rt_heap_escrow$2region                 0x08000393   Thumb Code     2  heapauxi.o(.text)
    __rt_heap_expand$2region                 0x08000395   Thumb Code     2  heapauxi.o(.text)
    __user_libspace                          0x08000399   Thumb Code     8  libspace.o(.text)
    __user_perproc_libspace                  0x08000399   Thumb Code     0  libspace.o(.text)
    __user_perthread_libspace                0x08000399   Thumb Code     0  libspace.o(.text)
    __user_setup_stackheap                   0x080003a1   Thumb Code    74  sys_stackheap_outer.o(.text)
    exit                                     0x080003eb   Thumb Code    18  exit.o(.text)
    _sys_exit                                0x080003fd   Thumb Code     8  sys_exit.o(.text)
    __I$use$semihosting                      0x08000409   Thumb Code     0  use_no_semi.o(.text)
    __use_no_semihosting_swi                 0x08000409   Thumb Code     2  use_no_semi.o(.text)
    ADC_ClearFlag                            0x0800040b   Thumb Code     6  stm32f4xx_adc.o(i.ADC_ClearFlag)
    __semihosting_library_function           0x0800040b   Thumb Code     0  indicate_semi.o(.text)
    ADC_Cmd                                  0x08000411   Thumb Code    22  stm32f4xx_adc.o(i.ADC_Cmd)
    ADC_CommonInit                           0x08000429   Thumb Code    34  stm32f4xx_adc.o(i.ADC_CommonInit)
    ADC_GetConversionValue                   0x08000459   Thumb Code     8  stm32f4xx_adc.o(i.ADC_GetConversionValue)
    ADC_GetFlagStatus                        0x08000461   Thumb Code    18  stm32f4xx_adc.o(i.ADC_GetFlagStatus)
    ADC_Init                                 0x08000475   Thumb Code    74  stm32f4xx_adc.o(i.ADC_Init)
    ADC_RegularChannelConfig                 0x080004c9   Thumb Code   184  stm32f4xx_adc.o(i.ADC_RegularChannelConfig)
    ADC_SoftwareStartConv                    0x08000581   Thumb Code    10  stm32f4xx_adc.o(i.ADC_SoftwareStartConv)
    ADC_TempSensorVrefintCmd                 0x0800058d   Thumb Code    34  stm32f4xx_adc.o(i.ADC_TempSensorVrefintCmd)
    BSP_init                                 0x080005b9   Thumb Code   122  main.o(i.BSP_init)
    BusFault_Handler                         0x08000633   Thumb Code     4  stm32f4xx_it.o(i.BusFault_Handler)
    CAN1_RX0_IRQHandler                      0x08000639   Thumb Code    38  can_receive.o(i.CAN1_RX0_IRQHandler)
    CAN1_mode_init                           0x08000669   Thumb Code   264  can.o(i.CAN1_mode_init)
    CAN2_RX0_IRQHandler                      0x08000779   Thumb Code    38  can_receive.o(i.CAN2_RX0_IRQHandler)
    CAN2_mode_init                           0x080007a9   Thumb Code   268  can.o(i.CAN2_mode_init)
    CAN_ClearITPendingBit                    0x080008bd   Thumb Code   162  stm32f4xx_can.o(i.CAN_ClearITPendingBit)
    CAN_FilterInit                           0x08000965   Thumb Code   258  stm32f4xx_can.o(i.CAN_FilterInit)
    CAN_GetITStatus                          0x08000a6d   Thumb Code   284  stm32f4xx_can.o(i.CAN_GetITStatus)
    CAN_ITConfig                             0x08000b8d   Thumb Code    18  stm32f4xx_can.o(i.CAN_ITConfig)
    CAN_Init                                 0x08000b9f   Thumb Code   276  stm32f4xx_can.o(i.CAN_Init)
    CAN_Receive                              0x08000cb3   Thumb Code   240  stm32f4xx_can.o(i.CAN_Receive)
    DMA2_Stream5_IRQHandler                  0x08000f3d   Thumb Code    66  ins_task.o(i.DMA2_Stream5_IRQHandler)
    DMA_ClearFlag                            0x08000f95   Thumb Code    38  stm32f4xx_dma.o(i.DMA_ClearFlag)
    DMA_Cmd                                  0x08000fc9   Thumb Code    22  stm32f4xx_dma.o(i.DMA_Cmd)
    DMA_DeInit                               0x08000fe1   Thumb Code   324  stm32f4xx_dma.o(i.DMA_DeInit)
    DMA_DoubleBufferModeCmd                  0x08001139   Thumb Code    22  stm32f4xx_dma.o(i.DMA_DoubleBufferModeCmd)
    DMA_DoubleBufferModeConfig               0x0800114f   Thumb Code    24  stm32f4xx_dma.o(i.DMA_DoubleBufferModeConfig)
    DMA_GetCmdStatus                         0x08001167   Thumb Code    20  stm32f4xx_dma.o(i.DMA_GetCmdStatus)
    DMA_GetCurrDataCounter                   0x0800117b   Thumb Code     8  stm32f4xx_dma.o(i.DMA_GetCurrDataCounter)
    DMA_GetCurrentMemoryTarget               0x08001183   Thumb Code    20  stm32f4xx_dma.o(i.DMA_GetCurrentMemoryTarget)
    DMA_GetFlagStatus                        0x08001199   Thumb Code    54  stm32f4xx_dma.o(i.DMA_GetFlagStatus)
    DMA_Init                                 0x080011dd   Thumb Code    82  stm32f4xx_dma.o(i.DMA_Init)
    DMA_SetCurrDataCounter                   0x08001235   Thumb Code     4  stm32f4xx_dma.o(i.DMA_SetCurrDataCounter)
    DebugMon_Handler                         0x08001239   Thumb Code     2  stm32f4xx_it.o(i.DebugMon_Handler)
    DetectHook                               0x0800123d   Thumb Code   288  detect_task.o(i.DetectHook)
    EXTI9_5_IRQHandler                       0x08001361   Thumb Code    32  ins_task.o(i.EXTI9_5_IRQHandler)
    EXTI_ClearITPendingBit                   0x08001381   Thumb Code     6  stm32f4xx_exti.o(i.EXTI_ClearITPendingBit)
    EXTI_GetITStatus                         0x0800138d   Thumb Code    20  stm32f4xx_exti.o(i.EXTI_GetITStatus)
    GPIO_Init                                0x080013a5   Thumb Code   144  stm32f4xx_gpio.o(i.GPIO_Init)
    GPIO_PinAFConfig                         0x08001435   Thumb Code    70  stm32f4xx_gpio.o(i.GPIO_PinAFConfig)
    GPIO_ResetBits                           0x0800147b   Thumb Code     4  stm32f4xx_gpio.o(i.GPIO_ResetBits)
    GPIO_SetBits                             0x0800147f   Thumb Code     4  stm32f4xx_gpio.o(i.GPIO_SetBits)
    HardFault_Handler                        0x08001483   Thumb Code     4  stm32f4xx_it.o(i.HardFault_Handler)
    INS_cali_gyro                            0x08001489   Thumb Code    96  ins_task.o(i.INS_cali_gyro)
    INS_set_cali_gyro                        0x080014fd   Thumb Code    28  ins_task.o(i.INS_set_cali_gyro)
    MemManage_Handler                        0x0800151d   Thumb Code     4  stm32f4xx_it.o(i.MemManage_Handler)
    NMI_Handler                              0x08001521   Thumb Code     2  stm32f4xx_it.o(i.NMI_Handler)
    NVIC_Init                                0x08001525   Thumb Code   106  misc.o(i.NVIC_Init)
    NVIC_PriorityGroupConfig                 0x0800159d   Thumb Code    10  misc.o(i.NVIC_PriorityGroupConfig)
    RCC_AHB1PeriphClockCmd                   0x080015b1   Thumb Code    26  stm32f4xx_rcc.o(i.RCC_AHB1PeriphClockCmd)
    RCC_APB1PeriphClockCmd                   0x080015d1   Thumb Code    26  stm32f4xx_rcc.o(i.RCC_APB1PeriphClockCmd)
    RCC_APB1PeriphResetCmd                   0x080015f1   Thumb Code    26  stm32f4xx_rcc.o(i.RCC_APB1PeriphResetCmd)
    RCC_APB2PeriphClockCmd                   0x08001611   Thumb Code    26  stm32f4xx_rcc.o(i.RCC_APB2PeriphClockCmd)
    RCC_APB2PeriphResetCmd                   0x08001631   Thumb Code    26  stm32f4xx_rcc.o(i.RCC_APB2PeriphResetCmd)
    RCC_GetClocksFreq                        0x08001651   Thumb Code   214  stm32f4xx_rcc.o(i.RCC_GetClocksFreq)
    RC_Init                                  0x08001739   Thumb Code   312  rc.o(i.RC_Init)
    RC_unable                                0x08001885   Thumb Code    12  rc.o(i.RC_unable)
    SPI5_DMA_Enable                          0x08001971   Thumb Code   104  spi.o(i.SPI5_DMA_Enable)
    SysTick_CLKSourceConfig                  0x08001b05   Thumb Code    40  misc.o(i.SysTick_CLKSourceConfig)
    SysTick_Handler                          0x08001b2d   Thumb Code    16  freertos_middleware.o(i.SysTick_Handler)
    SystemInit                               0x08001b3d   Thumb Code    88  system_stm32f4xx.o(i.SystemInit)
    TIM3_IRQHandler                          0x08001ba5   Thumb Code    40  freertos_middleware.o(i.TIM3_IRQHandler)
    TIM6_DAC_IRQHandler                      0x08001bd5   Thumb Code    30  can_receive.o(i.TIM6_DAC_IRQHandler)
    TIM6_Init                                0x08001bf9   Thumb Code   116  timer.o(i.TIM6_Init)
    TIM_ARRPreloadConfig                     0x08001c71   Thumb Code    24  stm32f4xx_tim.o(i.TIM_ARRPreloadConfig)
    TIM_ClearFlag                            0x08001c89   Thumb Code     6  stm32f4xx_tim.o(i.TIM_ClearFlag)
    TIM_Cmd                                  0x08001c8f   Thumb Code    24  stm32f4xx_tim.o(i.TIM_Cmd)
    TIM_CtrlPWMOutputs                       0x08001ca7   Thumb Code    30  stm32f4xx_tim.o(i.TIM_CtrlPWMOutputs)
    TIM_DeInit                               0x08001cc5   Thumb Code   346  stm32f4xx_tim.o(i.TIM_DeInit)
    TIM_GetITStatus                          0x08001e55   Thumb Code    34  stm32f4xx_tim.o(i.TIM_GetITStatus)
    TIM_ITConfig                             0x08001e77   Thumb Code    18  stm32f4xx_tim.o(i.TIM_ITConfig)
    TIM_OC1Init                              0x08001e89   Thumb Code   114  stm32f4xx_tim.o(i.TIM_OC1Init)
    TIM_OC1PreloadConfig                     0x08001f05   Thumb Code    18  stm32f4xx_tim.o(i.TIM_OC1PreloadConfig)
    TIM_OC4Init                              0x08001f19   Thumb Code   112  stm32f4xx_tim.o(i.TIM_OC4Init)
    TIM_OC4PreloadConfig                     0x08001f91   Thumb Code    26  stm32f4xx_tim.o(i.TIM_OC4PreloadConfig)
    TIM_SetCompare1                          0x08001fab   Thumb Code     4  stm32f4xx_tim.o(i.TIM_SetCompare1)
    TIM_SetCompare4                          0x08001faf   Thumb Code     4  stm32f4xx_tim.o(i.TIM_SetCompare4)
    TIM_TimeBaseInit                         0x08001fb5   Thumb Code   104  stm32f4xx_tim.o(i.TIM_TimeBaseInit)
    USART1_IRQHandler                        0x08002039   Thumb Code   216  remote_control.o(i.USART1_IRQHandler)
    USART_ClearFlag                          0x08002129   Thumb Code    18  stm32f4xx_usart.o(i.USART_ClearFlag)
    USART_Cmd                                0x0800213b   Thumb Code    24  stm32f4xx_usart.o(i.USART_Cmd)
    USART_DMACmd                             0x08002153   Thumb Code    18  stm32f4xx_usart.o(i.USART_DMACmd)
    USART_DeInit                             0x08002165   Thumb Code   206  stm32f4xx_usart.o(i.USART_DeInit)
    USART_GetITStatus                        0x08002255   Thumb Code    84  stm32f4xx_usart.o(i.USART_GetITStatus)
    USART_ITConfig                           0x080022a9   Thumb Code    74  stm32f4xx_usart.o(i.USART_ITConfig)
    USART_Init                               0x080022f5   Thumb Code   204  stm32f4xx_usart.o(i.USART_Init)
    USART_ReceiveData                        0x080023c9   Thumb Code    10  stm32f4xx_usart.o(i.USART_ReceiveData)
    UsageFault_Handler                       0x080023d3   Thumb Code     4  stm32f4xx_it.o(i.UsageFault_Handler)
    buzzer_init                              0x080023d9   Thumb Code   174  buzzer.o(i.buzzer_init)
    buzzer_off                               0x08002491   Thumb Code    12  buzzer.o(i.buzzer_off)
    buzzer_on                                0x080024a1   Thumb Code    22  buzzer.o(i.buzzer_on)
    cali_param_init                          0x08002845   Thumb Code   168  calibrate_task.o(i.cali_param_init)
    cmd_cali_gimbal_hook                     0x080028fd   Thumb Code   194  gimbal_task.o(i.cmd_cali_gimbal_hook)
    delay_init                               0x080029c9   Thumb Code    90  delay.o(i.delay_init)
    delay_us                                 0x08002a35   Thumb Code    76  delay.o(i.delay_us)
    flash_read                               0x08002a85   Thumb Code    32  flash.o(i.flash_read)
    flow_led_off                             0x08002aa5   Thumb Code    20  led.o(i.flow_led_off)
    fric_PWM_configuration                   0x08002abd   Thumb Code   306  fric.o(i.fric_PWM_configuration)
    fric_off                                 0x08002c01   Thumb Code    24  fric.o(i.fric_off)
    get_temprate                             0x08002c55   Thumb Code    80  adc.o(i.get_temprate)
    gyro_offset                              0x08002cb1   Thumb Code    98  mpu6500driver.o(i.gyro_offset)
    laser_configuration                      0x08002d19   Thumb Code    54  laser.o(i.laser_configuration)
    laser_on                                 0x08002d55   Thumb Code    14  laser.o(i.laser_on)
    led_configuration                        0x08002d69   Thumb Code    94  led.o(i.led_configuration)
    led_green_off                            0x08002dd5   Thumb Code    14  led.o(i.led_green_off)
    led_red_off                              0x08002de9   Thumb Code    14  led.o(i.led_red_off)
    main                                     0x08002dfd   Thumb Code     8  main.o(i.main)
    mpu6500_SPI_NS_H                         0x08002e39   Thumb Code    12  mpu6500driver_middleware.o(i.mpu6500_SPI_NS_H)
    mpu6500_SPI_NS_L                         0x08002e49   Thumb Code    12  mpu6500driver_middleware.o(i.mpu6500_SPI_NS_L)
    power_ctrl_configuration                 0x08002e59   Thumb Code    66  power_ctrl.o(i.power_ctrl_configuration)
    power_ctrl_off                           0x08002ea1   Thumb Code    26  power_ctrl.o(i.power_ctrl_off)
    power_ctrl_on                            0x08002ec1   Thumb Code    26  power_ctrl.o(i.power_ctrl_on)
    remote_control_init                      0x08002f15   Thumb Code    16  remote_control.o(i.remote_control_init)
    set_cali_gimbal_hook                     0x08002f29   Thumb Code    28  gimbal_task.o(i.set_cali_gimbal_hook)
    temperature_ADC_init                     0x08002f75   Thumb Code    80  adc.o(i.temperature_ADC_init)
    uxListRemove                             0x08002fc9   Thumb Code    40  list.o(i.uxListRemove)
    vListInsertEnd                           0x08002ff1   Thumb Code    24  list.o(i.vListInsertEnd)
    vPortValidateInterruptPriority           0x08003009   Thumb Code   106  port.o(i.vPortValidateInterruptPriority)
    vTaskNotifyGiveFromISR                   0x08003081   Thumb Code   216  tasks.o(i.vTaskNotifyGiveFromISR)
    vTaskSwitchContext                       0x08003171   Thumb Code   118  tasks.o(i.vTaskSwitchContext)
    xPortSysTickHandler                      0x080031fd   Thumb Code    46  port.o(i.xPortSysTickHandler)
    xTaskGetSchedulerState                   0x08003231   Thumb Code    24  tasks.o(i.xTaskGetSchedulerState)
    xTaskGetTickCount                        0x08003251   Thumb Code     6  tasks.o(i.xTaskGetTickCount)
    xTaskIncrementTick                       0x0800325d   Thumb Code   282  tasks.o(i.xTaskIncrementTick)
    _fp_init                                 0x080033a5   Thumb Code    10  fpinit.o(x$fpl$fpinit)
    __fplib_config_fpu_vfp                   0x080033ad   Thumb Code     0  fpinit.o(x$fpl$fpinit)
    __fplib_config_pureend_doubles           0x080033ad   Thumb Code     0  fpinit.o(x$fpl$fpinit)
    Region$$Table$$Base                      0x080033b0   Number         0  anon$$obj.o(Region$$Table)
    Region$$Table$$Limit                     0x080033d0   Number         0  anon$$obj.o(Region$$Table)
    SystemCoreClock                          0x20000000   Data           4  system_stm32f4xx.o(.data)
    AHBPrescTable                            0x20000004   Data          16  system_stm32f4xx.o(.data)
    pxCurrentTCB                             0x20000024   Data           4  tasks.o(.data)
    calibrate_task_stack                     0x20000074   Data           4  calibrate_task.o(.data)
    cali_hook_fun                            0x200000a0   Data          20  calibrate_task.o(.data)
    FreeRTOSRunTimeTicks                     0x200000d0   Data           8  freertos_middleware.o(.data)
    INSTaskStack                             0x200000dc   Data           4  ins_task.o(.data)
    __libspace_start                         0x20000a14   Data          96  libspace.o(.bss)
    __temporary_stack_top$libspace           0x20000a74   Data           0  libspace.o(.bss)



==============================================================================

Memory Map of the image

  Image Entry point : 0x080001ad

  Load Region LR_IROM1 (Base: 0x08000000, Size: 0x0000352c, Max: 0x00200000, ABSOLUTE, COMPRESSED[0x00003420])

    Execution Region ER_IROM1 (Base: 0x08000000, Size: 0x000033d0, Max: 0x00200000, ABSOLUTE)

    Base Addr    Size         Type   Attr      Idx    E Section Name        Object

    0x08000000   0x000001ac   Data   RO            3    RESET               startup_stm32f427xx.o
    0x080001ac   0x00000008   Code   RO         8989  * !!!main             c_w.l(__main.o)
    0x080001b4   0x00000034   Code   RO         9296    !!!scatter          c_w.l(__scatter.o)
    0x080001e8   0x0000005a   Code   RO         9294    !!dczerorl2         c_w.l(__dczerorl2.o)
    0x08000242   0x00000002   PAD
    0x08000244   0x0000001c   Code   RO         9298    !!handler_zi        c_w.l(__scatter_zi.o)
    0x08000260   0x00000002   Code   RO         9165    .ARM.Collect$$libinit$$00000000  c_w.l(libinit.o)
    0x08000262   0x00000004   Code   RO         9176    .ARM.Collect$$libinit$$00000001  c_w.l(libinit2.o)
    0x08000266   0x00000000   Code   RO         9179    .ARM.Collect$$libinit$$00000004  c_w.l(libinit2.o)
    0x08000266   0x00000000   Code   RO         9182    .ARM.Collect$$libinit$$0000000A  c_w.l(libinit2.o)
    0x08000266   0x00000000   Code   RO         9184    .ARM.Collect$$libinit$$0000000C  c_w.l(libinit2.o)
    0x08000266   0x00000000   Code   RO         9186    .ARM.Collect$$libinit$$0000000E  c_w.l(libinit2.o)
    0x08000266   0x00000000   Code   RO         9189    .ARM.Collect$$libinit$$00000011  c_w.l(libinit2.o)
    0x08000266   0x00000000   Code   RO         9191    .ARM.Collect$$libinit$$00000013  c_w.l(libinit2.o)
    0x08000266   0x00000000   Code   RO         9193    .ARM.Collect$$libinit$$00000015  c_w.l(libinit2.o)
    0x08000266   0x00000000   Code   RO         9195    .ARM.Collect$$libinit$$00000017  c_w.l(libinit2.o)
    0x08000266   0x00000000   Code   RO         9197    .ARM.Collect$$libinit$$00000019  c_w.l(libinit2.o)
    0x08000266   0x00000000   Code   RO         9199    .ARM.Collect$$libinit$$0000001B  c_w.l(libinit2.o)
    0x08000266   0x00000000   Code   RO         9201    .ARM.Collect$$libinit$$0000001D  c_w.l(libinit2.o)
    0x08000266   0x00000000   Code   RO         9203    .ARM.Collect$$libinit$$0000001F  c_w.l(libinit2.o)
    0x08000266   0x00000000   Code   RO         9205    .ARM.Collect$$libinit$$00000021  c_w.l(libinit2.o)
    0x08000266   0x00000000   Code   RO         9207    .ARM.Collect$$libinit$$00000023  c_w.l(libinit2.o)
    0x08000266   0x00000000   Code   RO         9209    .ARM.Collect$$libinit$$00000025  c_w.l(libinit2.o)
    0x08000266   0x00000000   Code   RO         9213    .ARM.Collect$$libinit$$0000002C  c_w.l(libinit2.o)
    0x08000266   0x00000000   Code   RO         9215    .ARM.Collect$$libinit$$0000002E  c_w.l(libinit2.o)
    0x08000266   0x00000000   Code   RO         9217    .ARM.Collect$$libinit$$00000030  c_w.l(libinit2.o)
    0x08000266   0x00000000   Code   RO         9219    .ARM.Collect$$libinit$$00000032  c_w.l(libinit2.o)
    0x08000266   0x00000002   Code   RO         9220    .ARM.Collect$$libinit$$00000033  c_w.l(libinit2.o)
    0x08000268   0x00000002   Code   RO         9251    .ARM.Collect$$libshutdown$$00000000  c_w.l(libshutdown.o)
    0x0800026a   0x00000000   Code   RO         9277    .ARM.Collect$$libshutdown$$00000002  c_w.l(libshutdown2.o)
    0x0800026a   0x00000000   Code   RO         9279    .ARM.Collect$$libshutdown$$00000004  c_w.l(libshutdown2.o)
    0x0800026a   0x00000000   Code   RO         9282    .ARM.Collect$$libshutdown$$00000007  c_w.l(libshutdown2.o)
    0x0800026a   0x00000000   Code   RO         9285    .ARM.Collect$$libshutdown$$0000000A  c_w.l(libshutdown2.o)
    0x0800026a   0x00000000   Code   RO         9287    .ARM.Collect$$libshutdown$$0000000C  c_w.l(libshutdown2.o)
    0x0800026a   0x00000000   Code   RO         9290    .ARM.Collect$$libshutdown$$0000000F  c_w.l(libshutdown2.o)
    0x0800026a   0x00000002   Code   RO         9291    .ARM.Collect$$libshutdown$$00000010  c_w.l(libshutdown2.o)
    0x0800026c   0x00000000   Code   RO         9053    .ARM.Collect$$rtentry$$00000000  c_w.l(__rtentry.o)
    0x0800026c   0x00000000   Code   RO         9122    .ARM.Collect$$rtentry$$00000002  c_w.l(__rtentry2.o)
    0x0800026c   0x00000006   Code   RO         9134    .ARM.Collect$$rtentry$$00000004  c_w.l(__rtentry4.o)
    0x08000272   0x00000000   Code   RO         9124    .ARM.Collect$$rtentry$$00000009  c_w.l(__rtentry2.o)
    0x08000272   0x00000004   Code   RO         9125    .ARM.Collect$$rtentry$$0000000A  c_w.l(__rtentry2.o)
    0x08000276   0x00000000   Code   RO         9127    .ARM.Collect$$rtentry$$0000000C  c_w.l(__rtentry2.o)
    0x08000276   0x00000008   Code   RO         9128    .ARM.Collect$$rtentry$$0000000D  c_w.l(__rtentry2.o)
    0x0800027e   0x00000002   Code   RO         9168    .ARM.Collect$$rtexit$$00000000  c_w.l(rtexit.o)
    0x08000280   0x00000000   Code   RO         9224    .ARM.Collect$$rtexit$$00000002  c_w.l(rtexit2.o)
    0x08000280   0x00000004   Code   RO         9225    .ARM.Collect$$rtexit$$00000003  c_w.l(rtexit2.o)
    0x08000284   0x00000006   Code   RO         9226    .ARM.Collect$$rtexit$$00000004  c_w.l(rtexit2.o)
    0x0800028a   0x00000002   PAD
    0x0800028c   0x000000b6   Code   RO         6325    .emb_text           port.o
    0x08000342   0x00000002   PAD
    0x08000344   0x0000004c   Code   RO            4    .text               startup_stm32f427xx.o
    0x08000390   0x00000006   Code   RO         8987    .text               c_w.l(heapauxi.o)
    0x08000396   0x00000002   PAD
    0x08000398   0x00000008   Code   RO         9149    .text               c_w.l(libspace.o)
    0x080003a0   0x0000004a   Code   RO         9152    .text               c_w.l(sys_stackheap_outer.o)
    0x080003ea   0x00000012   Code   RO         9154    .text               c_w.l(exit.o)
    0x080003fc   0x0000000c   Code   RO         9221    .text               c_w.l(sys_exit.o)
    0x08000408   0x00000002   Code   RO         9240    .text               c_w.l(use_no_semi.o)
    0x0800040a   0x00000000   Code   RO         9242    .text               c_w.l(indicate_semi.o)
    0x0800040a   0x00000006   Code   RO          353    i.ADC_ClearFlag     stm32f4xx_adc.o
    0x08000410   0x00000016   Code   RO          355    i.ADC_Cmd           stm32f4xx_adc.o
    0x08000426   0x00000002   PAD
    0x08000428   0x00000030   Code   RO          356    i.ADC_CommonInit    stm32f4xx_adc.o
    0x08000458   0x00000008   Code   RO          367    i.ADC_GetConversionValue  stm32f4xx_adc.o
    0x08000460   0x00000012   Code   RO          368    i.ADC_GetFlagStatus  stm32f4xx_adc.o
    0x08000472   0x00000002   PAD
    0x08000474   0x00000054   Code   RO          375    i.ADC_Init          stm32f4xx_adc.o
    0x080004c8   0x000000b8   Code   RO          380    i.ADC_RegularChannelConfig  stm32f4xx_adc.o
    0x08000580   0x0000000a   Code   RO          382    i.ADC_SoftwareStartConv  stm32f4xx_adc.o
    0x0800058a   0x00000002   PAD
    0x0800058c   0x0000002c   Code   RO          385    i.ADC_TempSensorVrefintCmd  stm32f4xx_adc.o
    0x080005b8   0x0000007a   Code   RO         6870    i.BSP_init          main.o
    0x08000632   0x00000004   Code   RO           13    i.BusFault_Handler  stm32f4xx_it.o
    0x08000636   0x00000002   PAD
    0x08000638   0x00000030   Code   RO         7815    i.CAN1_RX0_IRQHandler  can_receive.o
    0x08000668   0x00000110   Code   RO         7152    i.CAN1_mode_init    can.o
    0x08000778   0x00000030   Code   RO         7816    i.CAN2_RX0_IRQHandler  can_receive.o
    0x080007a8   0x00000114   Code   RO         7153    i.CAN2_mode_init    can.o
    0x080008bc   0x000000a8   Code   RO          597    i.CAN_ClearITPendingBit  stm32f4xx_can.o
    0x08000964   0x00000108   Code   RO          601    i.CAN_FilterInit    stm32f4xx_can.o
    0x08000a6c   0x00000120   Code   RO          603    i.CAN_GetITStatus   stm32f4xx_can.o
    0x08000b8c   0x00000012   Code   RO          607    i.CAN_ITConfig      stm32f4xx_can.o
    0x08000b9e   0x00000114   Code   RO          608    i.CAN_Init          stm32f4xx_can.o
    0x08000cb2   0x000000f0   Code   RO          611    i.CAN_Receive       stm32f4xx_can.o
    0x08000da2   0x00000002   PAD
    0x08000da4   0x00000184   Code   RO         7820    i.CAN_hook          can_receive.o
    0x08000f28   0x00000012   Code   RO          619    i.CheckITStatus     stm32f4xx_can.o
    0x08000f3a   0x00000002   PAD
    0x08000f3c   0x00000058   Code   RO         8378    i.DMA2_Stream5_IRQHandler  ins_task.o
    0x08000f94   0x00000034   Code   RO         1374    i.DMA_ClearFlag     stm32f4xx_dma.o
    0x08000fc8   0x00000016   Code   RO         1376    i.DMA_Cmd           stm32f4xx_dma.o
    0x08000fde   0x00000002   PAD
    0x08000fe0   0x00000158   Code   RO         1377    i.DMA_DeInit        stm32f4xx_dma.o
    0x08001138   0x00000016   Code   RO         1378    i.DMA_DoubleBufferModeCmd  stm32f4xx_dma.o
    0x0800114e   0x00000018   Code   RO         1379    i.DMA_DoubleBufferModeConfig  stm32f4xx_dma.o
    0x08001166   0x00000014   Code   RO         1381    i.DMA_GetCmdStatus  stm32f4xx_dma.o
    0x0800117a   0x00000008   Code   RO         1382    i.DMA_GetCurrDataCounter  stm32f4xx_dma.o
    0x08001182   0x00000014   Code   RO         1383    i.DMA_GetCurrentMemoryTarget  stm32f4xx_dma.o
    0x08001196   0x00000002   PAD
    0x08001198   0x00000044   Code   RO         1385    i.DMA_GetFlagStatus  stm32f4xx_dma.o
    0x080011dc   0x00000058   Code   RO         1388    i.DMA_Init          stm32f4xx_dma.o
    0x08001234   0x00000004   Code   RO         1391    i.DMA_SetCurrDataCounter  stm32f4xx_dma.o
    0x08001238   0x00000002   Code   RO           14    i.DebugMon_Handler  stm32f4xx_it.o
    0x0800123a   0x00000002   PAD
    0x0800123c   0x00000124   Code   RO         8058    i.DetectHook        detect_task.o
    0x08001360   0x00000020   Code   RO         8379    i.EXTI9_5_IRQHandler  ins_task.o
    0x08001380   0x0000000c   Code   RO         1660    i.EXTI_ClearITPendingBit  stm32f4xx_exti.o
    0x0800138c   0x00000018   Code   RO         1664    i.EXTI_GetITStatus  stm32f4xx_exti.o
    0x080013a4   0x00000090   Code   RO         2221    i.GPIO_Init         stm32f4xx_gpio.o
    0x08001434   0x00000046   Code   RO         2222    i.GPIO_PinAFConfig  stm32f4xx_gpio.o
    0x0800147a   0x00000004   Code   RO         2228    i.GPIO_ResetBits    stm32f4xx_gpio.o
    0x0800147e   0x00000004   Code   RO         2229    i.GPIO_SetBits      stm32f4xx_gpio.o
    0x08001482   0x00000004   Code   RO           15    i.HardFault_Handler  stm32f4xx_it.o
    0x08001486   0x00000002   PAD
    0x08001488   0x00000074   Code   RO         8383    i.INS_cali_gyro     ins_task.o
    0x080014fc   0x00000020   Code   RO         8384    i.INS_set_cali_gyro  ins_task.o
    0x0800151c   0x00000004   Code   RO           16    i.MemManage_Handler  stm32f4xx_it.o
    0x08001520   0x00000002   Code   RO           17    i.NMI_Handler       stm32f4xx_it.o
    0x08001522   0x00000002   PAD
    0x08001524   0x00000078   Code   RO          301    i.NVIC_Init         misc.o
    0x0800159c   0x00000014   Code   RO          302    i.NVIC_PriorityGroupConfig  misc.o
    0x080015b0   0x00000020   Code   RO         3159    i.RCC_AHB1PeriphClockCmd  stm32f4xx_rcc.o
    0x080015d0   0x00000020   Code   RO         3168    i.RCC_APB1PeriphClockCmd  stm32f4xx_rcc.o
    0x080015f0   0x00000020   Code   RO         3170    i.RCC_APB1PeriphResetCmd  stm32f4xx_rcc.o
    0x08001610   0x00000020   Code   RO         3171    i.RCC_APB2PeriphClockCmd  stm32f4xx_rcc.o
    0x08001630   0x00000020   Code   RO         3173    i.RCC_APB2PeriphResetCmd  stm32f4xx_rcc.o
    0x08001650   0x000000e8   Code   RO         3180    i.RCC_GetClocksFreq  stm32f4xx_rcc.o
    0x08001738   0x0000014c   Code   RO         7532    i.RC_Init           rc.o
    0x08001884   0x00000010   Code   RO         7534    i.RC_unable         rc.o
    0x08001894   0x000000da   Code   RO         8515    i.SBUS_TO_RC        remote_control.o
    0x0800196e   0x00000002   PAD
    0x08001970   0x00000074   Code   RO         7612    i.SPI5_DMA_Enable   spi.o
    0x080019e4   0x00000120   Code   RO          184    i.SetSysClock       system_stm32f4xx.o
    0x08001b04   0x00000028   Code   RO          305    i.SysTick_CLKSourceConfig  misc.o
    0x08001b2c   0x00000010   Code   RO         8109    i.SysTick_Handler   freertos_middleware.o
    0x08001b3c   0x00000068   Code   RO          186    i.SystemInit        system_stm32f4xx.o
    0x08001ba4   0x00000030   Code   RO         8110    i.TIM3_IRQHandler   freertos_middleware.o
    0x08001bd4   0x00000024   Code   RO         7821    i.TIM6_DAC_IRQHandler  can_receive.o
    0x08001bf8   0x00000078   Code   RO         7671    i.TIM6_Init         timer.o
    0x08001c70   0x00000018   Code   RO         4546    i.TIM_ARRPreloadConfig  stm32f4xx_tim.o
    0x08001c88   0x00000006   Code   RO         4552    i.TIM_ClearFlag     stm32f4xx_tim.o
    0x08001c8e   0x00000018   Code   RO         4558    i.TIM_Cmd           stm32f4xx_tim.o
    0x08001ca6   0x0000001e   Code   RO         4560    i.TIM_CtrlPWMOutputs  stm32f4xx_tim.o
    0x08001cc4   0x00000190   Code   RO         4563    i.TIM_DeInit        stm32f4xx_tim.o
    0x08001e54   0x00000022   Code   RO         4579    i.TIM_GetITStatus   stm32f4xx_tim.o
    0x08001e76   0x00000012   Code   RO         4583    i.TIM_ITConfig      stm32f4xx_tim.o
    0x08001e88   0x0000007c   Code   RO         4587    i.TIM_OC1Init       stm32f4xx_tim.o
    0x08001f04   0x00000012   Code   RO         4590    i.TIM_OC1PreloadConfig  stm32f4xx_tim.o
    0x08001f16   0x00000002   PAD
    0x08001f18   0x00000078   Code   RO         4602    i.TIM_OC4Init       stm32f4xx_tim.o
    0x08001f90   0x0000001a   Code   RO         4604    i.TIM_OC4PreloadConfig  stm32f4xx_tim.o
    0x08001faa   0x00000004   Code   RO         4620    i.TIM_SetCompare1   stm32f4xx_tim.o
    0x08001fae   0x00000004   Code   RO         4623    i.TIM_SetCompare4   stm32f4xx_tim.o
    0x08001fb2   0x00000002   PAD
    0x08001fb4   0x00000084   Code   RO         4630    i.TIM_TimeBaseInit  stm32f4xx_tim.o
    0x08002038   0x000000f0   Code   RO         8516    i.USART1_IRQHandler  remote_control.o
    0x08002128   0x00000012   Code   RO         5108    i.USART_ClearFlag   stm32f4xx_usart.o
    0x0800213a   0x00000018   Code   RO         5112    i.USART_Cmd         stm32f4xx_usart.o
    0x08002152   0x00000012   Code   RO         5113    i.USART_DMACmd      stm32f4xx_usart.o
    0x08002164   0x000000f0   Code   RO         5114    i.USART_DeInit      stm32f4xx_usart.o
    0x08002254   0x00000054   Code   RO         5116    i.USART_GetITStatus  stm32f4xx_usart.o
    0x080022a8   0x0000004a   Code   RO         5118    i.USART_ITConfig    stm32f4xx_usart.o
    0x080022f2   0x00000002   PAD
    0x080022f4   0x000000d4   Code   RO         5119    i.USART_Init        stm32f4xx_usart.o
    0x080023c8   0x0000000a   Code   RO         5126    i.USART_ReceiveData  stm32f4xx_usart.o
    0x080023d2   0x00000004   Code   RO           18    i.UsageFault_Handler  stm32f4xx_it.o
    0x080023d6   0x00000002   PAD
    0x080023d8   0x000000b8   Code   RO         7113    i.buzzer_init       buzzer.o
    0x08002490   0x00000010   Code   RO         7114    i.buzzer_off        buzzer.o
    0x080024a0   0x0000001c   Code   RO         7115    i.buzzer_on         buzzer.o
    0x080024bc   0x00000180   Code   RO         8254    i.calc_gimbal_cali  gimbal_task.o
    0x0800263c   0x000000ec   Code   RO         7708    i.cali_data_read    calibrate_task.o
    0x08002728   0x0000006c   Code   RO         7710    i.cali_gimbal_hook  calibrate_task.o
    0x08002794   0x0000005c   Code   RO         7711    i.cali_gyro_hook    calibrate_task.o
    0x080027f0   0x00000054   Code   RO         7712    i.cali_head_hook    calibrate_task.o
    0x08002844   0x000000b8   Code   RO         7713    i.cali_param_init   calibrate_task.o
    0x080028fc   0x000000cc   Code   RO         8255    i.cmd_cali_gimbal_hook  gimbal_task.o
    0x080029c8   0x0000006c   Code   RO         7185    i.delay_init        delay.o
    0x08002a34   0x00000050   Code   RO         7187    i.delay_us          delay.o
    0x08002a84   0x00000020   Code   RO         7256    i.flash_read        flash.o
    0x08002aa4   0x00000018   Code   RO         7406    i.flow_led_off      led.o
    0x08002abc   0x00000144   Code   RO         7324    i.fric_PWM_configuration  fric.o
    0x08002c00   0x0000001c   Code   RO         7325    i.fric_off          fric.o
    0x08002c1c   0x00000038   Code   RO         7070    i.get_ADC           adc.o
    0x08002c54   0x0000005c   Code   RO         7071    i.get_temprate      adc.o
    0x08002cb0   0x00000068   Code   RO         6628    i.gyro_offset       mpu6500driver.o
    0x08002d18   0x0000003c   Code   RO         7367    i.laser_configuration  laser.o
    0x08002d54   0x00000014   Code   RO         7369    i.laser_on          laser.o
    0x08002d68   0x0000006c   Code   RO         7409    i.led_configuration  led.o
    0x08002dd4   0x00000014   Code   RO         7410    i.led_green_off     led.o
    0x08002de8   0x00000014   Code   RO         7413    i.led_red_off       led.o
    0x08002dfc   0x00000008   Code   RO         6871    i.main              main.o
    0x08002e04   0x00000034   Code   RO         8261    i.motor_ecd_to_angle_change  gimbal_task.o
    0x08002e38   0x00000010   Code   RO         6683    i.mpu6500_SPI_NS_H  mpu6500driver_middleware.o
    0x08002e48   0x00000010   Code   RO         6684    i.mpu6500_SPI_NS_L  mpu6500driver_middleware.o
    0x08002e58   0x00000048   Code   RO         7487    i.power_ctrl_configuration  power_ctrl.o
    0x08002ea0   0x00000020   Code   RO         7488    i.power_ctrl_off    power_ctrl.o
    0x08002ec0   0x00000020   Code   RO         7489    i.power_ctrl_on     power_ctrl.o
    0x08002ee0   0x00000034   Code   RO         5785    i.prvResetNextTaskUnblockTime  tasks.o
    0x08002f14   0x00000014   Code   RO         8518    i.remote_control_init  remote_control.o
    0x08002f28   0x00000020   Code   RO         8262    i.set_cali_gimbal_hook  gimbal_task.o
    0x08002f48   0x0000002c   Code   RO         7072    i.temperature_ADC_Reset  adc.o
    0x08002f74   0x00000054   Code   RO         7073    i.temperature_ADC_init  adc.o
    0x08002fc8   0x00000028   Code   RO         5504    i.uxListRemove      list.o
    0x08002ff0   0x00000018   Code   RO         5508    i.vListInsertEnd    list.o
    0x08003008   0x00000078   Code   RO         6331    i.vPortValidateInterruptPriority  port.o
    0x08003080   0x000000f0   Code   RO         5806    i.vTaskNotifyGiveFromISR  tasks.o
    0x08003170   0x0000008c   Code   RO         5818    i.vTaskSwitchContext  tasks.o
    0x080031fc   0x00000034   Code   RO         6333    i.xPortSysTickHandler  port.o
    0x08003230   0x00000020   Code   RO         5825    i.xTaskGetSchedulerState  tasks.o
    0x08003250   0x0000000c   Code   RO         5826    i.xTaskGetTickCount  tasks.o
    0x0800325c   0x00000148   Code   RO         5828    i.xTaskIncrementTick  tasks.o
    0x080033a4   0x0000000a   Code   RO         9236    x$fpl$fpinit        g_wm.l(fpinit.o)
    0x080033ae   0x00000002   PAD
    0x080033b0   0x00000020   Data   RO         9292    Region$$Table       anon$$obj.o


    Execution Region RW_IRAM1 (Base: 0x20000000, Size: 0x00000e78, Max: 0x00030000, ABSOLUTE, COMPRESSED[0x00000050])

    Base Addr    Size         Type   Attr      Idx    E Section Name        Object

    0x20000000   0x00000014   Data   RW          187    .data               system_stm32f4xx.o
    0x20000014   0x00000010   Data   RW         3212    .data               stm32f4xx_rcc.o
    0x20000024   0x0000003c   Data   RW         5837    .data               tasks.o
    0x20000060   0x0000000c   Data   RW         6334    .data               port.o
    0x2000006c   0x00000008   Data   RW         7188    .data               delay.o
    0x20000074   0x00000054   Data   RW         7719    .data               calibrate_task.o
    0x200000c8   0x00000001   Data   RW         7827    .data               can_receive.o
    0x200000c9   0x00000007   PAD
    0x200000d0   0x00000008   Data   RW         8112    .data               freertos_middleware.o
    0x200000d8   0x00000080   Data   RW         8390    .data               ins_task.o
    0x20000158   0x00000002   Data   RW         8522    .data               remote_control.o
    0x2000015a   0x00000002   PAD
    0x2000015c   0x000002e4   Zero   RW         5836    .bss                tasks.o
    0x20000440   0x0000009d   Zero   RW         7717    .bss                calibrate_task.o
    0x200004dd   0x00000003   PAD
    0x200004e0   0x00000084   Zero   RW         7826    .bss                can_receive.o
    0x20000564   0x00000144   Zero   RW         8063    .bss                detect_task.o
    0x200006a8   0x000001e8   Zero   RW         8263    .bss                gimbal_task.o
    0x20000890   0x00000124   Zero   RW         8388    .bss                ins_task.o
    0x200009b4   0x0000005e   Zero   RW         8521    .bss                remote_control.o
    0x20000a12   0x00000002   PAD
    0x20000a14   0x00000060   Zero   RW         9150    .bss                c_w.l(libspace.o)
    0x20000a74   0x00000004   PAD
    0x20000a78   0x00000000   Zero   RW            2    HEAP                startup_stm32f427xx.o
    0x20000a78   0x00000400   Zero   RW            1    STACK               startup_stm32f427xx.o


==============================================================================

Image component sizes


      Code (inc. data)   RO Data    RW Data    ZI Data      Debug   Object Name

       276         26          0          0          0       2238   adc.o
       228         20          0          0          0       1863   buzzer.o
       704         38          0         84        157      16340   calibrate_task.o
       548         16          0          0          0       2078   can.o
       520         56          0          1        132       4486   can_receive.o
         0          0          0          0          0       1560   chassis_behaviour.o
         0          0          0          0          0       7176   croutine.o
       188         22          0          8          0       1460   delay.o
       292          4          0          0        324       2507   detect_task.o
         0          0          0          0          0       7896   event_groups.o
        32          0          0          0          0       1053   flash.o
        64          8          0          8          0       1815   freertos_middleware.o
       352         22          0          0          0       1276   fric.o
         0          0          0          0          0       3732   gimbal_behaviour.o
       672         22          0          0        488       5306   gimbal_task.o
       268         46          0        128        292       7908   ins_task.o
        80         12          0          0          0       1033   laser.o
       172         30          0          0          0       2049   led.o
        64          0          0          0          0       1508   list.o
       130          0          0          0          0       3862   main.o
       180         24          0          0          0       2001   misc.o
       104          6          0          0          0       2414   mpu6500driver.o
        32          8          0          0          0       1030   mpu6500driver_middleware.o
       354         36          0         12          0       5079   port.o
       136         18          0          0          0       1788   power_ctrl.o
       348         24          0          0          0       1742   rc.o
       478         28          0          2         94       4086   remote_control.o
       116         12          0          0          0        582   spi.o
        76         28        428          0       1024        876   startup_stm32f427xx.o
       424         34          0          0          0       6473   stm32f4xx_adc.o
      1272         16          0          0          0       5539   stm32f4xx_can.o
       672         54          0          0          0       7847   stm32f4xx_dma.o
        36         10          0          0          0       1096   stm32f4xx_exti.o
       222          0          0          0          0       2783   stm32f4xx_gpio.o
        20          0          0          0          0     334845   stm32f4xx_it.o
       392         48          0         16          0       5701   stm32f4xx_rcc.o
       964        100          0          0          0       9065   stm32f4xx_tim.o
       680         42          0          0          0       5954   stm32f4xx_usart.o
       392         32          0         20          0     314801   system_stm32f4xx.o
       804        116          0         60        740       8343   tasks.o
       120          4          0          0          0        700   timer.o

    ----------------------------------------------------------------------
     12446        962        460        348       3256     799891   Object Totals
         0          0         32          0          0          0   (incl. Generated)
        34          0          0          9          5          0   (incl. Padding)

    ----------------------------------------------------------------------

      Code (inc. data)   RO Data    RW Data    ZI Data      Debug   Library Member Name

        90          0          0          0          0          0   __dczerorl2.o
         8          0          0          0          0         68   __main.o
         0          0          0          0          0          0   __rtentry.o
        12          0          0          0          0          0   __rtentry2.o
         6          0          0          0          0          0   __rtentry4.o
        52          8          0          0          0          0   __scatter.o
        28          0          0          0          0          0   __scatter_zi.o
        18          0          0          0          0         80   exit.o
         6          0          0          0          0        152   heapauxi.o
         0          0          0          0          0          0   indicate_semi.o
         2          0          0          0          0          0   libinit.o
         6          0          0          0          0          0   libinit2.o
         2          0          0          0          0          0   libshutdown.o
         2          0          0          0          0          0   libshutdown2.o
         8          4          0          0         96         68   libspace.o
         2          0          0          0          0          0   rtexit.o
        10          0          0          0          0          0   rtexit2.o
        12          4          0          0          0         68   sys_exit.o
        74          0          0          0          0         80   sys_stackheap_outer.o
         2          0          0          0          0         68   use_no_semi.o
        10          0          0          0          0        116   fpinit.o

    ----------------------------------------------------------------------
       358         16          0          0        100        700   Library Totals
         8          0          0          0          4          0   (incl. Padding)

    ----------------------------------------------------------------------

      Code (inc. data)   RO Data    RW Data    ZI Data      Debug   Library Name

       340         16          0          0         96        584   c_w.l
        10          0          0          0          0        116   g_wm.l

    ----------------------------------------------------------------------
       358         16          0          0        100        700   Library Totals

    ----------------------------------------------------------------------

==============================================================================


      Code (inc. data)   RO Data    RW Data    ZI Data      Debug   

     12804        978        460        348       3356     787435   Grand Totals
     12804        978        460         80       3356     787435   ELF Image Totals (compressed)
     12804        978        460         80          0          0   ROM Totals

==============================================================================

    Total RO  Size (Code + RO Data)                13264 (  12.95kB)
    Total RW  Size (RW Data + ZI Data)              3704 (   3.62kB)
    Total ROM Size (Code + RO Data + RW Data)      13344 (  13.03kB)

==============================================================================

