<html>
<body>
<pre>
<h1>�Vision Build Log</h1>
<h2>Tool Versions:</h2>
IDE-Version: µVision V5.18.0.0
Copyright (C) 2016 ARM Ltd and ARM Germany GmbH. All rights reserved.
License Information: libizhi bizhi, bizhi, LIC=1WSBS-L8R6N-YBUE9-4HJ1R-FE8BN-18HAC
 
Tool Versions:
Toolchain:       MDK-ARM Professional  Version: 5.18
Toolchain Path:  C:\Keil_v5\ARM\ARMCC\Bin
C Compiler:      Armcc.exe V5.06 update 1 (build 61)
Assembler:       Armasm.exe V5.06 update 1 (build 61)
Linker/Locator:  ArmLink.exe V5.06 update 1 (build 61)
Library Manager: ArmAr.exe V5.06 update 1 (build 61)
Hex Converter:   FromElf.exe V5.06 update 1 (build 61)
CPU DLL:         SARMCM3.DLL V5.18
Dialog DLL:      DARMSTM.DLL V1.65.0.0
Target DLL:      STLink\ST-LINKIII-KEIL_SWO.dll V2.0.18.0
Dialog DLL:      TARMSTM.DLL V1.64.0.0
 
<h2>Project:</h2>
C:\Users\qwe\Desktop\EXE\T_1点光源追踪\T_1_mini_2_adc\USER\ADC.uvprojx
Project File Date:  07/14/2019

<h2>Output:</h2>
*** Using Compiler 'V5.06 update 1 (build 61)', folder: 'C:\Keil_v5\ARM\ARMCC\Bin'
Build target 'Target 1'
compiling stm32f10x_it.c...
compiling system_stm32f10x.c...
compiling main.c...
main.c(13): warning:  #177-D: variable "len" was declared but never referenced
  	u8 len,t;
main.c(13): warning:  #177-D: variable "t" was declared but never referenced
  	u8 len,t;
main.c(14): warning:  #550-D: variable "adcx" was set but never used
  	u16 adcx,times=0;
main.c(14): warning:  #177-D: variable "times" was declared but never referenced
  	u16 adcx,times=0;
main.c: 4 warnings, 0 errors
compiling led.c...
compiling adc.c...
compiling delay.c...
compiling sys.c...
compiling lcd.c...
compiling core_cm3.c...
assembling startup_stm32f10x_hd.s...
compiling usart.c...
compiling stm32f10x_gpio.c...
compiling stm32f10x_usart.c...
compiling stm32f10x_rcc.c...
compiling misc.c...
compiling stm32f10x_adc.c...
linking...
Program Size: Code=29748 RO-data=6456 RW-data=60 ZI-data=1676  
"..\OBJ\ADC.axf" - 0 Error(s), 4 Warning(s).

<h2>Collection of Component include folders:</h2>
  C:\Users\qwe\Desktop\EXE\T_1点光源追踪\T_1_mini_2_adc\USER\RTE
  C:\Keil_v5\ARM\PACK\Keil\STM32F1xx_DFP\1.1.0\Device\Include

<h2>Collection of Component Files used:</h2>
Build Time Elapsed:  00:00:07
</pre>
</body>
</html>
